Archive member included to satisfy reference by file (symbol)

c:/st/stm32cubeide_1.10.1/stm32cubeide/plugins/com.st.stm32cube.ide.mcu.externaltools.gnu-tools-for-stm32.10.3-2021.10.win32_1.0.0.202111181127/tools/bin/../lib/gcc/arm-none-eabi/10.3.1/../../../../arm-none-eabi/lib/thumb/v7e-m+fp/hard\libc_nano.a(lib_a-atoi.o)
                              ./Core/Src/main.o (atoi)
c:/st/stm32cubeide_1.10.1/stm32cubeide/plugins/com.st.stm32cube.ide.mcu.externaltools.gnu-tools-for-stm32.10.3-2021.10.win32_1.0.0.202111181127/tools/bin/../lib/gcc/arm-none-eabi/10.3.1/../../../../arm-none-eabi/lib/thumb/v7e-m+fp/hard\libc_nano.a(lib_a-errno.o)
                              ./Core/Src/syscalls.o (__errno)
c:/st/stm32cubeide_1.10.1/stm32cubeide/plugins/com.st.stm32cube.ide.mcu.externaltools.gnu-tools-for-stm32.10.3-2021.10.win32_1.0.0.202111181127/tools/bin/../lib/gcc/arm-none-eabi/10.3.1/../../../../arm-none-eabi/lib/thumb/v7e-m+fp/hard\libc_nano.a(lib_a-exit.o)
                              c:/st/stm32cubeide_1.10.1/stm32cubeide/plugins/com.st.stm32cube.ide.mcu.externaltools.gnu-tools-for-stm32.10.3-2021.10.win32_1.0.0.202111181127/tools/bin/../lib/gcc/arm-none-eabi/10.3.1/../../../../arm-none-eabi/lib/thumb/v7e-m+fp/hard/crt0.o (exit)
c:/st/stm32cubeide_1.10.1/stm32cubeide/plugins/com.st.stm32cube.ide.mcu.externaltools.gnu-tools-for-stm32.10.3-2021.10.win32_1.0.0.202111181127/tools/bin/../lib/gcc/arm-none-eabi/10.3.1/../../../../arm-none-eabi/lib/thumb/v7e-m+fp/hard\libc_nano.a(lib_a-findfp.o)
                              ./Middlewares/Third_Party/FreeRTOS/Source/tasks.o (__sf_fake_stderr)
c:/st/stm32cubeide_1.10.1/stm32cubeide/plugins/com.st.stm32cube.ide.mcu.externaltools.gnu-tools-for-stm32.10.3-2021.10.win32_1.0.0.202111181127/tools/bin/../lib/gcc/arm-none-eabi/10.3.1/../../../../arm-none-eabi/lib/thumb/v7e-m+fp/hard\libc_nano.a(lib_a-fwalk.o)
                              c:/st/stm32cubeide_1.10.1/stm32cubeide/plugins/com.st.stm32cube.ide.mcu.externaltools.gnu-tools-for-stm32.10.3-2021.10.win32_1.0.0.202111181127/tools/bin/../lib/gcc/arm-none-eabi/10.3.1/../../../../arm-none-eabi/lib/thumb/v7e-m+fp/hard\libc_nano.a(lib_a-findfp.o) (_fwalk)
c:/st/stm32cubeide_1.10.1/stm32cubeide/plugins/com.st.stm32cube.ide.mcu.externaltools.gnu-tools-for-stm32.10.3-2021.10.win32_1.0.0.202111181127/tools/bin/../lib/gcc/arm-none-eabi/10.3.1/../../../../arm-none-eabi/lib/thumb/v7e-m+fp/hard\libc_nano.a(lib_a-impure.o)
                              c:/st/stm32cubeide_1.10.1/stm32cubeide/plugins/com.st.stm32cube.ide.mcu.externaltools.gnu-tools-for-stm32.10.3-2021.10.win32_1.0.0.202111181127/tools/bin/../lib/gcc/arm-none-eabi/10.3.1/../../../../arm-none-eabi/lib/thumb/v7e-m+fp/hard\libc_nano.a(lib_a-exit.o) (_global_impure_ptr)
c:/st/stm32cubeide_1.10.1/stm32cubeide/plugins/com.st.stm32cube.ide.mcu.externaltools.gnu-tools-for-stm32.10.3-2021.10.win32_1.0.0.202111181127/tools/bin/../lib/gcc/arm-none-eabi/10.3.1/../../../../arm-none-eabi/lib/thumb/v7e-m+fp/hard\libc_nano.a(lib_a-init.o)
                              c:/st/stm32cubeide_1.10.1/stm32cubeide/plugins/com.st.stm32cube.ide.mcu.externaltools.gnu-tools-for-stm32.10.3-2021.10.win32_1.0.0.202111181127/tools/bin/../lib/gcc/arm-none-eabi/10.3.1/../../../../arm-none-eabi/lib/thumb/v7e-m+fp/hard/crt0.o (__libc_init_array)
c:/st/stm32cubeide_1.10.1/stm32cubeide/plugins/com.st.stm32cube.ide.mcu.externaltools.gnu-tools-for-stm32.10.3-2021.10.win32_1.0.0.202111181127/tools/bin/../lib/gcc/arm-none-eabi/10.3.1/../../../../arm-none-eabi/lib/thumb/v7e-m+fp/hard\libc_nano.a(lib_a-lock.o)
                              c:/st/stm32cubeide_1.10.1/stm32cubeide/plugins/com.st.stm32cube.ide.mcu.externaltools.gnu-tools-for-stm32.10.3-2021.10.win32_1.0.0.202111181127/tools/bin/../lib/gcc/arm-none-eabi/10.3.1/../../../../arm-none-eabi/lib/thumb/v7e-m+fp/hard\libc_nano.a(lib_a-findfp.o) (__retarget_lock_init_recursive)
c:/st/stm32cubeide_1.10.1/stm32cubeide/plugins/com.st.stm32cube.ide.mcu.externaltools.gnu-tools-for-stm32.10.3-2021.10.win32_1.0.0.202111181127/tools/bin/../lib/gcc/arm-none-eabi/10.3.1/../../../../arm-none-eabi/lib/thumb/v7e-m+fp/hard\libc_nano.a(lib_a-memcpy-stub.o)
                              ./Middlewares/Third_Party/FreeRTOS/Source/CMSIS_RTOS_V2/cmsis_os2.o (memcpy)
c:/st/stm32cubeide_1.10.1/stm32cubeide/plugins/com.st.stm32cube.ide.mcu.externaltools.gnu-tools-for-stm32.10.3-2021.10.win32_1.0.0.202111181127/tools/bin/../lib/gcc/arm-none-eabi/10.3.1/../../../../arm-none-eabi/lib/thumb/v7e-m+fp/hard\libc_nano.a(lib_a-memset.o)
                              c:/st/stm32cubeide_1.10.1/stm32cubeide/plugins/com.st.stm32cube.ide.mcu.externaltools.gnu-tools-for-stm32.10.3-2021.10.win32_1.0.0.202111181127/tools/bin/../lib/gcc/arm-none-eabi/10.3.1/../../../../arm-none-eabi/lib/thumb/v7e-m+fp/hard/crt0.o (memset)
[...]
Memory Configuration

Name             Origin             Length             Attributes
CCMRAM           0x0000000010000000 0x0000000000010000 xrw
RAM              0x0000000020000000 0x0000000000020000 xrw
FLASH            0x0000000008000000 0x0000000000100000 xr
*default*        0x0000000000000000 0xffffffffffffffff

Linker script and memory map

LOAD c:/st/stm32cubeide_1.10.1/stm32cubeide/plugins/com.st.stm32cube.ide.mcu.externaltools.gnu-tools-for-stm32.10.3-2021.10.win32_1.0.0.202111181127/tools/bin/../lib/gcc/arm-none-eabi/10.3.1/thumb/v7e-m+fp/hard/crti.o
LOAD c:/st/stm32cubeide_1.10.1/stm32cubeide/plugins/com.st.stm32cube.ide.mcu.externaltools.gnu-tools-for-stm32.10.3-2021.10.win32_1.0.0.202111181127/tools/bin/../lib/gcc/arm-none-eabi/10.3.1/thumb/v7e-m+fp/hard/crtbegin.o
LOAD c:/st/stm32cubeide_1.10.1/stm32cubeide/plugins/com.st.stm32cube.ide.mcu.externaltools.gnu-tools-for-stm32.10.3-2021.10.win32_1.0.0.202111181127/tools/bin/../lib/gcc/arm-none-eabi/10.3.1/../../../../arm-none-eabi/lib/thumb/v7e-m+fp/hard/crt0.o
LOAD ./Core/Src/FreeRTOS_CLI.o
LOAD ./Core/Src/freertos.o
LOAD ./Core/Src/main.o
LOAD ./Core/Src/stm32f4xx_hal_msp.o
LOAD ./Core/Src/stm32f4xx_hal_timebase_tim.o
LOAD ./Core/Src/stm32f4xx_it.o
LOAD ./Core/Src/syscalls.o
LOAD ./Core/Src/sysmem.o
LOAD ./Core/Src/system_stm32f4xx.o
LOAD ./Core/Startup/startup_stm32f407vgtx.o
LOAD ./Drivers/STM32F4xx_HAL_Driver/Src/stm32f4xx_hal.o
LOAD ./Drivers/STM32F4xx_HAL_Driver/Src/stm32f4xx_hal_cortex.o
LOAD ./Drivers/STM32F4xx_HAL_Driver/Src/stm32f4xx_hal_dma.o
LOAD ./Drivers/STM32F4xx_HAL_Driver/Src/stm32f4xx_hal_dma_ex.o
LOAD ./Drivers/STM32F4xx_HAL_Driver/Src/stm32f4xx_hal_exti.o
LOAD ./Drivers/STM32F4xx_HAL_Driver/Src/stm32f4xx_hal_flash.o
LOAD ./Drivers/STM32F4xx_HAL_Driver/Src/stm32f4xx_hal_flash_ex.o
LOAD ./Drivers/STM32F4xx_HAL_Driver/Src/stm32f4xx_hal_flash_ramfunc.o
LOAD ./Drivers/STM32F4xx_HAL_Driver/Src/stm32f4xx_hal_gpio.o
LOAD ./Drivers/STM32F4xx_HAL_Driver/Src/stm32f4xx_hal_pcd.o
LOAD ./Drivers/STM32F4xx_HAL_Driver/Src/stm32f4xx_hal_pcd_ex.o
LOAD ./Drivers/STM32F4xx_HAL_Driver/Src/stm32f4xx_hal_pwr.o
LOAD ./Drivers/STM32F4xx_HAL_Driver/Src/stm32f4xx_hal_pwr_ex.o
LOAD ./Drivers/STM32F4xx_HAL_Driver/Src/stm32f4xx_hal_rcc.o
LOAD ./Drivers/STM32F4xx_HAL_Driver/Src/stm32f4xx_hal_rcc_ex.o
LOAD ./Drivers/STM32F4xx_HAL_Driver/Src/stm32f4xx_hal_tim.o
LOAD ./Drivers/STM32F4xx_HAL_Driver/Src/stm32f4xx_hal_tim_ex.o
LOAD ./Drivers/STM32F4xx_HAL_Driver/Src/stm32f4xx_ll_usb.o
LOAD ./Middlewares/ST/STM32_USB_Device_Library/Class/CDC/Src/usbd_cdc.o
LOAD ./Middlewares/ST/STM32_USB_Device_Library/Core/Src/usbd_core.o
LOAD ./Middlewares/ST/STM32_USB_Device_Library/Core/Src/usbd_ctlreq.o
LOAD ./Middlewares/ST/STM32_USB_Device_Library/Core/Src/usbd_ioreq.o
LOAD ./Middlewares/Third_Party/FreeRTOS/Source/CMSIS_RTOS_V2/cmsis_os2.o
LOAD ./Middlewares/Third_Party/FreeRTOS/Source/croutine.o
LOAD ./Middlewares/Third_Party/FreeRTOS/Source/event_groups.o
LOAD ./Middlewares/Third_Party/FreeRTOS/Source/list.o
LOAD ./Middlewares/Third_Party/FreeRTOS/Source/queue.o
LOAD ./Middlewares/Third_Party/FreeRTOS/Source/stream_buffer.o
LOAD ./Middlewares/Third_Party/FreeRTOS/Source/tasks.o
LOAD ./Middlewares/Third_Party/FreeRTOS/Source/timers.o
LOAD ./Middlewares/Third_Party/FreeRTOS/Source/portable/GCC/ARM_CM4F/port.o
LOAD ./Middlewares/Third_Party/FreeRTOS/Source/portable/MemMang/heap_4.o
LOAD ./USB_DEVICE/App/usb_device.o
LOAD ./USB_DEVICE/App/usbd_cdc_if.o
LOAD ./USB_DEVICE/App/usbd_desc.o
LOAD ./USB_DEVICE/Target/usbd_conf.o
START GROUP
LOAD c:/st/stm32cubeide_1.10.1/stm32cubeide/plugins/com.st.stm32cube.ide.mcu.externaltools.gnu-tools-for-stm32.10.3-2021.10.win32_1.0.0.202111181127/tools/bin/../lib/gcc/arm-none-eabi/10.3.1/../../../../arm-none-eabi/lib/thumb/v7e-m+fp/hard\libc_nano.a
LOAD c:/st/stm32cubeide_1.10.1/stm32cubeide/plugins/com.st.stm32cube.ide.mcu.externaltools.gnu-tools-for-stm32.10.3-2021.10.win32_1.0.0.202111181127/tools/bin/../lib/gcc/arm-none-eabi/10.3.1/../../../../arm-none-eabi/lib/thumb/v7e-m+fp/hard\libm.a
END GROUP
START GROUP
LOAD c:/st/stm32cubeide_1.10.1/stm32cubeide/plugins/com.st.stm32cube.ide.mcu.externaltools.gnu-tools-for-stm32.10.3-2021.10.win32_1.0.0.202111181127/tools/bin/../lib/gcc/arm-none-eabi/10.3.1/thumb/v7e-m+fp/hard\libgcc.a
LOAD c:/st/stm32cubeide_1.10.1/stm32cubeide/plugins/com.st.stm32cube.ide.mcu.externaltools.gnu-tools-for-stm32.10.3-2021.10.win32_1.0.0.202111181127/tools/bin/../lib/gcc/arm-none-eabi/10.3.1/../../../../arm-none-eabi/lib/thumb/v7e-m+fp/hard\libc_nano.a
END GROUP
START GROUP
LOAD c:/st/stm32cubeide_1.10.1/stm32cubeide/plugins/com.st.stm32cube.ide.mcu.externaltools.gnu-tools-for-stm32.10.3-2021.10.win32_1.0.0.202111181127/tools/bin/../lib/gcc/arm-none-eabi/10.3.1/thumb/v7e-m+fp/hard\libgcc.a
LOAD c:/st/stm32cubeide_1.10.1/stm32cubeide/plugins/com.st.stm32cube.ide.mcu.externaltools.gnu-tools-for-stm32.10.3-2021.10.win32_1.0.0.202111181127/tools/bin/../lib/gcc/arm-none-eabi/10.3.1/../../../../arm-none-eabi/lib/thumb/v7e-m+fp/hard\libc_nano.a
LOAD c:/st/stm32cubeide_1.10.1/stm32cubeide/plugins/com.st.stm32cube.ide.mcu.externaltools.gnu-tools-for-stm32.10.3-2021.10.win32_1.0.0.202111181127/tools/bin/../lib/gcc/arm-none-eabi/10.3.1/../../../../arm-none-eabi/lib/thumb/v7e-m+fp/hard\libnosys.a
END GROUP
START GROUP
LOAD c:/st/stm32cubeide_1.10.1/stm32cubeide/plugins/com.st.stm32cube.ide.mcu.externaltools.gnu-tools-for-stm32.10.3-2021.10.win32_1.0.0.202111181127/tools/bin/../lib/gcc/arm-none-eabi/10.3.1/thumb/v7e-m+fp/hard\libgcc.a
LOAD c:/st/stm32cubeide_1.10.1/stm32cubeide/plugins/com.st.stm32cube.ide.mcu.externaltools.gnu-tools-for-stm32.10.3-2021.10.win32_1.0.0.202111181127/tools/bin/../lib/gcc/arm-none-eabi/10.3.1/../../../../arm-none-eabi/lib/thumb/v7e-m+fp/hard\libc_nano.a
LOAD c:/st/stm32cubeide_1.10.1/stm32cubeide/plugins/com.st.stm32cube.ide.mcu.externaltools.gnu-tools-for-stm32.10.3-2021.10.win32_1.0.0.202111181127/tools/bin/../lib/gcc/arm-none-eabi/10.3.1/../../../../arm-none-eabi/lib/thumb/v7e-m+fp/hard\libnosys.a
END GROUP
LOAD c:/st/stm32cubeide_1.10.1/stm32cubeide/plugins/com.st.stm32cube.ide.mcu.externaltools.gnu-tools-for-stm32.10.3-2021.10.win32_1.0.0.202111181127/tools/bin/../lib/gcc/arm-none-eabi/10.3.1/thumb/v7e-m+fp/hard/crtend.o
LOAD c:/st/stm32cubeide_1.10.1/stm32cubeide/plugins/com.st.stm32cube.ide.mcu.externaltools.gnu-tools-for-stm32.10.3-2021.10.win32_1.0.0.202111181127/tools/bin/../lib/gcc/arm-none-eabi/10.3.1/thumb/v7e-m+fp/hard/crtn.o
                0x0000000020020000                _estack = (ORIGIN (RAM) + LENGTH (RAM))
                0x0000000000000200                _Min_Heap_Size = 0x200
                0x0000000000000400                _Min_Stack_Size = 0x400

.isr_vector     0x0000000008000000      0x188
                0x0000000008000000                . = ALIGN (0x4)
 *(.isr_vector)
 .isr_vector    0x0000000008000000      0x188 ./Core/Startup/startup_stm32f407vgtx.o
                0x0000000008000000                g_pfnVectors
                0x0000000008000188                . = ALIGN (0x4)

.text           0x0000000008000190     0xfd8c
                0x0000000008000190                . = ALIGN (0x4)
 *(.text)
 .text          0x0000000008000190       0x40 c:/st/stm32cubeide_1.10.1/stm32cubeide/plugins/com.st.stm32cube.ide.mcu.externaltools.gnu-tools-for-stm32.10.3-2021.10.win32_1.0.0.202111181127/tools/bin/../lib/gcc/arm-none-eabi/10.3.1/thumb/v7e-m+fp/hard/crtbegin.o
 .text          0x00000000080001d0       0x14 c:/st/stm32cubeide_1.10.1/stm32cubeide/plugins/com.st.stm32cube.ide.mcu.externaltools.gnu-tools-for-stm32.10.3-2021.10.win32_1.0.0.202111181127/tools/bin/../lib/gcc/arm-none-eabi/10.3.1/../../../../arm-none-eabi/lib/thumb/v7e-m+fp/hard\libc_nano.a(lib_a-strcmp.o)
                0x00000000080001d0                strcmp
 .text          0x00000000080001e4       0x10 c:/st/stm32cubeide_1.10.1/stm32cubeide/plugins/com.st.stm32cube.ide.mcu.externaltools.gnu-tools-for-stm32.10.3-2021.10.win32_1.0.0.202111181127/tools/bin/../lib/gcc/arm-none-eabi/10.3.1/../../../../arm-none-eabi/lib/thumb/v7e-m+fp/hard\libc_nano.a(lib_a-strlen.o)
                0x00000000080001e4                strlen
 *fill*         0x00000000080001f4        0xc 
 .text          0x0000000008000200       0xa0 c:/st/stm32cubeide_1.10.1/stm32cubeide/plugins/com.st.stm32cube.ide.mcu.externaltools.gnu-tools-for-stm32.10.3-2021.10.win32_1.0.0.202111181127/tools/bin/../lib/gcc/arm-none-eabi/10.3.1/../../../../arm-none-eabi/lib/thumb/v7e-m+fp/hard\libc_nano.a(lib_a-memchr.o)
                0x0000000008000200                memchr
 .text          0x00000000080002a0      0x378 c:/st/stm32cubeide_1.10.1/stm32cubeide/plugins/com.st.stm32cube.ide.mcu.externaltools.gnu-tools-for-stm32.10.3-2021.10.win32_1.0.0.202111181127/tools/bin/../lib/gcc/arm-none-eabi/10.3.1/thumb/v7e-m+fp/hard\libgcc.a(_arm_addsubdf3.o)
                0x00000000080002a0                __aeabi_drsub
                0x00000000080002a8                __aeabi_dsub
                0x00000000080002a8                __subdf3
                0x00000000080002ac                __aeabi_dadd
                0x00000000080002ac                __adddf3
                0x0000000008000524                __floatunsidf
                0x0000000008000524                __aeabi_ui2d
                0x0000000008000544                __floatsidf
                0x0000000008000544                __aeabi_i2d
                0x0000000008000568                __aeabi_f2d
                0x0000000008000568                __extendsfdf2
                0x00000000080005ac                __floatundidf
                0x00000000080005ac                __aeabi_ul2d
                0x00000000080005bc                __floatdidf
                0x00000000080005bc                __aeabi_l2d
 .text          0x0000000008000618      0x424 c:/st/stm32cubeide_1.10.1/stm32cubeide/plugins/com.st.stm32cube.ide.mcu.externaltools.gnu-tools-for-stm32.10.3-2021.10.win32_1.0.0.202111181127/tools/bin/../lib/gcc/arm-none-eabi/10.3.1/thumb/v7e-m+fp/hard\libgcc.a(_arm_muldivdf3.o)
                0x0000000008000618                __aeabi_dmul
                0x0000000008000618                __muldf3
                0x000000000800086c                __divdf3
                0x000000000800086c                __aeabi_ddiv
 .text          0x0000000008000a3c      0x110 c:/st/stm32cubeide_1.10.1/stm32cubeide/plugins/com.st.stm32cube.ide.mcu.externaltools.gnu-tools-for-stm32.10.3-2021.10.win32_1.0.0.202111181127/tools/bin/../lib/gcc/arm-none-eabi/10.3.1/thumb/v7e-m+fp/hard\libgcc.a(_arm_cmpdf2.o)
                0x0000000008000a3c                __gtdf2
                0x0000000008000a3c                __gedf2
                0x0000000008000a44                __ltdf2
                0x0000000008000a44                __ledf2
                0x0000000008000a4c                __nedf2
                0x0000000008000a4c                __eqdf2
                0x0000000008000a4c                __cmpdf2
                0x0000000008000ac8                __aeabi_cdrcmple
                0x0000000008000ad8                __aeabi_cdcmpeq
                0x0000000008000ad8                __aeabi_cdcmple
                0x0000000008000ae8                __aeabi_dcmpeq
                0x0000000008000afc                __aeabi_dcmplt
                0x0000000008000b10                __aeabi_dcmple
                0x0000000008000b24                __aeabi_dcmpge
                0x0000000008000b38                __aeabi_dcmpgt
 .text          0x0000000008000b4c       0x2c c:/st/stm32cubeide_1.10.1/stm32cubeide/plugins/com.st.stm32cube.ide.mcu.externaltools.gnu-tools-for-stm32.10.3-2021.10.win32_1.0.0.202111181127/tools/bin/../lib/gcc/arm-none-eabi/10.3.1/thumb/v7e-m+fp/hard\libgcc.a(_arm_unorddf2.o)
                0x0000000008000b4c                __unorddf2
                0x0000000008000b4c                __aeabi_dcmpun
 .text          0x0000000008000b78       0x50 c:/st/stm32cubeide_1.10.1/stm32cubeide/plugins/com.st.stm32cube.ide.mcu.externaltools.gnu-tools-for-stm32.10.3-2021.10.win32_1.0.0.202111181127/tools/bin/../lib/gcc/arm-none-eabi/10.3.1/thumb/v7e-m+fp/hard\libgcc.a(_arm_fixdfsi.o)
                0x0000000008000b78                __aeabi_d2iz
                0x0000000008000b78                __fixdfsi
 .text          0x0000000008000bc8       0x30 c:/st/stm32cubeide_1.10.1/stm32cubeide/plugins/com.st.stm32cube.ide.mcu.externaltools.gnu-tools-for-stm32.10.3-2021.10.win32_1.0.0.202111181127/tools/bin/../lib/gcc/arm-none-eabi/10.3.1/thumb/v7e-m+fp/hard\libgcc.a(_aeabi_uldivmod.o)
                0x0000000008000bc8                __aeabi_uldivmod
 .text          0x0000000008000bf8      0x2d0 c:/st/stm32cubeide_1.10.1/stm32cubeide/plugins/com.st.stm32cube.ide.mcu.externaltools.gnu-tools-for-stm32.10.3-2021.10.win32_1.0.0.202111181127/tools/bin/../lib/gcc/arm-none-eabi/10.3.1/thumb/v7e-m+fp/hard\libgcc.a(_udivmoddi4.o)
                0x0000000008000bf8                __udivmoddi4
 .text          0x0000000008000ec8        0x4 c:/st/stm32cubeide_1.10.1/stm32cubeide/plugins/com.st.stm32cube.ide.mcu.externaltools.gnu-tools-for-stm32.10.3-2021.10.win32_1.0.0.202111181127/tools/bin/../lib/gcc/arm-none-eabi/10.3.1/thumb/v7e-m+fp/hard\libgcc.a(_dvmd_tls.o)
                0x0000000008000ec8                __aeabi_idiv0
                0x0000000008000ec8                __aeabi_ldiv0
 *(.text*)
 .text.FreeRTOS_CLIRegisterCommand
                0x0000000008000ecc       0x88 ./Core/Src/FreeRTOS_CLI.o
                0x0000000008000ecc                FreeRTOS_CLIRegisterCommand
 .text.FreeRTOS_CLIProcessCommand
                0x0000000008000f54      0x10c ./Core/Src/FreeRTOS_CLI.o
                0x0000000008000f54                FreeRTOS_CLIProcessCommand
 .text.FreeRTOS_CLIGetParameter
                0x0000000008001060       0xb2 ./Core/Src/FreeRTOS_CLI.o
                0x0000000008001060                FreeRTOS_CLIGetParameter
 *fill*         0x0000000008001112        0x2 
 .text.prvHelpCommand
                0x0000000008001114       0x5c ./Core/Src/FreeRTOS_CLI.o
 .text.prvGetNumberOfParameters
                0x0000000008001170       0x66 ./Core/Src/FreeRTOS_CLI.o
 .text.task_led
                0x00000000080011d6       0x38 ./Core/Src/main.o
                0x00000000080011d6                task_led
 .text.task_print
                0x000000000800120e       0x30 ./Core/Src/main.o
                0x000000000800120e                task_print
 .text.prvTaskStatsCommand
                0x000000000800123e       0x1c ./Core/Src/main.o
 *fill*         0x000000000800125a        0x2 
 .text.prvLedCommand
                0x000000000800125c      0x2dc ./Core/Src/main.o
 .text.prvTaskStatsTexto
                0x0000000008001538       0x50 ./Core/Src/main.o
 .text.main     0x0000000008001588       0xc4 ./Core/Src/main.o
                0x0000000008001588                main
 .text.SystemClock_Config
                0x000000000800164c       0xd4 ./Core/Src/main.o
                0x000000000800164c                SystemClock_Config
 .text.MX_GPIO_Init
                0x0000000008001720       0xa4 ./Core/Src/main.o
 .text.StartDefaultTask
                0x00000000080017c4      0x174 ./Core/Src/main.o
                0x00000000080017c4                StartDefaultTask
 .text.HAL_TIM_PeriodElapsedCallback
                0x0000000008001938       0x24 ./Core/Src/main.o
                0x0000000008001938                HAL_TIM_PeriodElapsedCallback
 .text.Error_Handler
                0x000000000800195c        0xa ./Core/Src/main.o
                0x000000000800195c                Error_Handler
 *fill*         0x0000000008001966        0x2 
 .text.HAL_MspInit
                0x0000000008001968       0x58 ./Core/Src/stm32f4xx_hal_msp.o
                0x0000000008001968                HAL_MspInit
 .text.HAL_InitTick
                0x00000000080019c0       0xe8 ./Core/Src/stm32f4xx_hal_timebase_tim.o
                0x00000000080019c0                HAL_InitTick
 .text.NMI_Handler
                0x0000000008001aa8        0x6 ./Core/Src/stm32f4xx_it.o
                0x0000000008001aa8                NMI_Handler
 .text.HardFault_Handler
                0x0000000008001aae        0x6 ./Core/Src/stm32f4xx_it.o
                0x0000000008001aae                HardFault_Handler
 .text.MemManage_Handler
                0x0000000008001ab4        0x6 ./Core/Src/stm32f4xx_it.o
                0x0000000008001ab4                MemManage_Handler
 .text.BusFault_Handler
                0x0000000008001aba        0x6 ./Core/Src/stm32f4xx_it.o
                0x0000000008001aba                BusFault_Handler
 .text.UsageFault_Handler
                0x0000000008001ac0        0x6 ./Core/Src/stm32f4xx_it.o
                0x0000000008001ac0                UsageFault_Handler
 .text.DebugMon_Handler
                0x0000000008001ac6        0xe ./Core/Src/stm32f4xx_it.o
                0x0000000008001ac6                DebugMon_Handler
 .text.TIM1_UP_TIM10_IRQHandler
                0x0000000008001ad4       0x14 ./Core/Src/stm32f4xx_it.o
                0x0000000008001ad4                TIM1_UP_TIM10_IRQHandler
 .text.OTG_FS_IRQHandler
                0x0000000008001ae8       0x14 ./Core/Src/stm32f4xx_it.o
                0x0000000008001ae8                OTG_FS_IRQHandler
 .text._getpid  0x0000000008001afc       0x10 ./Core/Src/syscalls.o
                0x0000000008001afc                _getpid
 .text._kill    0x0000000008001b0c       0x20 ./Core/Src/syscalls.o
                0x0000000008001b0c                _kill
 .text._exit    0x0000000008001b2c       0x14 ./Core/Src/syscalls.o
                0x0000000008001b2c                _exit
 .text._read    0x0000000008001b40       0x3a ./Core/Src/syscalls.o
                0x0000000008001b40                _read
 .text._write   0x0000000008001b7a       0x38 ./Core/Src/syscalls.o
                0x0000000008001b7a                _write
 .text._close   0x0000000008001bb2       0x18 ./Core/Src/syscalls.o
                0x0000000008001bb2                _close
 .text._fstat   0x0000000008001bca       0x20 ./Core/Src/syscalls.o
                0x0000000008001bca                _fstat
 .text._isatty  0x0000000008001bea       0x16 ./Core/Src/syscalls.o
                0x0000000008001bea                _isatty
 .text._lseek   0x0000000008001c00       0x1a ./Core/Src/syscalls.o
                0x0000000008001c00                _lseek
 *fill*         0x0000000008001c1a        0x2 
 .text._sbrk    0x0000000008001c1c       0x6c ./Core/Src/sysmem.o
                0x0000000008001c1c                _sbrk
 .text.SystemInit
                0x0000000008001c88       0x24 ./Core/Src/system_stm32f4xx.o
                0x0000000008001c88                SystemInit
 .text.Reset_Handler
                0x0000000008001cac       0x50 ./Core/Startup/startup_stm32f407vgtx.o
                0x0000000008001cac                Reset_Handler
 .text.Default_Handler
                0x0000000008001cfc        0x2 ./Core/Startup/startup_stm32f407vgtx.o
                0x0000000008001cfc                RTC_Alarm_IRQHandler
                0x0000000008001cfc                HASH_RNG_IRQHandler
                0x0000000008001cfc                EXTI2_IRQHandler
                0x0000000008001cfc                TIM8_CC_IRQHandler
                0x0000000008001cfc                TIM1_CC_IRQHandler
                0x0000000008001cfc                DMA2_Stream5_IRQHandler
                0x0000000008001cfc                DMA1_Stream5_IRQHandler
                0x0000000008001cfc                PVD_IRQHandler
                0x0000000008001cfc                SDIO_IRQHandler
                0x0000000008001cfc                TAMP_STAMP_IRQHandler
                0x0000000008001cfc                CAN2_RX1_IRQHandler
                0x0000000008001cfc                EXTI3_IRQHandler
                0x0000000008001cfc                TIM8_TRG_COM_TIM14_IRQHandler
                0x0000000008001cfc                TIM8_UP_TIM13_IRQHandler
                0x0000000008001cfc                I2C3_ER_IRQHandler
                0x0000000008001cfc                EXTI0_IRQHandler
                0x0000000008001cfc                I2C2_EV_IRQHandler
                0x0000000008001cfc                DMA1_Stream2_IRQHandler
                0x0000000008001cfc                CAN1_RX0_IRQHandler
                0x0000000008001cfc                FPU_IRQHandler
                0x0000000008001cfc                OTG_HS_WKUP_IRQHandler
                0x0000000008001cfc                CAN2_SCE_IRQHandler
                0x0000000008001cfc                DMA2_Stream2_IRQHandler
                0x0000000008001cfc                SPI1_IRQHandler
                0x0000000008001cfc                TIM6_DAC_IRQHandler
                0x0000000008001cfc                TIM1_BRK_TIM9_IRQHandler
                0x0000000008001cfc                DCMI_IRQHandler
                0x0000000008001cfc                CAN2_RX0_IRQHandler
                0x0000000008001cfc                DMA2_Stream3_IRQHandler
                0x0000000008001cfc                USART6_IRQHandler
                0x0000000008001cfc                USART3_IRQHandler
                0x0000000008001cfc                CAN1_RX1_IRQHandler
                0x0000000008001cfc                UART5_IRQHandler
                0x0000000008001cfc                DMA2_Stream0_IRQHandler
                0x0000000008001cfc                TIM4_IRQHandler
                0x0000000008001cfc                I2C1_EV_IRQHandler
                0x0000000008001cfc                DMA1_Stream6_IRQHandler
                0x0000000008001cfc                DMA1_Stream1_IRQHandler
                0x0000000008001cfc                UART4_IRQHandler
                0x0000000008001cfc                TIM3_IRQHandler
                0x0000000008001cfc                RCC_IRQHandler
                0x0000000008001cfc                TIM8_BRK_TIM12_IRQHandler
                0x0000000008001cfc                Default_Handler
                0x0000000008001cfc                EXTI15_10_IRQHandler
                0x0000000008001cfc                ADC_IRQHandler
                0x0000000008001cfc                DMA1_Stream7_IRQHandler
                0x0000000008001cfc                TIM7_IRQHandler
                0x0000000008001cfc                CAN2_TX_IRQHandler
                0x0000000008001cfc                TIM5_IRQHandler
                0x0000000008001cfc                DMA2_Stream7_IRQHandler
                0x0000000008001cfc                I2C3_EV_IRQHandler
                0x0000000008001cfc                EXTI9_5_IRQHandler
                0x0000000008001cfc                RTC_WKUP_IRQHandler
                0x0000000008001cfc                ETH_WKUP_IRQHandler
                0x0000000008001cfc                SPI2_IRQHandler
                0x0000000008001cfc                OTG_HS_EP1_IN_IRQHandler
                0x0000000008001cfc                DMA1_Stream0_IRQHandler
                0x0000000008001cfc                CAN1_TX_IRQHandler
                0x0000000008001cfc                EXTI4_IRQHandler
                0x0000000008001cfc                FSMC_IRQHandler
                0x0000000008001cfc                ETH_IRQHandler
                0x0000000008001cfc                OTG_HS_EP1_OUT_IRQHandler
                0x0000000008001cfc                WWDG_IRQHandler
                0x0000000008001cfc                TIM2_IRQHandler
                0x0000000008001cfc                OTG_FS_WKUP_IRQHandler
                0x0000000008001cfc                TIM1_TRG_COM_TIM11_IRQHandler
                0x0000000008001cfc                OTG_HS_IRQHandler
                0x0000000008001cfc                EXTI1_IRQHandler
                0x0000000008001cfc                USART2_IRQHandler
                0x0000000008001cfc                I2C2_ER_IRQHandler
                0x0000000008001cfc                DMA2_Stream1_IRQHandler
                0x0000000008001cfc                CAN1_SCE_IRQHandler
                0x0000000008001cfc                FLASH_IRQHandler
                0x0000000008001cfc                DMA2_Stream4_IRQHandler
                0x0000000008001cfc                USART1_IRQHandler
                0x0000000008001cfc                SPI3_IRQHandler
                0x0000000008001cfc                DMA1_Stream4_IRQHandler
                0x0000000008001cfc                I2C1_ER_IRQHandler
                0x0000000008001cfc                DMA2_Stream6_IRQHandler
                0x0000000008001cfc                DMA1_Stream3_IRQHandler
 *fill*         0x0000000008001cfe        0x2 
 .text.HAL_Init
                0x0000000008001d00       0x44 ./Drivers/STM32F4xx_HAL_Driver/Src/stm32f4xx_hal.o
                0x0000000008001d00                HAL_Init
 .text.HAL_IncTick
                0x0000000008001d44       0x28 ./Drivers/STM32F4xx_HAL_Driver/Src/stm32f4xx_hal.o
                0x0000000008001d44                HAL_IncTick
 .text.HAL_GetTick
                0x0000000008001d6c       0x18 ./Drivers/STM32F4xx_HAL_Driver/Src/stm32f4xx_hal.o
                0x0000000008001d6c                HAL_GetTick
 .text.HAL_Delay
                0x0000000008001d84       0x48 ./Drivers/STM32F4xx_HAL_Driver/Src/stm32f4xx_hal.o
                0x0000000008001d84                HAL_Delay
 .text.__NVIC_SetPriorityGrouping
                0x0000000008001dcc       0x48 ./Drivers/STM32F4xx_HAL_Driver/Src/stm32f4xx_hal_cortex.o
 .text.__NVIC_GetPriorityGrouping
                0x0000000008001e14       0x1c ./Drivers/STM32F4xx_HAL_Driver/Src/stm32f4xx_hal_cortex.o
 .text.__NVIC_EnableIRQ
                0x0000000008001e30       0x3c ./Drivers/STM32F4xx_HAL_Driver/Src/stm32f4xx_hal_cortex.o
 .text.__NVIC_SetPriority
                0x0000000008001e6c       0x54 ./Drivers/STM32F4xx_HAL_Driver/Src/stm32f4xx_hal_cortex.o
 .text.NVIC_EncodePriority
                0x0000000008001ec0       0x66 ./Drivers/STM32F4xx_HAL_Driver/Src/stm32f4xx_hal_cortex.o
 .text.HAL_NVIC_SetPriorityGrouping
                0x0000000008001f26       0x16 ./Drivers/STM32F4xx_HAL_Driver/Src/stm32f4xx_hal_cortex.o
                0x0000000008001f26                HAL_NVIC_SetPriorityGrouping
 .text.HAL_NVIC_SetPriority
                0x0000000008001f3c       0x38 ./Drivers/STM32F4xx_HAL_Driver/Src/stm32f4xx_hal_cortex.o
                0x0000000008001f3c                HAL_NVIC_SetPriority
 .text.HAL_NVIC_EnableIRQ
                0x0000000008001f74       0x1c ./Drivers/STM32F4xx_HAL_Driver/Src/stm32f4xx_hal_cortex.o
                0x0000000008001f74                HAL_NVIC_EnableIRQ
 .text.HAL_GPIO_Init
                0x0000000008001f90      0x338 ./Drivers/STM32F4xx_HAL_Driver/Src/stm32f4xx_hal_gpio.o
                0x0000000008001f90                HAL_GPIO_Init
 .text.HAL_GPIO_ReadPin
                0x00000000080022c8       0x30 ./Drivers/STM32F4xx_HAL_Driver/Src/stm32f4xx_hal_gpio.o
                0x00000000080022c8                HAL_GPIO_ReadPin
 .text.HAL_GPIO_WritePin
                0x00000000080022f8       0x32 ./Drivers/STM32F4xx_HAL_Driver/Src/stm32f4xx_hal_gpio.o
                0x00000000080022f8                HAL_GPIO_WritePin
 .text.HAL_GPIO_TogglePin
                0x000000000800232a       0x34 ./Drivers/STM32F4xx_HAL_Driver/Src/stm32f4xx_hal_gpio.o
                0x000000000800232a                HAL_GPIO_TogglePin
 .text.HAL_PCD_Init
                0x000000000800235e      0x23a ./Drivers/STM32F4xx_HAL_Driver/Src/stm32f4xx_hal_pcd.o
                0x000000000800235e                HAL_PCD_Init
 .text.HAL_PCD_Start
                0x0000000008002598       0x66 ./Drivers/STM32F4xx_HAL_Driver/Src/stm32f4xx_hal_pcd.o
                0x0000000008002598                HAL_PCD_Start
 .text.HAL_PCD_IRQHandler
                0x00000000080025fe      0x93e ./Drivers/STM32F4xx_HAL_Driver/Src/stm32f4xx_hal_pcd.o
                0x00000000080025fe                HAL_PCD_IRQHandler
 .text.HAL_PCD_SetAddress
                0x0000000008002f3c       0x4a ./Drivers/STM32F4xx_HAL_Driver/Src/stm32f4xx_hal_pcd.o
                0x0000000008002f3c                HAL_PCD_SetAddress
 .text.HAL_PCD_EP_Open
                0x0000000008002f86       0xd0 ./Drivers/STM32F4xx_HAL_Driver/Src/stm32f4xx_hal_pcd.o
                0x0000000008002f86                HAL_PCD_EP_Open
 .text.HAL_PCD_EP_Close
                0x0000000008003056       0x94 ./Drivers/STM32F4xx_HAL_Driver/Src/stm32f4xx_hal_pcd.o
                0x0000000008003056                HAL_PCD_EP_Close
 .text.HAL_PCD_EP_Receive
                0x00000000080030ea       0x96 ./Drivers/STM32F4xx_HAL_Driver/Src/stm32f4xx_hal_pcd.o
                0x00000000080030ea                HAL_PCD_EP_Receive
 .text.HAL_PCD_EP_GetRxCount
                0x0000000008003180       0x30 ./Drivers/STM32F4xx_HAL_Driver/Src/stm32f4xx_hal_pcd.o
                0x0000000008003180                HAL_PCD_EP_GetRxCount
 .text.HAL_PCD_EP_Transmit
                0x00000000080031b0       0x94 ./Drivers/STM32F4xx_HAL_Driver/Src/stm32f4xx_hal_pcd.o
                0x00000000080031b0                HAL_PCD_EP_Transmit
 .text.HAL_PCD_EP_SetStall
                0x0000000008003244       0xc8 ./Drivers/STM32F4xx_HAL_Driver/Src/stm32f4xx_hal_pcd.o
                0x0000000008003244                HAL_PCD_EP_SetStall
 .text.HAL_PCD_EP_ClrStall
                0x000000000800330c       0xac ./Drivers/STM32F4xx_HAL_Driver/Src/stm32f4xx_hal_pcd.o
                0x000000000800330c                HAL_PCD_EP_ClrStall
 .text.HAL_PCD_EP_Abort
                0x00000000080033b8       0x62 ./Drivers/STM32F4xx_HAL_Driver/Src/stm32f4xx_hal_pcd.o
                0x00000000080033b8                HAL_PCD_EP_Abort
 .text.PCD_WriteEmptyTxFifo
                0x000000000800341a      0x11a ./Drivers/STM32F4xx_HAL_Driver/Src/stm32f4xx_hal_pcd.o
 .text.PCD_EP_OutXfrComplete_int
                0x0000000008003534      0x1d0 ./Drivers/STM32F4xx_HAL_Driver/Src/stm32f4xx_hal_pcd.o
 .text.PCD_EP_OutSetupPacket_int
                0x0000000008003704       0x8c ./Drivers/STM32F4xx_HAL_Driver/Src/stm32f4xx_hal_pcd.o
 .text.HAL_PCDEx_SetTxFiFo
                0x0000000008003790       0x8e ./Drivers/STM32F4xx_HAL_Driver/Src/stm32f4xx_hal_pcd_ex.o
                0x0000000008003790                HAL_PCDEx_SetTxFiFo
 .text.HAL_PCDEx_SetRxFiFo
                0x000000000800381e       0x22 ./Drivers/STM32F4xx_HAL_Driver/Src/stm32f4xx_hal_pcd_ex.o
                0x000000000800381e                HAL_PCDEx_SetRxFiFo
 .text.HAL_PCDEx_LPM_Callback
                0x0000000008003840       0x18 ./Drivers/STM32F4xx_HAL_Driver/Src/stm32f4xx_hal_pcd_ex.o
                0x0000000008003840                HAL_PCDEx_LPM_Callback
 .text.HAL_RCC_OscConfig
                0x0000000008003858      0x4f0 ./Drivers/STM32F4xx_HAL_Driver/Src/stm32f4xx_hal_rcc.o
                0x0000000008003858                HAL_RCC_OscConfig
 .text.HAL_RCC_ClockConfig
                0x0000000008003d48      0x1cc ./Drivers/STM32F4xx_HAL_Driver/Src/stm32f4xx_hal_rcc.o
                0x0000000008003d48                HAL_RCC_ClockConfig
 .text.HAL_RCC_GetSysClockFreq
                0x0000000008003f14      0x20c ./Drivers/STM32F4xx_HAL_Driver/Src/stm32f4xx_hal_rcc.o
                0x0000000008003f14                HAL_RCC_GetSysClockFreq
 .text.HAL_RCC_GetHCLKFreq
                0x0000000008004120       0x18 ./Drivers/STM32F4xx_HAL_Driver/Src/stm32f4xx_hal_rcc.o
                0x0000000008004120                HAL_RCC_GetHCLKFreq
 .text.HAL_RCC_GetPCLK2Freq
                0x0000000008004138       0x28 ./Drivers/STM32F4xx_HAL_Driver/Src/stm32f4xx_hal_rcc.o
                0x0000000008004138                HAL_RCC_GetPCLK2Freq
 .text.HAL_RCC_GetClockConfig
                0x0000000008004160       0x64 ./Drivers/STM32F4xx_HAL_Driver/Src/stm32f4xx_hal_rcc.o
                0x0000000008004160                HAL_RCC_GetClockConfig
 .text.HAL_TIM_Base_Init
                0x00000000080041c4       0x9e ./Drivers/STM32F4xx_HAL_Driver/Src/stm32f4xx_hal_tim.o
                0x00000000080041c4                HAL_TIM_Base_Init
 .text.HAL_TIM_Base_MspInit
                0x0000000008004262       0x14 ./Drivers/STM32F4xx_HAL_Driver/Src/stm32f4xx_hal_tim.o
                0x0000000008004262                HAL_TIM_Base_MspInit
 *fill*         0x0000000008004276        0x2 
 .text.HAL_TIM_Base_Start_IT
                0x0000000008004278       0xe0 ./Drivers/STM32F4xx_HAL_Driver/Src/stm32f4xx_hal_tim.o
                0x0000000008004278                HAL_TIM_Base_Start_IT
 .text.HAL_TIM_IRQHandler
                0x0000000008004358      0x210 ./Drivers/STM32F4xx_HAL_Driver/Src/stm32f4xx_hal_tim.o
                0x0000000008004358                HAL_TIM_IRQHandler
 .text.HAL_TIM_OC_DelayElapsedCallback
                0x0000000008004568       0x14 ./Drivers/STM32F4xx_HAL_Driver/Src/stm32f4xx_hal_tim.o
                0x0000000008004568                HAL_TIM_OC_DelayElapsedCallback
 .text.HAL_TIM_IC_CaptureCallback
                0x000000000800457c       0x14 ./Drivers/STM32F4xx_HAL_Driver/Src/stm32f4xx_hal_tim.o
                0x000000000800457c                HAL_TIM_IC_CaptureCallback
 .text.HAL_TIM_PWM_PulseFinishedCallback
                0x0000000008004590       0x14 ./Drivers/STM32F4xx_HAL_Driver/Src/stm32f4xx_hal_tim.o
                0x0000000008004590                HAL_TIM_PWM_PulseFinishedCallback
 .text.HAL_TIM_TriggerCallback
                0x00000000080045a4       0x14 ./Drivers/STM32F4xx_HAL_Driver/Src/stm32f4xx_hal_tim.o
                0x00000000080045a4                HAL_TIM_TriggerCallback
 .text.TIM_Base_SetConfig
                0x00000000080045b8      0x140 ./Drivers/STM32F4xx_HAL_Driver/Src/stm32f4xx_hal_tim.o
                0x00000000080045b8                TIM_Base_SetConfig
 .text.HAL_TIMEx_CommutCallback
                0x00000000080046f8       0x14 ./Drivers/STM32F4xx_HAL_Driver/Src/stm32f4xx_hal_tim_ex.o
                0x00000000080046f8                HAL_TIMEx_CommutCallback
 .text.HAL_TIMEx_BreakCallback
                0x000000000800470c       0x14 ./Drivers/STM32F4xx_HAL_Driver/Src/stm32f4xx_hal_tim_ex.o
                0x000000000800470c                HAL_TIMEx_BreakCallback
 .text.USB_CoreInit
                0x0000000008004720       0xc2 ./Drivers/STM32F4xx_HAL_Driver/Src/stm32f4xx_ll_usb.o
                0x0000000008004720                USB_CoreInit
 *fill*         0x00000000080047e2        0x2 
 .text.USB_SetTurnaroundTime
                0x00000000080047e4      0x144 ./Drivers/STM32F4xx_HAL_Driver/Src/stm32f4xx_ll_usb.o
                0x00000000080047e4                USB_SetTurnaroundTime
 .text.USB_EnableGlobalInt
                0x0000000008004928       0x22 ./Drivers/STM32F4xx_HAL_Driver/Src/stm32f4xx_ll_usb.o
                0x0000000008004928                USB_EnableGlobalInt
 .text.USB_DisableGlobalInt
                0x000000000800494a       0x22 ./Drivers/STM32F4xx_HAL_Driver/Src/stm32f4xx_ll_usb.o
                0x000000000800494a                USB_DisableGlobalInt
 .text.USB_SetCurrentMode
                0x000000000800496c       0x98 ./Drivers/STM32F4xx_HAL_Driver/Src/stm32f4xx_ll_usb.o
                0x000000000800496c                USB_SetCurrentMode
 .text.USB_DevInit
                0x0000000008004a04      0x2c8 ./Drivers/STM32F4xx_HAL_Driver/Src/stm32f4xx_ll_usb.o
                0x0000000008004a04                USB_DevInit
 .text.USB_FlushTxFifo
                0x0000000008004ccc       0x68 ./Drivers/STM32F4xx_HAL_Driver/Src/stm32f4xx_ll_usb.o
                0x0000000008004ccc                USB_FlushTxFifo
 .text.USB_FlushRxFifo
                0x0000000008004d34       0x60 ./Drivers/STM32F4xx_HAL_Driver/Src/stm32f4xx_ll_usb.o
                0x0000000008004d34                USB_FlushRxFifo
 .text.USB_SetDevSpeed
                0x0000000008004d94       0x32 ./Drivers/STM32F4xx_HAL_Driver/Src/stm32f4xx_ll_usb.o
                0x0000000008004d94                USB_SetDevSpeed
 .text.USB_GetDevSpeed
                0x0000000008004dc6       0x4a ./Drivers/STM32F4xx_HAL_Driver/Src/stm32f4xx_ll_usb.o
                0x0000000008004dc6                USB_GetDevSpeed
 .text.USB_ActivateEndpoint
                0x0000000008004e10      0x10e ./Drivers/STM32F4xx_HAL_Driver/Src/stm32f4xx_ll_usb.o
                0x0000000008004e10                USB_ActivateEndpoint
 *fill*         0x0000000008004f1e        0x2 
 .text.USB_DeactivateEndpoint
                0x0000000008004f20      0x1b8 ./Drivers/STM32F4xx_HAL_Driver/Src/stm32f4xx_ll_usb.o
                0x0000000008004f20                USB_DeactivateEndpoint
 .text.USB_EPStartXfer
                0x00000000080050d8      0x490 ./Drivers/STM32F4xx_HAL_Driver/Src/stm32f4xx_ll_usb.o
                0x00000000080050d8                USB_EPStartXfer
 .text.USB_EP0StartXfer
                0x0000000008005568      0x2b0 ./Drivers/STM32F4xx_HAL_Driver/Src/stm32f4xx_ll_usb.o
                0x0000000008005568                USB_EP0StartXfer
 .text.USB_EPStopXfer
                0x0000000008005818      0x154 ./Drivers/STM32F4xx_HAL_Driver/Src/stm32f4xx_ll_usb.o
                0x0000000008005818                USB_EPStopXfer
 .text.USB_WritePacket
                0x000000000800596c       0x7c ./Drivers/STM32F4xx_HAL_Driver/Src/stm32f4xx_ll_usb.o
                0x000000000800596c                USB_WritePacket
 .text.USB_ReadPacket
                0x00000000080059e8       0xb0 ./Drivers/STM32F4xx_HAL_Driver/Src/stm32f4xx_ll_usb.o
                0x00000000080059e8                USB_ReadPacket
 .text.USB_EPSetStall
                0x0000000008005a98       0xdc ./Drivers/STM32F4xx_HAL_Driver/Src/stm32f4xx_ll_usb.o
                0x0000000008005a98                USB_EPSetStall
 .text.USB_EPClearStall
                0x0000000008005b74       0xcc ./Drivers/STM32F4xx_HAL_Driver/Src/stm32f4xx_ll_usb.o
                0x0000000008005b74                USB_EPClearStall
 .text.USB_SetDevAddress
                0x0000000008005c40       0x4c ./Drivers/STM32F4xx_HAL_Driver/Src/stm32f4xx_ll_usb.o
                0x0000000008005c40                USB_SetDevAddress
 .text.USB_DevConnect
                0x0000000008005c8c       0x42 ./Drivers/STM32F4xx_HAL_Driver/Src/stm32f4xx_ll_usb.o
                0x0000000008005c8c                USB_DevConnect
 .text.USB_DevDisconnect
                0x0000000008005cce       0x42 ./Drivers/STM32F4xx_HAL_Driver/Src/stm32f4xx_ll_usb.o
                0x0000000008005cce                USB_DevDisconnect
 .text.USB_ReadInterrupts
                0x0000000008005d10       0x26 ./Drivers/STM32F4xx_HAL_Driver/Src/stm32f4xx_ll_usb.o
                0x0000000008005d10                USB_ReadInterrupts
 .text.USB_ReadDevAllOutEpInterrupt
                0x0000000008005d36       0x34 ./Drivers/STM32F4xx_HAL_Driver/Src/stm32f4xx_ll_usb.o
                0x0000000008005d36                USB_ReadDevAllOutEpInterrupt
 .text.USB_ReadDevAllInEpInterrupt
                0x0000000008005d6a       0x34 ./Drivers/STM32F4xx_HAL_Driver/Src/stm32f4xx_ll_usb.o
                0x0000000008005d6a                USB_ReadDevAllInEpInterrupt
 .text.USB_ReadDevOutEPInterrupt
                0x0000000008005d9e       0x3c ./Drivers/STM32F4xx_HAL_Driver/Src/stm32f4xx_ll_usb.o
                0x0000000008005d9e                USB_ReadDevOutEPInterrupt
 .text.USB_ReadDevInEPInterrupt
                0x0000000008005dda       0x5c ./Drivers/STM32F4xx_HAL_Driver/Src/stm32f4xx_ll_usb.o
                0x0000000008005dda                USB_ReadDevInEPInterrupt
 .text.USB_GetMode
                0x0000000008005e36       0x1c ./Drivers/STM32F4xx_HAL_Driver/Src/stm32f4xx_ll_usb.o
                0x0000000008005e36                USB_GetMode
 .text.USB_ActivateSetup
                0x0000000008005e52       0x46 ./Drivers/STM32F4xx_HAL_Driver/Src/stm32f4xx_ll_usb.o
                0x0000000008005e52                USB_ActivateSetup
 .text.USB_EP0_OutStart
                0x0000000008005e98       0xbc ./Drivers/STM32F4xx_HAL_Driver/Src/stm32f4xx_ll_usb.o
                0x0000000008005e98                USB_EP0_OutStart
 .text.USB_CoreReset
                0x0000000008005f54       0x68 ./Drivers/STM32F4xx_HAL_Driver/Src/stm32f4xx_ll_usb.o
 .text.USBD_CDC_Init
                0x0000000008005fbc      0x1f0 ./Middlewares/ST/STM32_USB_Device_Library/Class/CDC/Src/usbd_cdc.o
 .text.USBD_CDC_DeInit
                0x00000000080061ac      0x104 ./Middlewares/ST/STM32_USB_Device_Library/Class/CDC/Src/usbd_cdc.o
 .text.USBD_CDC_Setup
                0x00000000080062b0      0x1b8 ./Middlewares/ST/STM32_USB_Device_Library/Class/CDC/Src/usbd_cdc.o
 .text.USBD_CDC_DataIn
                0x0000000008006468       0xfe ./Middlewares/ST/STM32_USB_Device_Library/Class/CDC/Src/usbd_cdc.o
 .text.USBD_CDC_DataOut
                0x0000000008006566       0x70 ./Middlewares/ST/STM32_USB_Device_Library/Class/CDC/Src/usbd_cdc.o
 .text.USBD_CDC_EP0_RxReady
                0x00000000080065d6       0x76 ./Middlewares/ST/STM32_USB_Device_Library/Class/CDC/Src/usbd_cdc.o
 .text.USBD_CDC_GetFSCfgDesc
                0x000000000800664c       0x70 ./Middlewares/ST/STM32_USB_Device_Library/Class/CDC/Src/usbd_cdc.o
 .text.USBD_CDC_GetHSCfgDesc
                0x00000000080066bc       0x70 ./Middlewares/ST/STM32_USB_Device_Library/Class/CDC/Src/usbd_cdc.o
 .text.USBD_CDC_GetOtherSpeedCfgDesc
                0x000000000800672c       0x70 ./Middlewares/ST/STM32_USB_Device_Library/Class/CDC/Src/usbd_cdc.o
 .text.USBD_CDC_GetDeviceQualifierDescriptor
                0x000000000800679c       0x20 ./Middlewares/ST/STM32_USB_Device_Library/Class/CDC/Src/usbd_cdc.o
                0x000000000800679c                USBD_CDC_GetDeviceQualifierDescriptor
 .text.USBD_CDC_RegisterInterface
                0x00000000080067bc       0x34 ./Middlewares/ST/STM32_USB_Device_Library/Class/CDC/Src/usbd_cdc.o
                0x00000000080067bc                USBD_CDC_RegisterInterface
 .text.USBD_CDC_SetTxBuffer
                0x00000000080067f0       0x44 ./Middlewares/ST/STM32_USB_Device_Library/Class/CDC/Src/usbd_cdc.o
                0x00000000080067f0                USBD_CDC_SetTxBuffer
 .text.USBD_CDC_SetRxBuffer
                0x0000000008006834       0x3a ./Middlewares/ST/STM32_USB_Device_Library/Class/CDC/Src/usbd_cdc.o
                0x0000000008006834                USBD_CDC_SetRxBuffer
 *fill*         0x000000000800686e        0x2 
 .text.USBD_CDC_TransmitPacket
                0x0000000008006870       0x8c ./Middlewares/ST/STM32_USB_Device_Library/Class/CDC/Src/usbd_cdc.o
                0x0000000008006870                USBD_CDC_TransmitPacket
 .text.USBD_CDC_ReceivePacket
                0x00000000080068fc       0x6c ./Middlewares/ST/STM32_USB_Device_Library/Class/CDC/Src/usbd_cdc.o
                0x00000000080068fc                USBD_CDC_ReceivePacket
 .text.USBD_Init
                0x0000000008006968       0x60 ./Middlewares/ST/STM32_USB_Device_Library/Core/Src/usbd_core.o
                0x0000000008006968                USBD_Init
 .text.USBD_RegisterClass
                0x00000000080069c8       0x6c ./Middlewares/ST/STM32_USB_Device_Library/Core/Src/usbd_core.o
                0x00000000080069c8                USBD_RegisterClass
 .text.USBD_Start
                0x0000000008006a34       0x18 ./Middlewares/ST/STM32_USB_Device_Library/Core/Src/usbd_core.o
                0x0000000008006a34                USBD_Start
 .text.USBD_RunTestMode
                0x0000000008006a4c       0x16 ./Middlewares/ST/STM32_USB_Device_Library/Core/Src/usbd_core.o
                0x0000000008006a4c                USBD_RunTestMode
 .text.USBD_SetClassConfig
                0x0000000008006a62       0x38 ./Middlewares/ST/STM32_USB_Device_Library/Core/Src/usbd_core.o
                0x0000000008006a62                USBD_SetClassConfig
 .text.USBD_ClrClassConfig
                0x0000000008006a9a       0x34 ./Middlewares/ST/STM32_USB_Device_Library/Core/Src/usbd_core.o
                0x0000000008006a9a                USBD_ClrClassConfig
 .text.USBD_LL_SetupStage
                0x0000000008006ace       0xaa ./Middlewares/ST/STM32_USB_Device_Library/Core/Src/usbd_core.o
                0x0000000008006ace                USBD_LL_SetupStage
 .text.USBD_LL_DataOutStage
                0x0000000008006b78      0x166 ./Middlewares/ST/STM32_USB_Device_Library/Core/Src/usbd_core.o
                0x0000000008006b78                USBD_LL_DataOutStage
 .text.USBD_LL_DataInStage
                0x0000000008006cde      0x164 ./Middlewares/ST/STM32_USB_Device_Library/Core/Src/usbd_core.o
                0x0000000008006cde                USBD_LL_DataInStage
 .text.USBD_LL_Reset
                0x0000000008006e42       0xa4 ./Middlewares/ST/STM32_USB_Device_Library/Core/Src/usbd_core.o
                0x0000000008006e42                USBD_LL_Reset
 .text.USBD_LL_SetSpeed
                0x0000000008006ee6       0x20 ./Middlewares/ST/STM32_USB_Device_Library/Core/Src/usbd_core.o
                0x0000000008006ee6                USBD_LL_SetSpeed
 .text.USBD_LL_Suspend
                0x0000000008006f06       0x2c ./Middlewares/ST/STM32_USB_Device_Library/Core/Src/usbd_core.o
                0x0000000008006f06                USBD_LL_Suspend
 .text.USBD_LL_Resume
                0x0000000008006f32       0x30 ./Middlewares/ST/STM32_USB_Device_Library/Core/Src/usbd_core.o
                0x0000000008006f32                USBD_LL_Resume
 .text.USBD_LL_SOF
                0x0000000008006f62       0x40 ./Middlewares/ST/STM32_USB_Device_Library/Core/Src/usbd_core.o
                0x0000000008006f62                USBD_LL_SOF
 .text.USBD_LL_IsoINIncomplete
                0x0000000008006fa2       0x64 ./Middlewares/ST/STM32_USB_Device_Library/Core/Src/usbd_core.o
                0x0000000008006fa2                USBD_LL_IsoINIncomplete
 .text.USBD_LL_IsoOUTIncomplete
                0x0000000008007006       0x64 ./Middlewares/ST/STM32_USB_Device_Library/Core/Src/usbd_core.o
                0x0000000008007006                USBD_LL_IsoOUTIncomplete
 .text.USBD_LL_DevConnected
                0x000000000800706a       0x16 ./Middlewares/ST/STM32_USB_Device_Library/Core/Src/usbd_core.o
                0x000000000800706a                USBD_LL_DevConnected
 .text.USBD_LL_DevDisconnected
                0x0000000008007080       0x46 ./Middlewares/ST/STM32_USB_Device_Library/Core/Src/usbd_core.o
                0x0000000008007080                USBD_LL_DevDisconnected
 .text.USBD_CoreFindIF
                0x00000000080070c6       0x1a ./Middlewares/ST/STM32_USB_Device_Library/Core/Src/usbd_core.o
                0x00000000080070c6                USBD_CoreFindIF
 .text.USBD_CoreFindEP
                0x00000000080070e0       0x1a ./Middlewares/ST/STM32_USB_Device_Library/Core/Src/usbd_core.o
                0x00000000080070e0                USBD_CoreFindEP
 .text.USBD_GetEpDesc
                0x00000000080070fa       0x74 ./Middlewares/ST/STM32_USB_Device_Library/Core/Src/usbd_core.o
                0x00000000080070fa                USBD_GetEpDesc
 .text.USBD_GetNextDesc
                0x000000000800716e       0x3a ./Middlewares/ST/STM32_USB_Device_Library/Core/Src/usbd_core.o
                0x000000000800716e                USBD_GetNextDesc
 .text.SWAPBYTE
                0x00000000080071a8       0x3c ./Middlewares/ST/STM32_USB_Device_Library/Core/Src/usbd_ctlreq.o
 .text.USBD_StdDevReq
                0x00000000080071e4       0xe4 ./Middlewares/ST/STM32_USB_Device_Library/Core/Src/usbd_ctlreq.o
                0x00000000080071e4                USBD_StdDevReq
 .text.USBD_StdItfReq
                0x00000000080072c8       0xd8 ./Middlewares/ST/STM32_USB_Device_Library/Core/Src/usbd_ctlreq.o
                0x00000000080072c8                USBD_StdItfReq
 .text.USBD_StdEPReq
                0x00000000080073a0      0x33a ./Middlewares/ST/STM32_USB_Device_Library/Core/Src/usbd_ctlreq.o
                0x00000000080073a0                USBD_StdEPReq
 *fill*         0x00000000080076da        0x2 
 .text.USBD_GetDescriptor
                0x00000000080076dc      0x2d4 ./Middlewares/ST/STM32_USB_Device_Library/Core/Src/usbd_ctlreq.o
 .text.USBD_SetAddress
                0x00000000080079b0       0x88 ./Middlewares/ST/STM32_USB_Device_Library/Core/Src/usbd_ctlreq.o
 .text.USBD_SetConfig
                0x0000000008007a38      0x154 ./Middlewares/ST/STM32_USB_Device_Library/Core/Src/usbd_ctlreq.o
 .text.USBD_GetConfig
                0x0000000008007b8c       0x6c ./Middlewares/ST/STM32_USB_Device_Library/Core/Src/usbd_ctlreq.o
 .text.USBD_GetStatus
                0x0000000008007bf8       0x68 ./Middlewares/ST/STM32_USB_Device_Library/Core/Src/usbd_ctlreq.o
 .text.USBD_SetFeature
                0x0000000008007c60       0x52 ./Middlewares/ST/STM32_USB_Device_Library/Core/Src/usbd_ctlreq.o
 .text.USBD_ClrFeature
                0x0000000008007cb2       0x44 ./Middlewares/ST/STM32_USB_Device_Library/Core/Src/usbd_ctlreq.o
 .text.USBD_ParseSetupRequest
                0x0000000008007cf6       0x74 ./Middlewares/ST/STM32_USB_Device_Library/Core/Src/usbd_ctlreq.o
                0x0000000008007cf6                USBD_ParseSetupRequest
 .text.USBD_CtlError
                0x0000000008007d6a       0x22 ./Middlewares/ST/STM32_USB_Device_Library/Core/Src/usbd_ctlreq.o
                0x0000000008007d6a                USBD_CtlError
 .text.USBD_GetString
                0x0000000008007d8c       0x8c ./Middlewares/ST/STM32_USB_Device_Library/Core/Src/usbd_ctlreq.o
                0x0000000008007d8c                USBD_GetString
 .text.USBD_GetLen
                0x0000000008007e18       0x34 ./Middlewares/ST/STM32_USB_Device_Library/Core/Src/usbd_ctlreq.o
 .text.USBD_CtlSendData
                0x0000000008007e4c       0x36 ./Middlewares/ST/STM32_USB_Device_Library/Core/Src/usbd_ioreq.o
                0x0000000008007e4c                USBD_CtlSendData
 .text.USBD_CtlContinueSendData
                0x0000000008007e82       0x22 ./Middlewares/ST/STM32_USB_Device_Library/Core/Src/usbd_ioreq.o
                0x0000000008007e82                USBD_CtlContinueSendData
 .text.USBD_CtlPrepareRx
                0x0000000008007ea4       0x3a ./Middlewares/ST/STM32_USB_Device_Library/Core/Src/usbd_ioreq.o
                0x0000000008007ea4                USBD_CtlPrepareRx
 .text.USBD_CtlContinueRx
                0x0000000008007ede       0x22 ./Middlewares/ST/STM32_USB_Device_Library/Core/Src/usbd_ioreq.o
                0x0000000008007ede                USBD_CtlContinueRx
 .text.USBD_CtlSendStatus
                0x0000000008007f00       0x26 ./Middlewares/ST/STM32_USB_Device_Library/Core/Src/usbd_ioreq.o
                0x0000000008007f00                USBD_CtlSendStatus
 .text.USBD_CtlReceiveStatus
                0x0000000008007f26       0x26 ./Middlewares/ST/STM32_USB_Device_Library/Core/Src/usbd_ioreq.o
                0x0000000008007f26                USBD_CtlReceiveStatus
 .text.__NVIC_SetPriority
                0x0000000008007f4c       0x54 ./Middlewares/Third_Party/FreeRTOS/Source/CMSIS_RTOS_V2/cmsis_os2.o
 .text.SysTick_Handler
                0x0000000008007fa0       0x20 ./Middlewares/Third_Party/FreeRTOS/Source/CMSIS_RTOS_V2/cmsis_os2.o
                0x0000000008007fa0                SysTick_Handler
 .text.SVC_Setup
                0x0000000008007fc0       0x12 ./Middlewares/Third_Party/FreeRTOS/Source/CMSIS_RTOS_V2/cmsis_os2.o
 *fill*         0x0000000008007fd2        0x2 
 .text.osKernelInitialize
                0x0000000008007fd4       0x48 ./Middlewares/Third_Party/FreeRTOS/Source/CMSIS_RTOS_V2/cmsis_os2.o
                0x0000000008007fd4                osKernelInitialize
 .text.osKernelStart
                0x000000000800801c       0x4c ./Middlewares/Third_Party/FreeRTOS/Source/CMSIS_RTOS_V2/cmsis_os2.o
                0x000000000800801c                osKernelStart
 .text.osThreadNew
                0x0000000008008068      0x124 ./Middlewares/Third_Party/FreeRTOS/Source/CMSIS_RTOS_V2/cmsis_os2.o
                0x0000000008008068                osThreadNew
 .text.vApplicationGetIdleTaskMemory
                0x000000000800818c       0x34 ./Middlewares/Third_Party/FreeRTOS/Source/CMSIS_RTOS_V2/cmsis_os2.o
                0x000000000800818c                vApplicationGetIdleTaskMemory
 .text.vApplicationGetTimerTaskMemory
                0x00000000080081c0       0x34 ./Middlewares/Third_Party/FreeRTOS/Source/CMSIS_RTOS_V2/cmsis_os2.o
                0x00000000080081c0                vApplicationGetTimerTaskMemory
 .text.vListInitialise
                0x00000000080081f4       0x40 ./Middlewares/Third_Party/FreeRTOS/Source/list.o
                0x00000000080081f4                vListInitialise
 .text.vListInitialiseItem
                0x0000000008008234       0x1a ./Middlewares/Third_Party/FreeRTOS/Source/list.o
                0x0000000008008234                vListInitialiseItem
 .text.vListInsertEnd
                0x000000000800824e       0x48 ./Middlewares/Third_Party/FreeRTOS/Source/list.o
                0x000000000800824e                vListInsertEnd
 .text.vListInsert
                0x0000000008008296       0x72 ./Middlewares/Third_Party/FreeRTOS/Source/list.o
                0x0000000008008296                vListInsert
 .text.uxListRemove
                0x0000000008008308       0x54 ./Middlewares/Third_Party/FreeRTOS/Source/list.o
                0x0000000008008308                uxListRemove
 .text.xQueueGenericReset
                0x000000000800835c       0xd0 ./Middlewares/Third_Party/FreeRTOS/Source/queue.o
                0x000000000800835c                xQueueGenericReset
 .text.xQueueGenericCreateStatic
                0x000000000800842c       0xf0 ./Middlewares/Third_Party/FreeRTOS/Source/queue.o
                0x000000000800842c                xQueueGenericCreateStatic
 .text.xQueueGenericCreate
                0x000000000800851c       0x74 ./Middlewares/Third_Party/FreeRTOS/Source/queue.o
                0x000000000800851c                xQueueGenericCreate
 .text.prvInitialiseNewQueue
                0x0000000008008590       0x46 ./Middlewares/Third_Party/FreeRTOS/Source/queue.o
 .text.prvInitialiseMutex
                0x00000000080085d6       0x34 ./Middlewares/Third_Party/FreeRTOS/Source/queue.o
 .text.xQueueCreateMutex
                0x000000000800860a       0x30 ./Middlewares/Third_Party/FreeRTOS/Source/queue.o
                0x000000000800860a                xQueueCreateMutex
 *fill*         0x000000000800863a        0x2 
 .text.xQueueGenericSend
                0x000000000800863c      0x1fc ./Middlewares/Third_Party/FreeRTOS/Source/queue.o
                0x000000000800863c                xQueueGenericSend
 .text.xQueueGenericSendFromISR
                0x0000000008008838      0x136 ./Middlewares/Third_Party/FreeRTOS/Source/queue.o
                0x0000000008008838                xQueueGenericSendFromISR
 .text.xQueueGiveFromISR
                0x000000000800896e      0x11a ./Middlewares/Third_Party/FreeRTOS/Source/queue.o
                0x000000000800896e                xQueueGiveFromISR
 .text.xQueueReceive
                0x0000000008008a88      0x1c0 ./Middlewares/Third_Party/FreeRTOS/Source/queue.o
                0x0000000008008a88                xQueueReceive
 .text.xQueueSemaphoreTake
                0x0000000008008c48      0x218 ./Middlewares/Third_Party/FreeRTOS/Source/queue.o
                0x0000000008008c48                xQueueSemaphoreTake
 .text.prvGetDisinheritPriorityAfterTimeout
                0x0000000008008e60       0x30 ./Middlewares/Third_Party/FreeRTOS/Source/queue.o
 .text.prvCopyDataToQueue
                0x0000000008008e90       0xd4 ./Middlewares/Third_Party/FreeRTOS/Source/queue.o
 .text.prvCopyDataFromQueue
                0x0000000008008f64       0x4c ./Middlewares/Third_Party/FreeRTOS/Source/queue.o
 .text.prvUnlockQueue
                0x0000000008008fb0       0xa4 ./Middlewares/Third_Party/FreeRTOS/Source/queue.o
 .text.prvIsQueueEmpty
                0x0000000008009054       0x2c ./Middlewares/Third_Party/FreeRTOS/Source/queue.o
 .text.prvIsQueueFull
                0x0000000008009080       0x30 ./Middlewares/Third_Party/FreeRTOS/Source/queue.o
 .text.vQueueAddToRegistry
                0x00000000080090b0       0x54 ./Middlewares/Third_Party/FreeRTOS/Source/queue.o
                0x00000000080090b0                vQueueAddToRegistry
 .text.vQueueWaitForMessageRestricted
                0x0000000008009104       0x68 ./Middlewares/Third_Party/FreeRTOS/Source/queue.o
                0x0000000008009104                vQueueWaitForMessageRestricted
 .text.xStreamBufferGenericCreate
                0x000000000800916c       0xb6 ./Middlewares/Third_Party/FreeRTOS/Source/stream_buffer.o
                0x000000000800916c                xStreamBufferGenericCreate
 .text.xStreamBufferSpacesAvailable
                0x0000000008009222       0x66 ./Middlewares/Third_Party/FreeRTOS/Source/stream_buffer.o
                0x0000000008009222                xStreamBufferSpacesAvailable
 .text.xStreamBufferSend
                0x0000000008009288      0x16a ./Middlewares/Third_Party/FreeRTOS/Source/stream_buffer.o
                0x0000000008009288                xStreamBufferSend
 .text.xStreamBufferSendFromISR
                0x00000000080093f2       0xe2 ./Middlewares/Third_Party/FreeRTOS/Source/stream_buffer.o
                0x00000000080093f2                xStreamBufferSendFromISR
 .text.prvWriteMessageToBuffer
                0x00000000080094d4       0x7a ./Middlewares/Third_Party/FreeRTOS/Source/stream_buffer.o
 .text.xStreamBufferReceive
                0x000000000800954e      0x12a ./Middlewares/Third_Party/FreeRTOS/Source/stream_buffer.o
                0x000000000800954e                xStreamBufferReceive
 .text.prvReadMessageFromBuffer
                0x0000000008009678       0x64 ./Middlewares/Third_Party/FreeRTOS/Source/stream_buffer.o
 .text.prvWriteBytesToBuffer
                0x00000000080096dc       0xe4 ./Middlewares/Third_Party/FreeRTOS/Source/stream_buffer.o
 .text.prvReadBytesFromBuffer
                0x00000000080097c0       0xf4 ./Middlewares/Third_Party/FreeRTOS/Source/stream_buffer.o
 .text.prvBytesInBuffer
                0x00000000080098b4       0x40 ./Middlewares/Third_Party/FreeRTOS/Source/stream_buffer.o
 .text.prvInitialiseNewStreamBuffer
                0x00000000080098f4       0x66 ./Middlewares/Third_Party/FreeRTOS/Source/stream_buffer.o
 .text.xTaskCreateStatic
                0x000000000800995a       0xba ./Middlewares/Third_Party/FreeRTOS/Source/tasks.o
                0x000000000800995a                xTaskCreateStatic
 .text.xTaskCreate
                0x0000000008009a14       0x8a ./Middlewares/Third_Party/FreeRTOS/Source/tasks.o
                0x0000000008009a14                xTaskCreate
 *fill*         0x0000000008009a9e        0x2 
 .text.prvInitialiseNewTask
                0x0000000008009aa0      0x14c ./Middlewares/Third_Party/FreeRTOS/Source/tasks.o
 .text.prvAddNewTaskToReadyList
                0x0000000008009bec       0xe0 ./Middlewares/Third_Party/FreeRTOS/Source/tasks.o
 .text.vTaskDelay
                0x0000000008009ccc       0x68 ./Middlewares/Third_Party/FreeRTOS/Source/tasks.o
                0x0000000008009ccc                vTaskDelay
 .text.eTaskGetState
                0x0000000008009d34       0xcc ./Middlewares/Third_Party/FreeRTOS/Source/tasks.o
                0x0000000008009d34                eTaskGetState
 .text.vTaskStartScheduler
                0x0000000008009e00       0xe0 ./Middlewares/Third_Party/FreeRTOS/Source/tasks.o
                0x0000000008009e00                vTaskStartScheduler
 .text.vTaskSuspendAll
                0x0000000008009ee0       0x1c ./Middlewares/Third_Party/FreeRTOS/Source/tasks.o
                0x0000000008009ee0                vTaskSuspendAll
 .text.xTaskResumeAll
                0x0000000008009efc      0x13c ./Middlewares/Third_Party/FreeRTOS/Source/tasks.o
                0x0000000008009efc                xTaskResumeAll
 .text.xTaskGetTickCount
                0x000000000800a038       0x20 ./Middlewares/Third_Party/FreeRTOS/Source/tasks.o
                0x000000000800a038                xTaskGetTickCount
 .text.uxTaskGetSystemState
                0x000000000800a058      0x11c ./Middlewares/Third_Party/FreeRTOS/Source/tasks.o
                0x000000000800a058                uxTaskGetSystemState
 .text.xTaskIncrementTick
                0x000000000800a174      0x174 ./Middlewares/Third_Party/FreeRTOS/Source/tasks.o
                0x000000000800a174                xTaskIncrementTick
 .text.vTaskSwitchContext
                0x000000000800a2e8       0xc8 ./Middlewares/Third_Party/FreeRTOS/Source/tasks.o
                0x000000000800a2e8                vTaskSwitchContext
 .text.vTaskPlaceOnEventList
                0x000000000800a3b0       0x48 ./Middlewares/Third_Party/FreeRTOS/Source/tasks.o
                0x000000000800a3b0                vTaskPlaceOnEventList
 .text.vTaskPlaceOnEventListRestricted
                0x000000000800a3f8       0x58 ./Middlewares/Third_Party/FreeRTOS/Source/tasks.o
                0x000000000800a3f8                vTaskPlaceOnEventListRestricted
 .text.xTaskRemoveFromEventList
                0x000000000800a450       0xc8 ./Middlewares/Third_Party/FreeRTOS/Source/tasks.o
                0x000000000800a450                xTaskRemoveFromEventList
 .text.vTaskSetTimeOutState
                0x000000000800a518       0x4c ./Middlewares/Third_Party/FreeRTOS/Source/tasks.o
                0x000000000800a518                vTaskSetTimeOutState
 .text.vTaskInternalSetTimeOutState
                0x000000000800a564       0x2c ./Middlewares/Third_Party/FreeRTOS/Source/tasks.o
                0x000000000800a564                vTaskInternalSetTimeOutState
 .text.xTaskCheckForTimeOut
                0x000000000800a590       0xc4 ./Middlewares/Third_Party/FreeRTOS/Source/tasks.o
                0x000000000800a590                xTaskCheckForTimeOut
 .text.vTaskMissedYield
                0x000000000800a654       0x18 ./Middlewares/Third_Party/FreeRTOS/Source/tasks.o
                0x000000000800a654                vTaskMissedYield
 .text.prvIdleTask
                0x000000000800a66c       0x30 ./Middlewares/Third_Party/FreeRTOS/Source/tasks.o
 .text.prvInitialiseTaskLists
                0x000000000800a69c       0x80 ./Middlewares/Third_Party/FreeRTOS/Source/tasks.o
 .text.prvCheckTasksWaitingTermination
                0x000000000800a71c       0x5c ./Middlewares/Third_Party/FreeRTOS/Source/tasks.o
 .text.vTaskGetInfo
                0x000000000800a778       0xcc ./Middlewares/Third_Party/FreeRTOS/Source/tasks.o
                0x000000000800a778                vTaskGetInfo
 .text.prvListTasksWithinSingleList
                0x000000000800a844       0xa4 ./Middlewares/Third_Party/FreeRTOS/Source/tasks.o
 .text.prvTaskCheckFreeStackSpace
                0x000000000800a8e8       0x38 ./Middlewares/Third_Party/FreeRTOS/Source/tasks.o
 .text.prvDeleteTCB
                0x000000000800a920       0x68 ./Middlewares/Third_Party/FreeRTOS/Source/tasks.o
 .text.prvResetNextTaskUnblockTime
                0x000000000800a988       0x40 ./Middlewares/Third_Party/FreeRTOS/Source/tasks.o
 .text.xTaskGetCurrentTaskHandle
                0x000000000800a9c8       0x20 ./Middlewares/Third_Party/FreeRTOS/Source/tasks.o
                0x000000000800a9c8                xTaskGetCurrentTaskHandle
 .text.xTaskGetSchedulerState
                0x000000000800a9e8       0x3c ./Middlewares/Third_Party/FreeRTOS/Source/tasks.o
                0x000000000800a9e8                xTaskGetSchedulerState
 .text.xTaskPriorityInherit
                0x000000000800aa24       0xd0 ./Middlewares/Third_Party/FreeRTOS/Source/tasks.o
                0x000000000800aa24                xTaskPriorityInherit
 .text.xTaskPriorityDisinherit
                0x000000000800aaf4       0xdc ./Middlewares/Third_Party/FreeRTOS/Source/tasks.o
                0x000000000800aaf4                xTaskPriorityDisinherit
 .text.vTaskPriorityDisinheritAfterTimeout
                0x000000000800abd0      0x104 ./Middlewares/Third_Party/FreeRTOS/Source/tasks.o
                0x000000000800abd0                vTaskPriorityDisinheritAfterTimeout
 .text.prvWriteNameToBuffer
                0x000000000800acd4       0x4a ./Middlewares/Third_Party/FreeRTOS/Source/tasks.o
 *fill*         0x000000000800ad1e        0x2 
 .text.vTaskList
                0x000000000800ad20      0x12c ./Middlewares/Third_Party/FreeRTOS/Source/tasks.o
                0x000000000800ad20                vTaskList
 .text.pvTaskIncrementMutexHeldCount
                0x000000000800ae4c       0x28 ./Middlewares/Third_Party/FreeRTOS/Source/tasks.o
                0x000000000800ae4c                pvTaskIncrementMutexHeldCount
 .text.xTaskNotifyWait
                0x000000000800ae74       0xc0 ./Middlewares/Third_Party/FreeRTOS/Source/tasks.o
                0x000000000800ae74                xTaskNotifyWait
 .text.xTaskGenericNotify
                0x000000000800af34      0x17c ./Middlewares/Third_Party/FreeRTOS/Source/tasks.o
                0x000000000800af34                xTaskGenericNotify
 .text.xTaskGenericNotifyFromISR
                0x000000000800b0b0      0x1c8 ./Middlewares/Third_Party/FreeRTOS/Source/tasks.o
                0x000000000800b0b0                xTaskGenericNotifyFromISR
 .text.xTaskNotifyStateClear
                0x000000000800b278       0x4c ./Middlewares/Third_Party/FreeRTOS/Source/tasks.o
                0x000000000800b278                xTaskNotifyStateClear
 .text.prvAddCurrentTaskToDelayedList
                0x000000000800b2c4       0xa8 ./Middlewares/Third_Party/FreeRTOS/Source/tasks.o
 .text.xTimerCreateTimerTask
                0x000000000800b36c       0x90 ./Middlewares/Third_Party/FreeRTOS/Source/timers.o
                0x000000000800b36c                xTimerCreateTimerTask
 .text.xTimerGenericCommand
                0x000000000800b3fc       0x9c ./Middlewares/Third_Party/FreeRTOS/Source/timers.o
                0x000000000800b3fc                xTimerGenericCommand
 .text.prvProcessExpiredTimer
                0x000000000800b498       0x98 ./Middlewares/Third_Party/FreeRTOS/Source/timers.o
 .text.prvTimerTask
                0x000000000800b530       0x24 ./Middlewares/Third_Party/FreeRTOS/Source/timers.o
 .text.prvProcessTimerOrBlockTask
                0x000000000800b554       0x9c ./Middlewares/Third_Party/FreeRTOS/Source/timers.o
 .text.prvGetNextExpireTime
                0x000000000800b5f0       0x48 ./Middlewares/Third_Party/FreeRTOS/Source/timers.o
 .text.prvSampleTimeNow
                0x000000000800b638       0x40 ./Middlewares/Third_Party/FreeRTOS/Source/timers.o
 .text.prvInsertTimerInActiveList
                0x000000000800b678       0x84 ./Middlewares/Third_Party/FreeRTOS/Source/timers.o
 .text.prvProcessReceivedCommands
                0x000000000800b6fc      0x1c4 ./Middlewares/Third_Party/FreeRTOS/Source/timers.o
 .text.prvSwitchTimerLists
                0x000000000800b8c0       0xc8 ./Middlewares/Third_Party/FreeRTOS/Source/timers.o
 .text.prvCheckForValidListAndQueue
                0x000000000800b988       0x80 ./Middlewares/Third_Party/FreeRTOS/Source/timers.o
 .text.pxPortInitialiseStack
                0x000000000800ba08       0x68 ./Middlewares/Third_Party/FreeRTOS/Source/portable/GCC/ARM_CM4F/port.o
                0x000000000800ba08                pxPortInitialiseStack
 .text.prvTaskExitError
                0x000000000800ba70       0x58 ./Middlewares/Third_Party/FreeRTOS/Source/portable/GCC/ARM_CM4F/port.o
 *fill*         0x000000000800bac8        0x8 
 .text.SVC_Handler
                0x000000000800bad0       0x28 ./Middlewares/Third_Party/FreeRTOS/Source/portable/GCC/ARM_CM4F/port.o
                0x000000000800bad0                SVC_Handler
 .text.prvPortStartFirstTask
                0x000000000800baf8       0x28 ./Middlewares/Third_Party/FreeRTOS/Source/portable/GCC/ARM_CM4F/port.o
 .text.xPortStartScheduler
                0x000000000800bb20      0x144 ./Middlewares/Third_Party/FreeRTOS/Source/portable/GCC/ARM_CM4F/port.o
                0x000000000800bb20                xPortStartScheduler
 .text.vPortEnterCritical
                0x000000000800bc64       0x60 ./Middlewares/Third_Party/FreeRTOS/Source/portable/GCC/ARM_CM4F/port.o
                0x000000000800bc64                vPortEnterCritical
 .text.vPortExitCritical
                0x000000000800bcc4       0x54 ./Middlewares/Third_Party/FreeRTOS/Source/portable/GCC/ARM_CM4F/port.o
                0x000000000800bcc4                vPortExitCritical
 *fill*         0x000000000800bd18        0x8 
 .text.PendSV_Handler
                0x000000000800bd20       0x68 ./Middlewares/Third_Party/FreeRTOS/Source/portable/GCC/ARM_CM4F/port.o
                0x000000000800bd20                PendSV_Handler
 .text.xPortSysTickHandler
                0x000000000800bd88       0x44 ./Middlewares/Third_Party/FreeRTOS/Source/portable/GCC/ARM_CM4F/port.o
                0x000000000800bd88                xPortSysTickHandler
 .text.vPortSetupTimerInterrupt
                0x000000000800bdcc       0x48 ./Middlewares/Third_Party/FreeRTOS/Source/portable/GCC/ARM_CM4F/port.o
                0x000000000800bdcc                vPortSetupTimerInterrupt
 .text.vPortEnableVFP
                0x000000000800be14       0x14 ./Middlewares/Third_Party/FreeRTOS/Source/portable/GCC/ARM_CM4F/port.o
 .text.vPortValidateInterruptPriority
                0x000000000800be28       0x80 ./Middlewares/Third_Party/FreeRTOS/Source/portable/GCC/ARM_CM4F/port.o
                0x000000000800be28                vPortValidateInterruptPriority
 .text.pvPortMalloc
                0x000000000800bea8      0x198 ./Middlewares/Third_Party/FreeRTOS/Source/portable/MemMang/heap_4.o
                0x000000000800bea8                pvPortMalloc
 .text.vPortFree
                0x000000000800c040       0xc4 ./Middlewares/Third_Party/FreeRTOS/Source/portable/MemMang/heap_4.o
                0x000000000800c040                vPortFree
 .text.prvHeapInit
                0x000000000800c104       0xc4 ./Middlewares/Third_Party/FreeRTOS/Source/portable/MemMang/heap_4.o
 .text.prvInsertBlockIntoFreeList
                0x000000000800c1c8       0xb4 ./Middlewares/Third_Party/FreeRTOS/Source/portable/MemMang/heap_4.o
 .text.MX_USB_DEVICE_Init
                0x000000000800c27c       0x60 ./USB_DEVICE/App/usb_device.o
                0x000000000800c27c                MX_USB_DEVICE_Init
 .text.CDC_Init_FS
                0x000000000800c2dc       0x28 ./USB_DEVICE/App/usbd_cdc_if.o
 .text.CDC_DeInit_FS
                0x000000000800c304       0x10 ./USB_DEVICE/App/usbd_cdc_if.o
 .text.CDC_Control_FS
                0x000000000800c314       0xbc ./USB_DEVICE/App/usbd_cdc_if.o
 .text.CDC_Receive_FS
                0x000000000800c3d0       0x74 ./USB_DEVICE/App/usbd_cdc_if.o
 .text.CDC_Transmit_FS
                0x000000000800c444       0x5c ./USB_DEVICE/App/usbd_cdc_if.o
                0x000000000800c444                CDC_Transmit_FS
 .text.CDC_TransmitCplt_FS
                0x000000000800c4a0       0x50 ./USB_DEVICE/App/usbd_cdc_if.o
 .text.init_usb_rtos_obj
                0x000000000800c4f0       0x78 ./USB_DEVICE/App/usbd_cdc_if.o
                0x000000000800c4f0                init_usb_rtos_obj
 .text.is_usb_on
                0x000000000800c568       0x18 ./USB_DEVICE/App/usbd_cdc_if.o
                0x000000000800c568                is_usb_on
 .text.CDC_Receivem_FS
                0x000000000800c580       0x28 ./USB_DEVICE/App/usbd_cdc_if.o
                0x000000000800c580                CDC_Receivem_FS
 .text.queue_print
                0x000000000800c5a8       0x4c ./USB_DEVICE/App/usbd_cdc_if.o
                0x000000000800c5a8                queue_print
 .text.Print_Task
                0x000000000800c5f4       0x34 ./USB_DEVICE/App/usbd_cdc_if.o
                0x000000000800c5f4                Print_Task
 .text.USBD_FS_DeviceDescriptor
                0x000000000800c628       0x24 ./USB_DEVICE/App/usbd_desc.o
                0x000000000800c628                USBD_FS_DeviceDescriptor
 .text.USBD_FS_LangIDStrDescriptor
                0x000000000800c64c       0x24 ./USB_DEVICE/App/usbd_desc.o
                0x000000000800c64c                USBD_FS_LangIDStrDescriptor
 .text.USBD_FS_ProductStrDescriptor
                0x000000000800c670       0x3c ./USB_DEVICE/App/usbd_desc.o
                0x000000000800c670                USBD_FS_ProductStrDescriptor
 .text.USBD_FS_ManufacturerStrDescriptor
                0x000000000800c6ac       0x28 ./USB_DEVICE/App/usbd_desc.o
                0x000000000800c6ac                USBD_FS_ManufacturerStrDescriptor
 .text.USBD_FS_SerialStrDescriptor
                0x000000000800c6d4       0x24 ./USB_DEVICE/App/usbd_desc.o
                0x000000000800c6d4                USBD_FS_SerialStrDescriptor
 .text.USBD_FS_ConfigStrDescriptor
                0x000000000800c6f8       0x3c ./USB_DEVICE/App/usbd_desc.o
                0x000000000800c6f8                USBD_FS_ConfigStrDescriptor
 .text.USBD_FS_InterfaceStrDescriptor
                0x000000000800c734       0x3c ./USB_DEVICE/App/usbd_desc.o
                0x000000000800c734                USBD_FS_InterfaceStrDescriptor
 .text.Get_SerialNum
                0x000000000800c770       0x58 ./USB_DEVICE/App/usbd_desc.o
 .text.IntToUnicode
                0x000000000800c7c8       0x7e ./USB_DEVICE/App/usbd_desc.o
 *fill*         0x000000000800c846        0x2 
 .text.HAL_PCD_MspInit
                0x000000000800c848       0xc4 ./USB_DEVICE/Target/usbd_conf.o
                0x000000000800c848                HAL_PCD_MspInit
 .text.HAL_PCD_SetupStageCallback
                0x000000000800c90c       0x24 ./USB_DEVICE/Target/usbd_conf.o
                0x000000000800c90c                HAL_PCD_SetupStageCallback
 .text.HAL_PCD_DataOutStageCallback
                0x000000000800c930       0x36 ./USB_DEVICE/Target/usbd_conf.o
                0x000000000800c930                HAL_PCD_DataOutStageCallback
 .text.HAL_PCD_DataInStageCallback
                0x000000000800c966       0x34 ./USB_DEVICE/Target/usbd_conf.o
                0x000000000800c966                HAL_PCD_DataInStageCallback
 .text.HAL_PCD_SOFCallback
                0x000000000800c99a       0x1c ./USB_DEVICE/Target/usbd_conf.o
                0x000000000800c99a                HAL_PCD_SOFCallback
 .text.HAL_PCD_ResetCallback
                0x000000000800c9b6       0x50 ./USB_DEVICE/Target/usbd_conf.o
                0x000000000800c9b6                HAL_PCD_ResetCallback
 *fill*         0x000000000800ca06        0x2 
 .text.HAL_PCD_SuspendCallback
                0x000000000800ca08       0x4c ./USB_DEVICE/Target/usbd_conf.o
                0x000000000800ca08                HAL_PCD_SuspendCallback
 .text.HAL_PCD_ResumeCallback
                0x000000000800ca54       0x1c ./USB_DEVICE/Target/usbd_conf.o
                0x000000000800ca54                HAL_PCD_ResumeCallback
 .text.HAL_PCD_ISOOUTIncompleteCallback
                0x000000000800ca70       0x24 ./USB_DEVICE/Target/usbd_conf.o
                0x000000000800ca70                HAL_PCD_ISOOUTIncompleteCallback
 .text.HAL_PCD_ISOINIncompleteCallback
                0x000000000800ca94       0x24 ./USB_DEVICE/Target/usbd_conf.o
                0x000000000800ca94                HAL_PCD_ISOINIncompleteCallback
 .text.HAL_PCD_ConnectCallback
                0x000000000800cab8       0x1c ./USB_DEVICE/Target/usbd_conf.o
                0x000000000800cab8                HAL_PCD_ConnectCallback
 .text.HAL_PCD_DisconnectCallback
                0x000000000800cad4       0x1c ./USB_DEVICE/Target/usbd_conf.o
                0x000000000800cad4                HAL_PCD_DisconnectCallback
 .text.USBD_LL_Init
                0x000000000800caf0       0x98 ./USB_DEVICE/Target/usbd_conf.o
                0x000000000800caf0                USBD_LL_Init
 .text.USBD_LL_Start
                0x000000000800cb88       0x36 ./USB_DEVICE/Target/usbd_conf.o
                0x000000000800cb88                USBD_LL_Start
 .text.USBD_LL_OpenEP
                0x000000000800cbbe       0x4c ./USB_DEVICE/Target/usbd_conf.o
                0x000000000800cbbe                USBD_LL_OpenEP
 .text.USBD_LL_CloseEP
                0x000000000800cc0a       0x3e ./USB_DEVICE/Target/usbd_conf.o
                0x000000000800cc0a                USBD_LL_CloseEP
 .text.USBD_LL_StallEP
                0x000000000800cc48       0x3e ./USB_DEVICE/Target/usbd_conf.o
                0x000000000800cc48                USBD_LL_StallEP
 .text.USBD_LL_ClearStallEP
                0x000000000800cc86       0x3e ./USB_DEVICE/Target/usbd_conf.o
                0x000000000800cc86                USBD_LL_ClearStallEP
 .text.USBD_LL_IsStallEP
                0x000000000800ccc4       0x58 ./USB_DEVICE/Target/usbd_conf.o
                0x000000000800ccc4                USBD_LL_IsStallEP
 .text.USBD_LL_SetUSBAddress
                0x000000000800cd1c       0x3e ./USB_DEVICE/Target/usbd_conf.o
                0x000000000800cd1c                USBD_LL_SetUSBAddress
 .text.USBD_LL_Transmit
                0x000000000800cd5a       0x42 ./USB_DEVICE/Target/usbd_conf.o
                0x000000000800cd5a                USBD_LL_Transmit
 .text.USBD_LL_PrepareReceive
                0x000000000800cd9c       0x42 ./USB_DEVICE/Target/usbd_conf.o
                0x000000000800cd9c                USBD_LL_PrepareReceive
 .text.USBD_LL_GetRxDataSize
                0x000000000800cdde       0x26 ./USB_DEVICE/Target/usbd_conf.o
                0x000000000800cdde                USBD_LL_GetRxDataSize
 .text.USBD_static_malloc
                0x000000000800ce04       0x1c ./USB_DEVICE/Target/usbd_conf.o
                0x000000000800ce04                USBD_static_malloc
 .text.USBD_static_free
                0x000000000800ce20       0x14 ./USB_DEVICE/Target/usbd_conf.o
                0x000000000800ce20                USBD_static_free
 .text.USBD_Get_USB_Status
                0x000000000800ce34       0x58 ./USB_DEVICE/Target/usbd_conf.o
                0x000000000800ce34                USBD_Get_USB_Status
 .text.atoi     0x000000000800ce8c        0x8 c:/st/stm32cubeide_1.10.1/stm32cubeide/plugins/com.st.stm32cube.ide.mcu.externaltools.gnu-tools-for-stm32.10.3-2021.10.win32_1.0.0.202111181127/tools/bin/../lib/gcc/arm-none-eabi/10.3.1/../../../../arm-none-eabi/lib/thumb/v7e-m+fp/hard\libc_nano.a(lib_a-atoi.o)
                0x000000000800ce8c                atoi
 .text.__errno  0x000000000800ce94        0xc c:/st/stm32cubeide_1.10.1/stm32cubeide/plugins/com.st.stm32cube.ide.mcu.externaltools.gnu-tools-for-stm32.10.3-2021.10.win32_1.0.0.202111181127/tools/bin/../lib/gcc/arm-none-eabi/10.3.1/../../../../arm-none-eabi/lib/thumb/v7e-m+fp/hard\libc_nano.a(lib_a-errno.o)
                0x000000000800ce94                __errno
 .text.std      0x000000000800cea0       0x48 c:/st/stm32cubeide_1.10.1/stm32cubeide/plugins/com.st.stm32cube.ide.mcu.externaltools.gnu-tools-for-stm32.10.3-2021.10.win32_1.0.0.202111181127/tools/bin/../lib/gcc/arm-none-eabi/10.3.1/../../../../arm-none-eabi/lib/thumb/v7e-m+fp/hard\libc_nano.a(lib_a-findfp.o)
 .text._cleanup_r
                0x000000000800cee8        0xc c:/st/stm32cubeide_1.10.1/stm32cubeide/plugins/com.st.stm32cube.ide.mcu.externaltools.gnu-tools-for-stm32.10.3-2021.10.win32_1.0.0.202111181127/tools/bin/../lib/gcc/arm-none-eabi/10.3.1/../../../../arm-none-eabi/lib/thumb/v7e-m+fp/hard\libc_nano.a(lib_a-findfp.o)
                0x000000000800cee8                _cleanup_r
 .text.__sfmoreglue
                0x000000000800cef4       0x2c c:/st/stm32cubeide_1.10.1/stm32cubeide/plugins/com.st.stm32cube.ide.mcu.externaltools.gnu-tools-for-stm32.10.3-2021.10.win32_1.0.0.202111181127/tools/bin/../lib/gcc/arm-none-eabi/10.3.1/../../../../arm-none-eabi/lib/thumb/v7e-m+fp/hard\libc_nano.a(lib_a-findfp.o)
                0x000000000800cef4                __sfmoreglue
 .text.__sfp_lock_acquire
                0x000000000800cf20        0xc c:/st/stm32cubeide_1.10.1/stm32cubeide/plugins/com.st.stm32cube.ide.mcu.externaltools.gnu-tools-for-stm32.10.3-2021.10.win32_1.0.0.202111181127/tools/bin/../lib/gcc/arm-none-eabi/10.3.1/../../../../arm-none-eabi/lib/thumb/v7e-m+fp/hard\libc_nano.a(lib_a-findfp.o)
                0x000000000800cf20                __sfp_lock_acquire
 .text.__sfp_lock_release
                0x000000000800cf2c        0xc c:/st/stm32cubeide_1.10.1/stm32cubeide/plugins/com.st.stm32cube.ide.mcu.externaltools.gnu-tools-for-stm32.10.3-2021.10.win32_1.0.0.202111181127/tools/bin/../lib/gcc/arm-none-eabi/10.3.1/../../../../arm-none-eabi/lib/thumb/v7e-m+fp/hard\libc_nano.a(lib_a-findfp.o)
                0x000000000800cf2c                __sfp_lock_release
 .text.__sinit_lock_acquire
                0x000000000800cf38        0xc c:/st/stm32cubeide_1.10.1/stm32cubeide/plugins/com.st.stm32cube.ide.mcu.externaltools.gnu-tools-for-stm32.10.3-2021.10.win32_1.0.0.202111181127/tools/bin/../lib/gcc/arm-none-eabi/10.3.1/../../../../arm-none-eabi/lib/thumb/v7e-m+fp/hard\libc_nano.a(lib_a-findfp.o)
                0x000000000800cf38                __sinit_lock_acquire
 .text.__sinit_lock_release
                0x000000000800cf44        0xc c:/st/stm32cubeide_1.10.1/stm32cubeide/plugins/com.st.stm32cube.ide.mcu.externaltools.gnu-tools-for-stm32.10.3-2021.10.win32_1.0.0.202111181127/tools/bin/../lib/gcc/arm-none-eabi/10.3.1/../../../../arm-none-eabi/lib/thumb/v7e-m+fp/hard\libc_nano.a(lib_a-findfp.o)
                0x000000000800cf44                __sinit_lock_release
 .text.__sinit  0x000000000800cf50       0x70 c:/st/stm32cubeide_1.10.1/stm32cubeide/plugins/com.st.stm32cube.ide.mcu.externaltools.gnu-tools-for-stm32.10.3-2021.10.win32_1.0.0.202111181127/tools/bin/../lib/gcc/arm-none-eabi/10.3.1/../../../../arm-none-eabi/lib/thumb/v7e-m+fp/hard\libc_nano.a(lib_a-findfp.o)
                0x000000000800cf50                __sinit
 .text.__sfp    0x000000000800cfc0       0x8c c:/st/stm32cubeide_1.10.1/stm32cubeide/plugins/com.st.stm32cube.ide.mcu.externaltools.gnu-tools-for-stm32.10.3-2021.10.win32_1.0.0.202111181127/tools/bin/../lib/gcc/arm-none-eabi/10.3.1/../../../../arm-none-eabi/lib/thumb/v7e-m+fp/hard\libc_nano.a(lib_a-findfp.o)
                0x000000000800cfc0                __sfp
 .text._fwalk_reent
                0x000000000800d04c       0x3e c:/st/stm32cubeide_1.10.1/stm32cubeide/plugins/com.st.stm32cube.ide.mcu.externaltools.gnu-tools-for-stm32.10.3-2021.10.win32_1.0.0.202111181127/tools/bin/../lib/gcc/arm-none-eabi/10.3.1/../../../../arm-none-eabi/lib/thumb/v7e-m+fp/hard\libc_nano.a(lib_a-fwalk.o)
                0x000000000800d04c                _fwalk_reent
 *fill*         0x000000000800d08a        0x2 
 .text.__libc_init_array
                0x000000000800d08c       0x48 c:/st/stm32cubeide_1.10.1/stm32cubeide/plugins/com.st.stm32cube.ide.mcu.externaltools.gnu-tools-for-stm32.10.3-2021.10.win32_1.0.0.202111181127/tools/bin/../lib/gcc/arm-none-eabi/10.3.1/../../../../arm-none-eabi/lib/thumb/v7e-m+fp/hard\libc_nano.a(lib_a-init.o)
                0x000000000800d08c                __libc_init_array
 .text.__retarget_lock_init_recursive
                0x000000000800d0d4        0x2 c:/st/stm32cubeide_1.10.1/stm32cubeide/plugins/com.st.stm32cube.ide.mcu.externaltools.gnu-tools-for-stm32.10.3-2021.10.win32_1.0.0.202111181127/tools/bin/../lib/gcc/arm-none-eabi/10.3.1/../../../../arm-none-eabi/lib/thumb/v7e-m+fp/hard\libc_nano.a(lib_a-lock.o)
                0x000000000800d0d4                __retarget_lock_init_recursive
 .text.__retarget_lock_acquire_recursive
                0x000000000800d0d6        0x2 c:/st/stm32cubeide_1.10.1/stm32cubeide/plugins/com.st.stm32cube.ide.mcu.externaltools.gnu-tools-for-stm32.10.3-2021.10.win32_1.0.0.202111181127/tools/bin/../lib/gcc/arm-none-eabi/10.3.1/../../../../arm-none-eabi/lib/thumb/v7e-m+fp/hard\libc_nano.a(lib_a-lock.o)
                0x000000000800d0d6                __retarget_lock_acquire_recursive
 .text.__retarget_lock_release_recursive
                0x000000000800d0d8        0x2 c:/st/stm32cubeide_1.10.1/stm32cubeide/plugins/com.st.stm32cube.ide.mcu.externaltools.gnu-tools-for-stm32.10.3-2021.10.win32_1.0.0.202111181127/tools/bin/../lib/gcc/arm-none-eabi/10.3.1/../../../../arm-none-eabi/lib/thumb/v7e-m+fp/hard\libc_nano.a(lib_a-lock.o)
                0x000000000800d0d8                __retarget_lock_release_recursive
 .text.memcpy   0x000000000800d0da       0x1c c:/st/stm32cubeide_1.10.1/stm32cubeide/plugins/com.st.stm32cube.ide.mcu.externaltools.gnu-tools-for-stm32.10.3-2021.10.win32_1.0.0.202111181127/tools/bin/../lib/gcc/arm-none-eabi/10.3.1/../../../../arm-none-eabi/lib/thumb/v7e-m+fp/hard\libc_nano.a(lib_a-memcpy-stub.o)
                0x000000000800d0da                memcpy
 .text.memset   0x000000000800d0f6       0x10 c:/st/stm32cubeide_1.10.1/stm32cubeide/plugins/com.st.stm32cube.ide.mcu.externaltools.gnu-tools-for-stm32.10.3-2021.10.win32_1.0.0.202111181127/tools/bin/../lib/gcc/arm-none-eabi/10.3.1/../../../../arm-none-eabi/lib/thumb/v7e-m+fp/hard\libc_nano.a(lib_a-memset.o)
                0x000000000800d0f6                memset
 *fill*         0x000000000800d106        0x2 
 .text.sbrk_aligned
                0x000000000800d108       0x40 c:/st/stm32cubeide_1.10.1/stm32cubeide/plugins/com.st.stm32cube.ide.mcu.externaltools.gnu-tools-for-stm32.10.3-2021.10.win32_1.0.0.202111181127/tools/bin/../lib/gcc/arm-none-eabi/10.3.1/../../../../arm-none-eabi/lib/thumb/v7e-m+fp/hard\libc_nano.a(lib_a-nano-mallocr.o)
 .text._malloc_r
                0x000000000800d148       0xe8 c:/st/stm32cubeide_1.10.1/stm32cubeide/plugins/com.st.stm32cube.ide.mcu.externaltools.gnu-tools-for-stm32.10.3-2021.10.win32_1.0.0.202111181127/tools/bin/../lib/gcc/arm-none-eabi/10.3.1/../../../../arm-none-eabi/lib/thumb/v7e-m+fp/hard\libc_nano.a(lib_a-nano-mallocr.o)
                0x000000000800d148                _malloc_r
 .text.__cvt    0x000000000800d230       0xc4 c:/st/stm32cubeide_1.10.1/stm32cubeide/plugins/com.st.stm32cube.ide.mcu.externaltools.gnu-tools-for-stm32.10.3-2021.10.win32_1.0.0.202111181127/tools/bin/../lib/gcc/arm-none-eabi/10.3.1/../../../../arm-none-eabi/lib/thumb/v7e-m+fp/hard\libc_nano.a(lib_a-nano-vfprintf_float.o)
                0x000000000800d230                __cvt
 .text.__exponent
                0x000000000800d2f4       0x7c c:/st/stm32cubeide_1.10.1/stm32cubeide/plugins/com.st.stm32cube.ide.mcu.externaltools.gnu-tools-for-stm32.10.3-2021.10.win32_1.0.0.202111181127/tools/bin/../lib/gcc/arm-none-eabi/10.3.1/../../../../arm-none-eabi/lib/thumb/v7e-m+fp/hard\libc_nano.a(lib_a-nano-vfprintf_float.o)
                0x000000000800d2f4                __exponent
 .text._printf_float
                0x000000000800d370      0x46c c:/st/stm32cubeide_1.10.1/stm32cubeide/plugins/com.st.stm32cube.ide.mcu.externaltools.gnu-tools-for-stm32.10.3-2021.10.win32_1.0.0.202111181127/tools/bin/../lib/gcc/arm-none-eabi/10.3.1/../../../../arm-none-eabi/lib/thumb/v7e-m+fp/hard\libc_nano.a(lib_a-nano-vfprintf_float.o)
                0x000000000800d370                _printf_float
 .text._printf_common
                0x000000000800d7dc       0xda c:/st/stm32cubeide_1.10.1/stm32cubeide/plugins/com.st.stm32cube.ide.mcu.externaltools.gnu-tools-for-stm32.10.3-2021.10.win32_1.0.0.202111181127/tools/bin/../lib/gcc/arm-none-eabi/10.3.1/../../../../arm-none-eabi/lib/thumb/v7e-m+fp/hard\libc_nano.a(lib_a-nano-vfprintf_i.o)
                0x000000000800d7dc                _printf_common
 *fill*         0x000000000800d8b6        0x2 
 .text._printf_i
                0x000000000800d8b8      0x24c c:/st/stm32cubeide_1.10.1/stm32cubeide/plugins/com.st.stm32cube.ide.mcu.externaltools.gnu-tools-for-stm32.10.3-2021.10.win32_1.0.0.202111181127/tools/bin/../lib/gcc/arm-none-eabi/10.3.1/../../../../arm-none-eabi/lib/thumb/v7e-m+fp/hard\libc_nano.a(lib_a-nano-vfprintf_i.o)
                0x000000000800d8b8                _printf_i
 .text.cleanup_glue
                0x000000000800db04       0x1a c:/st/stm32cubeide_1.10.1/stm32cubeide/plugins/com.st.stm32cube.ide.mcu.externaltools.gnu-tools-for-stm32.10.3-2021.10.win32_1.0.0.202111181127/tools/bin/../lib/gcc/arm-none-eabi/10.3.1/../../../../arm-none-eabi/lib/thumb/v7e-m+fp/hard\libc_nano.a(lib_a-reent.o)
                0x000000000800db04                cleanup_glue
 *fill*         0x000000000800db1e        0x2 
 .text._reclaim_reent
                0x000000000800db20       0xb8 c:/st/stm32cubeide_1.10.1/stm32cubeide/plugins/com.st.stm32cube.ide.mcu.externaltools.gnu-tools-for-stm32.10.3-2021.10.win32_1.0.0.202111181127/tools/bin/../lib/gcc/arm-none-eabi/10.3.1/../../../../arm-none-eabi/lib/thumb/v7e-m+fp/hard\libc_nano.a(lib_a-reent.o)
                0x000000000800db20                _reclaim_reent
 .text._sbrk_r  0x000000000800dbd8       0x20 c:/st/stm32cubeide_1.10.1/stm32cubeide/plugins/com.st.stm32cube.ide.mcu.externaltools.gnu-tools-for-stm32.10.3-2021.10.win32_1.0.0.202111181127/tools/bin/../lib/gcc/arm-none-eabi/10.3.1/../../../../arm-none-eabi/lib/thumb/v7e-m+fp/hard\libc_nano.a(lib_a-sbrkr.o)
                0x000000000800dbd8                _sbrk_r
 .text.sprintf  0x000000000800dbf8       0x40 c:/st/stm32cubeide_1.10.1/stm32cubeide/plugins/com.st.stm32cube.ide.mcu.externaltools.gnu-tools-for-stm32.10.3-2021.10.win32_1.0.0.202111181127/tools/bin/../lib/gcc/arm-none-eabi/10.3.1/../../../../arm-none-eabi/lib/thumb/v7e-m+fp/hard\libc_nano.a(lib_a-sprintf.o)
                0x000000000800dbf8                siprintf
                0x000000000800dbf8                sprintf
 .text.__sread  0x000000000800dc38       0x22 c:/st/stm32cubeide_1.10.1/stm32cubeide/plugins/com.st.stm32cube.ide.mcu.externaltools.gnu-tools-for-stm32.10.3-2021.10.win32_1.0.0.202111181127/tools/bin/../lib/gcc/arm-none-eabi/10.3.1/../../../../arm-none-eabi/lib/thumb/v7e-m+fp/hard\libc_nano.a(lib_a-stdio.o)
                0x000000000800dc38                __sread
 .text.__swrite
                0x000000000800dc5a       0x38 c:/st/stm32cubeide_1.10.1/stm32cubeide/plugins/com.st.stm32cube.ide.mcu.externaltools.gnu-tools-for-stm32.10.3-2021.10.win32_1.0.0.202111181127/tools/bin/../lib/gcc/arm-none-eabi/10.3.1/../../../../arm-none-eabi/lib/thumb/v7e-m+fp/hard\libc_nano.a(lib_a-stdio.o)
                0x000000000800dc5a                __swrite
 .text.__sseek  0x000000000800dc92       0x24 c:/st/stm32cubeide_1.10.1/stm32cubeide/plugins/com.st.stm32cube.ide.mcu.externaltools.gnu-tools-for-stm32.10.3-2021.10.win32_1.0.0.202111181127/tools/bin/../lib/gcc/arm-none-eabi/10.3.1/../../../../arm-none-eabi/lib/thumb/v7e-m+fp/hard\libc_nano.a(lib_a-stdio.o)
                0x000000000800dc92                __sseek
 .text.__sclose
                0x000000000800dcb6        0x8 c:/st/stm32cubeide_1.10.1/stm32cubeide/plugins/com.st.stm32cube.ide.mcu.externaltools.gnu-tools-for-stm32.10.3-2021.10.win32_1.0.0.202111181127/tools/bin/../lib/gcc/arm-none-eabi/10.3.1/../../../../arm-none-eabi/lib/thumb/v7e-m+fp/hard\libc_nano.a(lib_a-stdio.o)
                0x000000000800dcb6                __sclose
 .text.strcpy   0x000000000800dcbe       0x10 c:/st/stm32cubeide_1.10.1/stm32cubeide/plugins/com.st.stm32cube.ide.mcu.externaltools.gnu-tools-for-stm32.10.3-2021.10.win32_1.0.0.202111181127/tools/bin/../lib/gcc/arm-none-eabi/10.3.1/../../../../arm-none-eabi/lib/thumb/v7e-m+fp/hard\libc_nano.a(lib_a-strcpy.o)
                0x000000000800dcbe                strcpy
 .text.strncmp  0x000000000800dcce       0x28 c:/st/stm32cubeide_1.10.1/stm32cubeide/plugins/com.st.stm32cube.ide.mcu.externaltools.gnu-tools-for-stm32.10.3-2021.10.win32_1.0.0.202111181127/tools/bin/../lib/gcc/arm-none-eabi/10.3.1/../../../../arm-none-eabi/lib/thumb/v7e-m+fp/hard\libc_nano.a(lib_a-strncmp.o)
                0x000000000800dcce                strncmp
 .text.strncpy  0x000000000800dcf6       0x26 c:/st/stm32cubeide_1.10.1/stm32cubeide/plugins/com.st.stm32cube.ide.mcu.externaltools.gnu-tools-for-stm32.10.3-2021.10.win32_1.0.0.202111181127/tools/bin/../lib/gcc/arm-none-eabi/10.3.1/../../../../arm-none-eabi/lib/thumb/v7e-m+fp/hard\libc_nano.a(lib_a-strncpy.o)
                0x000000000800dcf6                strncpy
 .text._strtol_l.constprop.0
                0x000000000800dd1c      0x104 c:/st/stm32cubeide_1.10.1/stm32cubeide/plugins/com.st.stm32cube.ide.mcu.externaltools.gnu-tools-for-stm32.10.3-2021.10.win32_1.0.0.202111181127/tools/bin/../lib/gcc/arm-none-eabi/10.3.1/../../../../arm-none-eabi/lib/thumb/v7e-m+fp/hard\libc_nano.a(lib_a-strtol.o)
 .text.strtol   0x000000000800de20       0x14 c:/st/stm32cubeide_1.10.1/stm32cubeide/plugins/com.st.stm32cube.ide.mcu.externaltools.gnu-tools-for-stm32.10.3-2021.10.win32_1.0.0.202111181127/tools/bin/../lib/gcc/arm-none-eabi/10.3.1/../../../../arm-none-eabi/lib/thumb/v7e-m+fp/hard\libc_nano.a(lib_a-strtol.o)
                0x000000000800de20                strtol
 .text._write_r
                0x000000000800de34       0x24 c:/st/stm32cubeide_1.10.1/stm32cubeide/plugins/com.st.stm32cube.ide.mcu.externaltools.gnu-tools-for-stm32.10.3-2021.10.win32_1.0.0.202111181127/tools/bin/../lib/gcc/arm-none-eabi/10.3.1/../../../../arm-none-eabi/lib/thumb/v7e-m+fp/hard\libc_nano.a(lib_a-writer.o)
                0x000000000800de34                _write_r
 .text._close_r
                0x000000000800de58       0x20 c:/st/stm32cubeide_1.10.1/stm32cubeide/plugins/com.st.stm32cube.ide.mcu.externaltools.gnu-tools-for-stm32.10.3-2021.10.win32_1.0.0.202111181127/tools/bin/../lib/gcc/arm-none-eabi/10.3.1/../../../../arm-none-eabi/lib/thumb/v7e-m+fp/hard\libc_nano.a(lib_a-closer.o)
                0x000000000800de58                _close_r
 .text.quorem   0x000000000800de78      0x116 c:/st/stm32cubeide_1.10.1/stm32cubeide/plugins/com.st.stm32cube.ide.mcu.externaltools.gnu-tools-for-stm32.10.3-2021.10.win32_1.0.0.202111181127/tools/bin/../lib/gcc/arm-none-eabi/10.3.1/../../../../arm-none-eabi/lib/thumb/v7e-m+fp/hard\libc_nano.a(lib_a-dtoa.o)
 *fill*         0x000000000800df8e        0x2 
 .text._dtoa_r  0x000000000800df90      0xbdc c:/st/stm32cubeide_1.10.1/stm32cubeide/plugins/com.st.stm32cube.ide.mcu.externaltools.gnu-tools-for-stm32.10.3-2021.10.win32_1.0.0.202111181127/tools/bin/../lib/gcc/arm-none-eabi/10.3.1/../../../../arm-none-eabi/lib/thumb/v7e-m+fp/hard\libc_nano.a(lib_a-dtoa.o)
                0x000000000800df90                _dtoa_r
 .text.__sflush_r