Archive member included to satisfy reference by file (symbol)

c:/st/stm32cubeide_1.10.1/stm32cubeide/plugins/com.st.stm32cube.ide.mcu.externaltools.gnu-tools-for-stm32.10.3-2021.10.win32_1.0.0.202111181127/tools/bin/../lib/gcc/arm-none-eabi/10.3.1/../../../../arm-none-eabi/lib/thumb/v7e-m+fp/hard\libc_nano.a(lib_a-errno.o)
                              ./Core/Src/syscalls.o (__errno)
c:/st/stm32cubeide_1.10.1/stm32cubeide/plugins/com.st.stm32cube.ide.mcu.externaltools.gnu-tools-for-stm32.10.3-2021.10.win32_1.0.0.202111181127/tools/bin/../lib/gcc/arm-none-eabi/10.3.1/../../../../arm-none-eabi/lib/thumb/v7e-m+fp/hard\libc_nano.a(lib_a-exit.o)
                              c:/st/stm32cubeide_1.10.1/stm32cubeide/plugins/com.st.stm32cube.ide.mcu.externaltools.gnu-tools-for-stm32.10.3-2021.10.win32_1.0.0.202111181127/tools/bin/../lib/gcc/arm-none-eabi/10.3.1/../../../../arm-none-eabi/lib/thumb/v7e-m+fp/hard/crt0.o (exit)
c:/st/stm32cubeide_1.10.1/stm32cubeide/plugins/com.st.stm32cube.ide.mcu.externaltools.gnu-tools-for-stm32.10.3-2021.10.win32_1.0.0.202111181127/tools/bin/../lib/gcc/arm-none-eabi/10.3.1/../../../../arm-none-eabi/lib/thumb/v7e-m+fp/hard\libc_nano.a(lib_a-findfp.o)
                              ./Middlewares/Third_Party/FreeRTOS/Source/tasks.o (__sf_fake_stderr)
c:/st/stm32cubeide_1.10.1/stm32cubeide/plugins/com.st.stm32cube.ide.mcu.externaltools.gnu-tools-for-stm32.10.3-2021.10.win32_1.0.0.202111181127/tools/bin/../lib/gcc/arm-none-eabi/10.3.1/../../../../arm-none-eabi/lib/thumb/v7e-m+fp/hard\libc_nano.a(lib_a-fwalk.o)
                              c:/st/stm32cubeide_1.10.1/stm32cubeide/plugins/com.st.stm32cube.ide.mcu.externaltools.gnu-tools-for-stm32.10.3-2021.10.win32_1.0.0.202111181127/tools/bin/../lib/gcc/arm-none-eabi/10.3.1/../../../../arm-none-eabi/lib/thumb/v7e-m+fp/hard\libc_nano.a(lib_a-findfp.o) (_fwalk)
c:/st/stm32cubeide_1.10.1/stm32cubeide/plugins/com.st.stm32cube.ide.mcu.externaltools.gnu-tools-for-stm32.10.3-2021.10.win32_1.0.0.202111181127/tools/bin/../lib/gcc/arm-none-eabi/10.3.1/../../../../arm-none-eabi/lib/thumb/v7e-m+fp/hard\libc_nano.a(lib_a-impure.o)
                              c:/st/stm32cubeide_1.10.1/stm32cubeide/plugins/com.st.stm32cube.ide.mcu.externaltools.gnu-tools-for-stm32.10.3-2021.10.win32_1.0.0.202111181127/tools/bin/../lib/gcc/arm-none-eabi/10.3.1/../../../../arm-none-eabi/lib/thumb/v7e-m+fp/hard\libc_nano.a(lib_a-exit.o) (_global_impure_ptr)
c:/st/stm32cubeide_1.10.1/stm32cubeide/plugins/com.st.stm32cube.ide.mcu.externaltools.gnu-tools-for-stm32.10.3-2021.10.win32_1.0.0.202111181127/tools/bin/../lib/gcc/arm-none-eabi/10.3.1/../../../../arm-none-eabi/lib/thumb/v7e-m+fp/hard\libc_nano.a(lib_a-init.o)
                              c:/st/stm32cubeide_1.10.1/stm32cubeide/plugins/com.st.stm32cube.ide.mcu.externaltools.gnu-tools-for-stm32.10.3-2021.10.win32_1.0.0.202111181127/tools/bin/../lib/gcc/arm-none-eabi/10.3.1/../../../../arm-none-eabi/lib/thumb/v7e-m+fp/hard/crt0.o (__libc_init_array)
c:/st/stm32cubeide_1.10.1/stm32cubeide/plugins/com.st.stm32cube.ide.mcu.externaltools.gnu-tools-for-stm32.10.3-2021.10.win32_1.0.0.202111181127/tools/bin/../lib/gcc/arm-none-eabi/10.3.1/../../../../arm-none-eabi/lib/thumb/v7e-m+fp/hard\libc_nano.a(lib_a-lock.o)
                              c:/st/stm32cubeide_1.10.1/stm32cubeide/plugins/com.st.stm32cube.ide.mcu.externaltools.gnu-tools-for-stm32.10.3-2021.10.win32_1.0.0.202111181127/tools/bin/../lib/gcc/arm-none-eabi/10.3.1/../../../../arm-none-eabi/lib/thumb/v7e-m+fp/hard\libc_nano.a(lib_a-findfp.o) (__retarget_lock_init_recursive)
c:/st/stm32cubeide_1.10.1/stm32cubeide/plugins/com.st.stm32cube.ide.mcu.externaltools.gnu-tools-for-stm32.10.3-2021.10.win32_1.0.0.202111181127/tools/bin/../lib/gcc/arm-none-eabi/10.3.1/../../../../arm-none-eabi/lib/thumb/v7e-m+fp/hard\libc_nano.a(lib_a-memcpy-stub.o)
                              ./Middlewares/Third_Party/FreeRTOS/Source/CMSIS_RTOS_V2/cmsis_os2.o (memcpy)
c:/st/stm32cubeide_1.10.1/stm32cubeide/plugins/com.st.stm32cube.ide.mcu.externaltools.gnu-tools-for-stm32.10.3-2021.10.win32_1.0.0.202111181127/tools/bin/../lib/gcc/arm-none-eabi/10.3.1/../../../../arm-none-eabi/lib/thumb/v7e-m+fp/hard\libc_nano.a(lib_a-memset.o)
                              c:/st/stm32cubeide_1.10.1/stm32cubeide/plugins/com.st.stm32cube.ide.mcu.externaltools.gnu-tools-for-stm32.10.3-2021.10.win32_1.0.0.202111181127/tools/bin/../lib/gcc/arm-none-eabi/10.3.1/../../../../arm-none-eabi/lib/thumb/v7e-m+fp/hard/crt0.o (memset)
c:/st/stm32cubeide_1.10.1/stm32cubeide/plugins/com.st.stm32cube.ide.mcu.externaltools.gnu-tools-for-stm32.10.3-2021.10.win32_1.0.0.202111181127/tools/bin/../lib/gcc/arm-none-eabi/10.3.1/../../../../arm-none-eabi/lib/thumb/v7e-m+fp/hard\libc_nano.a(lib_a-nano-mallocr.o)
[...]
Memory Configuration

Name             Origin             Length             Attributes
CCMRAM           0x0000000010000000 0x0000000000010000 xrw
RAM              0x0000000020000000 0x0000000000020000 xrw
FLASH            0x0000000008000000 0x0000000000100000 xr
*default*        0x0000000000000000 0xffffffffffffffff

Linker script and memory map

LOAD c:/st/stm32cubeide_1.10.1/stm32cubeide/plugins/com.st.stm32cube.ide.mcu.externaltools.gnu-tools-for-stm32.10.3-2021.10.win32_1.0.0.202111181127/tools/bin/../lib/gcc/arm-none-eabi/10.3.1/thumb/v7e-m+fp/hard/crti.o
LOAD c:/st/stm32cubeide_1.10.1/stm32cubeide/plugins/com.st.stm32cube.ide.mcu.externaltools.gnu-tools-for-stm32.10.3-2021.10.win32_1.0.0.202111181127/tools/bin/../lib/gcc/arm-none-eabi/10.3.1/thumb/v7e-m+fp/hard/crtbegin.o
LOAD c:/st/stm32cubeide_1.10.1/stm32cubeide/plugins/com.st.stm32cube.ide.mcu.externaltools.gnu-tools-for-stm32.10.3-2021.10.win32_1.0.0.202111181127/tools/bin/../lib/gcc/arm-none-eabi/10.3.1/../../../../arm-none-eabi/lib/thumb/v7e-m+fp/hard/crt0.o
LOAD ./Core/Src/FreeRTOS_CLI.o
LOAD ./Core/Src/freertos.o
LOAD ./Core/Src/main.o
LOAD ./Core/Src/stm32f4xx_hal_msp.o
LOAD ./Core/Src/stm32f4xx_hal_timebase_tim.o
LOAD ./Core/Src/stm32f4xx_it.o
LOAD ./Core/Src/syscalls.o
LOAD ./Core/Src/sysmem.o
LOAD ./Core/Src/system_stm32f4xx.o
LOAD ./Core/Startup/startup_stm32f407vgtx.o
LOAD ./Drivers/STM32F4xx_HAL_Driver/Src/stm32f4xx_hal.o
LOAD ./Drivers/STM32F4xx_HAL_Driver/Src/stm32f4xx_hal_cortex.o
LOAD ./Drivers/STM32F4xx_HAL_Driver/Src/stm32f4xx_hal_dma.o
LOAD ./Drivers/STM32F4xx_HAL_Driver/Src/stm32f4xx_hal_dma_ex.o
LOAD ./Drivers/STM32F4xx_HAL_Driver/Src/stm32f4xx_hal_exti.o
LOAD ./Drivers/STM32F4xx_HAL_Driver/Src/stm32f4xx_hal_flash.o
LOAD ./Drivers/STM32F4xx_HAL_Driver/Src/stm32f4xx_hal_flash_ex.o
LOAD ./Drivers/STM32F4xx_HAL_Driver/Src/stm32f4xx_hal_flash_ramfunc.o
LOAD ./Drivers/STM32F4xx_HAL_Driver/Src/stm32f4xx_hal_gpio.o
LOAD ./Drivers/STM32F4xx_HAL_Driver/Src/stm32f4xx_hal_pcd.o
LOAD ./Drivers/STM32F4xx_HAL_Driver/Src/stm32f4xx_hal_pcd_ex.o
LOAD ./Drivers/STM32F4xx_HAL_Driver/Src/stm32f4xx_hal_pwr.o
LOAD ./Drivers/STM32F4xx_HAL_Driver/Src/stm32f4xx_hal_pwr_ex.o
LOAD ./Drivers/STM32F4xx_HAL_Driver/Src/stm32f4xx_hal_rcc.o
LOAD ./Drivers/STM32F4xx_HAL_Driver/Src/stm32f4xx_hal_rcc_ex.o
LOAD ./Drivers/STM32F4xx_HAL_Driver/Src/stm32f4xx_hal_tim.o
LOAD ./Drivers/STM32F4xx_HAL_Driver/Src/stm32f4xx_hal_tim_ex.o
LOAD ./Drivers/STM32F4xx_HAL_Driver/Src/stm32f4xx_ll_usb.o
LOAD ./Middlewares/ST/STM32_USB_Device_Library/Class/CDC/Src/usbd_cdc.o
LOAD ./Middlewares/ST/STM32_USB_Device_Library/Core/Src/usbd_core.o
LOAD ./Middlewares/ST/STM32_USB_Device_Library/Core/Src/usbd_ctlreq.o
LOAD ./Middlewares/ST/STM32_USB_Device_Library/Core/Src/usbd_ioreq.o
LOAD ./Middlewares/Third_Party/FreeRTOS/Source/CMSIS_RTOS_V2/cmsis_os2.o
LOAD ./Middlewares/Third_Party/FreeRTOS/Source/croutine.o
LOAD ./Middlewares/Third_Party/FreeRTOS/Source/event_groups.o
LOAD ./Middlewares/Third_Party/FreeRTOS/Source/list.o
LOAD ./Middlewares/Third_Party/FreeRTOS/Source/queue.o
LOAD ./Middlewares/Third_Party/FreeRTOS/Source/stream_buffer.o
LOAD ./Middlewares/Third_Party/FreeRTOS/Source/tasks.o
LOAD ./Middlewares/Third_Party/FreeRTOS/Source/timers.o
LOAD ./Middlewares/Third_Party/FreeRTOS/Source/portable/GCC/ARM_CM4F/port.o
LOAD ./Middlewares/Third_Party/FreeRTOS/Source/portable/MemMang/heap_4.o
LOAD ./USB_DEVICE/App/usb_device.o
LOAD ./USB_DEVICE/App/usbd_cdc_if.o
LOAD ./USB_DEVICE/App/usbd_desc.o
LOAD ./USB_DEVICE/Target/usbd_conf.o
START GROUP
LOAD c:/st/stm32cubeide_1.10.1/stm32cubeide/plugins/com.st.stm32cube.ide.mcu.externaltools.gnu-tools-for-stm32.10.3-2021.10.win32_1.0.0.202111181127/tools/bin/../lib/gcc/arm-none-eabi/10.3.1/../../../../arm-none-eabi/lib/thumb/v7e-m+fp/hard\libc_nano.a
LOAD c:/st/stm32cubeide_1.10.1/stm32cubeide/plugins/com.st.stm32cube.ide.mcu.externaltools.gnu-tools-for-stm32.10.3-2021.10.win32_1.0.0.202111181127/tools/bin/../lib/gcc/arm-none-eabi/10.3.1/../../../../arm-none-eabi/lib/thumb/v7e-m+fp/hard\libm.a
END GROUP
START GROUP
LOAD c:/st/stm32cubeide_1.10.1/stm32cubeide/plugins/com.st.stm32cube.ide.mcu.externaltools.gnu-tools-for-stm32.10.3-2021.10.win32_1.0.0.202111181127/tools/bin/../lib/gcc/arm-none-eabi/10.3.1/thumb/v7e-m+fp/hard\libgcc.a
LOAD c:/st/stm32cubeide_1.10.1/stm32cubeide/plugins/com.st.stm32cube.ide.mcu.externaltools.gnu-tools-for-stm32.10.3-2021.10.win32_1.0.0.202111181127/tools/bin/../lib/gcc/arm-none-eabi/10.3.1/../../../../arm-none-eabi/lib/thumb/v7e-m+fp/hard\libc_nano.a
END GROUP
START GROUP
LOAD c:/st/stm32cubeide_1.10.1/stm32cubeide/plugins/com.st.stm32cube.ide.mcu.externaltools.gnu-tools-for-stm32.10.3-2021.10.win32_1.0.0.202111181127/tools/bin/../lib/gcc/arm-none-eabi/10.3.1/thumb/v7e-m+fp/hard\libgcc.a
LOAD c:/st/stm32cubeide_1.10.1/stm32cubeide/plugins/com.st.stm32cube.ide.mcu.externaltools.gnu-tools-for-stm32.10.3-2021.10.win32_1.0.0.202111181127/tools/bin/../lib/gcc/arm-none-eabi/10.3.1/../../../../arm-none-eabi/lib/thumb/v7e-m+fp/hard\libc_nano.a
LOAD c:/st/stm32cubeide_1.10.1/stm32cubeide/plugins/com.st.stm32cube.ide.mcu.externaltools.gnu-tools-for-stm32.10.3-2021.10.win32_1.0.0.202111181127/tools/bin/../lib/gcc/arm-none-eabi/10.3.1/../../../../arm-none-eabi/lib/thumb/v7e-m+fp/hard\libnosys.a
END GROUP
START GROUP
LOAD c:/st/stm32cubeide_1.10.1/stm32cubeide/plugins/com.st.stm32cube.ide.mcu.externaltools.gnu-tools-for-stm32.10.3-2021.10.win32_1.0.0.202111181127/tools/bin/../lib/gcc/arm-none-eabi/10.3.1/thumb/v7e-m+fp/hard\libgcc.a
LOAD c:/st/stm32cubeide_1.10.1/stm32cubeide/plugins/com.st.stm32cube.ide.mcu.externaltools.gnu-tools-for-stm32.10.3-2021.10.win32_1.0.0.202111181127/tools/bin/../lib/gcc/arm-none-eabi/10.3.1/../../../../arm-none-eabi/lib/thumb/v7e-m+fp/hard\libc_nano.a
LOAD c:/st/stm32cubeide_1.10.1/stm32cubeide/plugins/com.st.stm32cube.ide.mcu.externaltools.gnu-tools-for-stm32.10.3-2021.10.win32_1.0.0.202111181127/tools/bin/../lib/gcc/arm-none-eabi/10.3.1/../../../../arm-none-eabi/lib/thumb/v7e-m+fp/hard\libnosys.a
END GROUP
LOAD c:/st/stm32cubeide_1.10.1/stm32cubeide/plugins/com.st.stm32cube.ide.mcu.externaltools.gnu-tools-for-stm32.10.3-2021.10.win32_1.0.0.202111181127/tools/bin/../lib/gcc/arm-none-eabi/10.3.1/thumb/v7e-m+fp/hard/crtend.o
LOAD c:/st/stm32cubeide_1.10.1/stm32cubeide/plugins/com.st.stm32cube.ide.mcu.externaltools.gnu-tools-for-stm32.10.3-2021.10.win32_1.0.0.202111181127/tools/bin/../lib/gcc/arm-none-eabi/10.3.1/thumb/v7e-m+fp/hard/crtn.o
                0x0000000020020000                _estack = (ORIGIN (RAM) + LENGTH (RAM))
                0x0000000000000200                _Min_Heap_Size = 0x200
                0x0000000000000400                _Min_Stack_Size = 0x400

.isr_vector     0x0000000008000000      0x188
                0x0000000008000000                . = ALIGN (0x4)
 *(.isr_vector)
 .isr_vector    0x0000000008000000      0x188 ./Core/Startup/startup_stm32f407vgtx.o
                0x0000000008000000                g_pfnVectors
                0x0000000008000188                . = ALIGN (0x4)

.text           0x0000000008000190     0xc6e4
                0x0000000008000190                . = ALIGN (0x4)
 *(.text)
 .text          0x0000000008000190       0x40 c:/st/stm32cubeide_1.10.1/stm32cubeide/plugins/com.st.stm32cube.ide.mcu.externaltools.gnu-tools-for-stm32.10.3-2021.10.win32_1.0.0.202111181127/tools/bin/../lib/gcc/arm-none-eabi/10.3.1/thumb/v7e-m+fp/hard/crtbegin.o
 .text          0x00000000080001d0       0x10 c:/st/stm32cubeide_1.10.1/stm32cubeide/plugins/com.st.stm32cube.ide.mcu.externaltools.gnu-tools-for-stm32.10.3-2021.10.win32_1.0.0.202111181127/tools/bin/../lib/gcc/arm-none-eabi/10.3.1/../../../../arm-none-eabi/lib/thumb/v7e-m+fp/hard\libc_nano.a(lib_a-strlen.o)
                0x00000000080001d0                strlen
 .text          0x00000000080001e0       0xa0 c:/st/stm32cubeide_1.10.1/stm32cubeide/plugins/com.st.stm32cube.ide.mcu.externaltools.gnu-tools-for-stm32.10.3-2021.10.win32_1.0.0.202111181127/tools/bin/../lib/gcc/arm-none-eabi/10.3.1/../../../../arm-none-eabi/lib/thumb/v7e-m+fp/hard\libc_nano.a(lib_a-memchr.o)
                0x00000000080001e0                memchr
 .text          0x0000000008000280       0x30 c:/st/stm32cubeide_1.10.1/stm32cubeide/plugins/com.st.stm32cube.ide.mcu.externaltools.gnu-tools-for-stm32.10.3-2021.10.win32_1.0.0.202111181127/tools/bin/../lib/gcc/arm-none-eabi/10.3.1/thumb/v7e-m+fp/hard\libgcc.a(_aeabi_uldivmod.o)
                0x0000000008000280                __aeabi_uldivmod
 .text          0x00000000080002b0      0x2d0 c:/st/stm32cubeide_1.10.1/stm32cubeide/plugins/com.st.stm32cube.ide.mcu.externaltools.gnu-tools-for-stm32.10.3-2021.10.win32_1.0.0.202111181127/tools/bin/../lib/gcc/arm-none-eabi/10.3.1/thumb/v7e-m+fp/hard\libgcc.a(_udivmoddi4.o)
                0x00000000080002b0                __udivmoddi4
 .text          0x0000000008000580        0x4 c:/st/stm32cubeide_1.10.1/stm32cubeide/plugins/com.st.stm32cube.ide.mcu.externaltools.gnu-tools-for-stm32.10.3-2021.10.win32_1.0.0.202111181127/tools/bin/../lib/gcc/arm-none-eabi/10.3.1/thumb/v7e-m+fp/hard\libgcc.a(_dvmd_tls.o)
                0x0000000008000580                __aeabi_idiv0
                0x0000000008000580                __aeabi_ldiv0
 *(.text*)
 .text.FreeRTOS_CLIRegisterCommand
                0x0000000008000584       0x88 ./Core/Src/FreeRTOS_CLI.o
                0x0000000008000584                FreeRTOS_CLIRegisterCommand
 .text.FreeRTOS_CLIProcessCommand
                0x000000000800060c      0x10c ./Core/Src/FreeRTOS_CLI.o
                0x000000000800060c                FreeRTOS_CLIProcessCommand
 .text.prvHelpCommand
                0x0000000008000718       0x5c ./Core/Src/FreeRTOS_CLI.o
 .text.prvGetNumberOfParameters
                0x0000000008000774       0x66 ./Core/Src/FreeRTOS_CLI.o
 *fill*         0x00000000080007da        0x2 
 .text.main     0x00000000080007dc       0x38 ./Core/Src/main.o
                0x00000000080007dc                main
 .text.SystemClock_Config
                0x0000000008000814       0xd4 ./Core/Src/main.o
                0x0000000008000814                SystemClock_Config
 .text.MX_GPIO_Init
                0x00000000080008e8       0x50 ./Core/Src/main.o
 .text.prvTaskStatsCommand
                0x0000000008000938       0x38 ./Core/Src/main.o
 .text.prvTaskStatsTexto
                0x0000000008000970       0x50 ./Core/Src/main.o
 .text.StartDefaultTask
                0x00000000080009c0       0xfc ./Core/Src/main.o
                0x00000000080009c0                StartDefaultTask
 .text.HAL_TIM_PeriodElapsedCallback
                0x0000000008000abc       0x24 ./Core/Src/main.o
                0x0000000008000abc                HAL_TIM_PeriodElapsedCallback
 .text.Error_Handler
                0x0000000008000ae0        0xa ./Core/Src/main.o
                0x0000000008000ae0                Error_Handler
 *fill*         0x0000000008000aea        0x2 
 .text.HAL_MspInit
                0x0000000008000aec       0x58 ./Core/Src/stm32f4xx_hal_msp.o
                0x0000000008000aec                HAL_MspInit
 .text.HAL_InitTick
                0x0000000008000b44       0xe8 ./Core/Src/stm32f4xx_hal_timebase_tim.o
                0x0000000008000b44                HAL_InitTick
 .text.NMI_Handler
                0x0000000008000c2c        0x6 ./Core/Src/stm32f4xx_it.o
                0x0000000008000c2c                NMI_Handler
 .text.HardFault_Handler
                0x0000000008000c32        0x6 ./Core/Src/stm32f4xx_it.o
                0x0000000008000c32                HardFault_Handler
 .text.MemManage_Handler
                0x0000000008000c38        0x6 ./Core/Src/stm32f4xx_it.o
                0x0000000008000c38                MemManage_Handler
 .text.BusFault_Handler
                0x0000000008000c3e        0x6 ./Core/Src/stm32f4xx_it.o
                0x0000000008000c3e                BusFault_Handler
 .text.UsageFault_Handler
                0x0000000008000c44        0x6 ./Core/Src/stm32f4xx_it.o
                0x0000000008000c44                UsageFault_Handler
 .text.DebugMon_Handler
                0x0000000008000c4a        0xe ./Core/Src/stm32f4xx_it.o
                0x0000000008000c4a                DebugMon_Handler
 .text.TIM1_UP_TIM10_IRQHandler
                0x0000000008000c58       0x14 ./Core/Src/stm32f4xx_it.o
                0x0000000008000c58                TIM1_UP_TIM10_IRQHandler
 .text.OTG_FS_IRQHandler
                0x0000000008000c6c       0x14 ./Core/Src/stm32f4xx_it.o
                0x0000000008000c6c                OTG_FS_IRQHandler
 .text._sbrk    0x0000000008000c80       0x6c ./Core/Src/sysmem.o
                0x0000000008000c80                _sbrk
 .text.SystemInit
                0x0000000008000cec       0x24 ./Core/Src/system_stm32f4xx.o
                0x0000000008000cec                SystemInit
 .text.Reset_Handler
                0x0000000008000d10       0x50 ./Core/Startup/startup_stm32f407vgtx.o
                0x0000000008000d10                Reset_Handler
 .text.Default_Handler
                0x0000000008000d60        0x2 ./Core/Startup/startup_stm32f407vgtx.o
                0x0000000008000d60                RTC_Alarm_IRQHandler
                0x0000000008000d60                HASH_RNG_IRQHandler
                0x0000000008000d60                EXTI2_IRQHandler
                0x0000000008000d60                TIM8_CC_IRQHandler
                0x0000000008000d60                TIM1_CC_IRQHandler
                0x0000000008000d60                DMA2_Stream5_IRQHandler
                0x0000000008000d60                DMA1_Stream5_IRQHandler
                0x0000000008000d60                PVD_IRQHandler
                0x0000000008000d60                SDIO_IRQHandler
                0x0000000008000d60                TAMP_STAMP_IRQHandler
                0x0000000008000d60                CAN2_RX1_IRQHandler
                0x0000000008000d60                EXTI3_IRQHandler
                0x0000000008000d60                TIM8_TRG_COM_TIM14_IRQHandler
                0x0000000008000d60                TIM8_UP_TIM13_IRQHandler
                0x0000000008000d60                I2C3_ER_IRQHandler
                0x0000000008000d60                EXTI0_IRQHandler
                0x0000000008000d60                I2C2_EV_IRQHandler
                0x0000000008000d60                DMA1_Stream2_IRQHandler
                0x0000000008000d60                CAN1_RX0_IRQHandler
                0x0000000008000d60                FPU_IRQHandler
                0x0000000008000d60                OTG_HS_WKUP_IRQHandler
                0x0000000008000d60                CAN2_SCE_IRQHandler
                0x0000000008000d60                DMA2_Stream2_IRQHandler
                0x0000000008000d60                SPI1_IRQHandler
                0x0000000008000d60                TIM6_DAC_IRQHandler
                0x0000000008000d60                TIM1_BRK_TIM9_IRQHandler
                0x0000000008000d60                DCMI_IRQHandler
                0x0000000008000d60                CAN2_RX0_IRQHandler
                0x0000000008000d60                DMA2_Stream3_IRQHandler
                0x0000000008000d60                USART6_IRQHandler
                0x0000000008000d60                USART3_IRQHandler
                0x0000000008000d60                CAN1_RX1_IRQHandler
                0x0000000008000d60                UART5_IRQHandler
                0x0000000008000d60                DMA2_Stream0_IRQHandler
                0x0000000008000d60                TIM4_IRQHandler
                0x0000000008000d60                I2C1_EV_IRQHandler
                0x0000000008000d60                DMA1_Stream6_IRQHandler
                0x0000000008000d60                DMA1_Stream1_IRQHandler
                0x0000000008000d60                UART4_IRQHandler
                0x0000000008000d60                TIM3_IRQHandler
                0x0000000008000d60                RCC_IRQHandler
                0x0000000008000d60                TIM8_BRK_TIM12_IRQHandler
                0x0000000008000d60                Default_Handler
                0x0000000008000d60                EXTI15_10_IRQHandler
                0x0000000008000d60                ADC_IRQHandler
                0x0000000008000d60                DMA1_Stream7_IRQHandler
                0x0000000008000d60                TIM7_IRQHandler
                0x0000000008000d60                CAN2_TX_IRQHandler
                0x0000000008000d60                TIM5_IRQHandler
                0x0000000008000d60                DMA2_Stream7_IRQHandler
                0x0000000008000d60                I2C3_EV_IRQHandler
                0x0000000008000d60                EXTI9_5_IRQHandler
                0x0000000008000d60                RTC_WKUP_IRQHandler
                0x0000000008000d60                ETH_WKUP_IRQHandler
                0x0000000008000d60                SPI2_IRQHandler
                0x0000000008000d60                OTG_HS_EP1_IN_IRQHandler
                0x0000000008000d60                DMA1_Stream0_IRQHandler
                0x0000000008000d60                CAN1_TX_IRQHandler
                0x0000000008000d60                EXTI4_IRQHandler
                0x0000000008000d60                FSMC_IRQHandler
                0x0000000008000d60                ETH_IRQHandler
                0x0000000008000d60                OTG_HS_EP1_OUT_IRQHandler
                0x0000000008000d60                WWDG_IRQHandler
                0x0000000008000d60                TIM2_IRQHandler
                0x0000000008000d60                OTG_FS_WKUP_IRQHandler
                0x0000000008000d60                TIM1_TRG_COM_TIM11_IRQHandler
                0x0000000008000d60                OTG_HS_IRQHandler
                0x0000000008000d60                EXTI1_IRQHandler
                0x0000000008000d60                USART2_IRQHandler
                0x0000000008000d60                I2C2_ER_IRQHandler
                0x0000000008000d60                DMA2_Stream1_IRQHandler
                0x0000000008000d60                CAN1_SCE_IRQHandler
                0x0000000008000d60                FLASH_IRQHandler
                0x0000000008000d60                DMA2_Stream4_IRQHandler
                0x0000000008000d60                USART1_IRQHandler
                0x0000000008000d60                SPI3_IRQHandler
                0x0000000008000d60                DMA1_Stream4_IRQHandler
                0x0000000008000d60                I2C1_ER_IRQHandler
                0x0000000008000d60                DMA2_Stream6_IRQHandler
                0x0000000008000d60                DMA1_Stream3_IRQHandler
 *fill*         0x0000000008000d62        0x2 
 .text.HAL_Init
                0x0000000008000d64       0x44 ./Drivers/STM32F4xx_HAL_Driver/Src/stm32f4xx_hal.o
                0x0000000008000d64                HAL_Init
 .text.HAL_IncTick
                0x0000000008000da8       0x28 ./Drivers/STM32F4xx_HAL_Driver/Src/stm32f4xx_hal.o
                0x0000000008000da8                HAL_IncTick
 .text.HAL_GetTick
                0x0000000008000dd0       0x18 ./Drivers/STM32F4xx_HAL_Driver/Src/stm32f4xx_hal.o
                0x0000000008000dd0                HAL_GetTick
 .text.HAL_Delay
                0x0000000008000de8       0x48 ./Drivers/STM32F4xx_HAL_Driver/Src/stm32f4xx_hal.o
                0x0000000008000de8                HAL_Delay
 .text.__NVIC_SetPriorityGrouping
                0x0000000008000e30       0x48 ./Drivers/STM32F4xx_HAL_Driver/Src/stm32f4xx_hal_cortex.o
 .text.__NVIC_GetPriorityGrouping
                0x0000000008000e78       0x1c ./Drivers/STM32F4xx_HAL_Driver/Src/stm32f4xx_hal_cortex.o
 .text.__NVIC_EnableIRQ
                0x0000000008000e94       0x3c ./Drivers/STM32F4xx_HAL_Driver/Src/stm32f4xx_hal_cortex.o
 .text.__NVIC_SetPriority
                0x0000000008000ed0       0x54 ./Drivers/STM32F4xx_HAL_Driver/Src/stm32f4xx_hal_cortex.o
 .text.NVIC_EncodePriority
                0x0000000008000f24       0x66 ./Drivers/STM32F4xx_HAL_Driver/Src/stm32f4xx_hal_cortex.o
 .text.HAL_NVIC_SetPriorityGrouping
                0x0000000008000f8a       0x16 ./Drivers/STM32F4xx_HAL_Driver/Src/stm32f4xx_hal_cortex.o
                0x0000000008000f8a                HAL_NVIC_SetPriorityGrouping
 .text.HAL_NVIC_SetPriority
                0x0000000008000fa0       0x38 ./Drivers/STM32F4xx_HAL_Driver/Src/stm32f4xx_hal_cortex.o
                0x0000000008000fa0                HAL_NVIC_SetPriority
 .text.HAL_NVIC_EnableIRQ
                0x0000000008000fd8       0x1c ./Drivers/STM32F4xx_HAL_Driver/Src/stm32f4xx_hal_cortex.o
                0x0000000008000fd8                HAL_NVIC_EnableIRQ
 .text.HAL_GPIO_Init
                0x0000000008000ff4      0x338 ./Drivers/STM32F4xx_HAL_Driver/Src/stm32f4xx_hal_gpio.o
                0x0000000008000ff4                HAL_GPIO_Init
 .text.HAL_PCD_Init
                0x000000000800132c      0x23a ./Drivers/STM32F4xx_HAL_Driver/Src/stm32f4xx_hal_pcd.o
                0x000000000800132c                HAL_PCD_Init
 .text.HAL_PCD_Start
                0x0000000008001566       0x66 ./Drivers/STM32F4xx_HAL_Driver/Src/stm32f4xx_hal_pcd.o
                0x0000000008001566                HAL_PCD_Start
 .text.HAL_PCD_IRQHandler
                0x00000000080015cc      0x93e ./Drivers/STM32F4xx_HAL_Driver/Src/stm32f4xx_hal_pcd.o
                0x00000000080015cc                HAL_PCD_IRQHandler
 .text.HAL_PCD_SetAddress
                0x0000000008001f0a       0x4a ./Drivers/STM32F4xx_HAL_Driver/Src/stm32f4xx_hal_pcd.o
                0x0000000008001f0a                HAL_PCD_SetAddress
 .text.HAL_PCD_EP_Open
                0x0000000008001f54       0xd0 ./Drivers/STM32F4xx_HAL_Driver/Src/stm32f4xx_hal_pcd.o
                0x0000000008001f54                HAL_PCD_EP_Open
 .text.HAL_PCD_EP_Close
                0x0000000008002024       0x94 ./Drivers/STM32F4xx_HAL_Driver/Src/stm32f4xx_hal_pcd.o
                0x0000000008002024                HAL_PCD_EP_Close
 .text.HAL_PCD_EP_Receive
                0x00000000080020b8       0x96 ./Drivers/STM32F4xx_HAL_Driver/Src/stm32f4xx_hal_pcd.o
                0x00000000080020b8                HAL_PCD_EP_Receive
 .text.HAL_PCD_EP_GetRxCount
                0x000000000800214e       0x30 ./Drivers/STM32F4xx_HAL_Driver/Src/stm32f4xx_hal_pcd.o
                0x000000000800214e                HAL_PCD_EP_GetRxCount
 .text.HAL_PCD_EP_Transmit
                0x000000000800217e       0x94 ./Drivers/STM32F4xx_HAL_Driver/Src/stm32f4xx_hal_pcd.o
                0x000000000800217e                HAL_PCD_EP_Transmit
 .text.HAL_PCD_EP_SetStall
                0x0000000008002212       0xc8 ./Drivers/STM32F4xx_HAL_Driver/Src/stm32f4xx_hal_pcd.o
                0x0000000008002212                HAL_PCD_EP_SetStall
 .text.HAL_PCD_EP_ClrStall
                0x00000000080022da       0xac ./Drivers/STM32F4xx_HAL_Driver/Src/stm32f4xx_hal_pcd.o
                0x00000000080022da                HAL_PCD_EP_ClrStall
 .text.HAL_PCD_EP_Abort
                0x0000000008002386       0x62 ./Drivers/STM32F4xx_HAL_Driver/Src/stm32f4xx_hal_pcd.o
                0x0000000008002386                HAL_PCD_EP_Abort
 .text.PCD_WriteEmptyTxFifo
                0x00000000080023e8      0x11a ./Drivers/STM32F4xx_HAL_Driver/Src/stm32f4xx_hal_pcd.o
 *fill*         0x0000000008002502        0x2 
 .text.PCD_EP_OutXfrComplete_int
                0x0000000008002504      0x1d0 ./Drivers/STM32F4xx_HAL_Driver/Src/stm32f4xx_hal_pcd.o
 .text.PCD_EP_OutSetupPacket_int
                0x00000000080026d4       0x8c ./Drivers/STM32F4xx_HAL_Driver/Src/stm32f4xx_hal_pcd.o
 .text.HAL_PCDEx_SetTxFiFo
                0x0000000008002760       0x8e ./Drivers/STM32F4xx_HAL_Driver/Src/stm32f4xx_hal_pcd_ex.o
                0x0000000008002760                HAL_PCDEx_SetTxFiFo
 .text.HAL_PCDEx_SetRxFiFo
                0x00000000080027ee       0x22 ./Drivers/STM32F4xx_HAL_Driver/Src/stm32f4xx_hal_pcd_ex.o
                0x00000000080027ee                HAL_PCDEx_SetRxFiFo
 .text.HAL_PCDEx_LPM_Callback
                0x0000000008002810       0x18 ./Drivers/STM32F4xx_HAL_Driver/Src/stm32f4xx_hal_pcd_ex.o
                0x0000000008002810                HAL_PCDEx_LPM_Callback
 .text.HAL_RCC_OscConfig
                0x0000000008002828      0x4f0 ./Drivers/STM32F4xx_HAL_Driver/Src/stm32f4xx_hal_rcc.o
                0x0000000008002828                HAL_RCC_OscConfig
 .text.HAL_RCC_ClockConfig
                0x0000000008002d18      0x1cc ./Drivers/STM32F4xx_HAL_Driver/Src/stm32f4xx_hal_rcc.o
                0x0000000008002d18                HAL_RCC_ClockConfig
 .text.HAL_RCC_GetSysClockFreq
                0x0000000008002ee4      0x20c ./Drivers/STM32F4xx_HAL_Driver/Src/stm32f4xx_hal_rcc.o
                0x0000000008002ee4                HAL_RCC_GetSysClockFreq
 .text.HAL_RCC_GetHCLKFreq
                0x00000000080030f0       0x18 ./Drivers/STM32F4xx_HAL_Driver/Src/stm32f4xx_hal_rcc.o
                0x00000000080030f0                HAL_RCC_GetHCLKFreq
 .text.HAL_RCC_GetPCLK2Freq
                0x0000000008003108       0x28 ./Drivers/STM32F4xx_HAL_Driver/Src/stm32f4xx_hal_rcc.o
                0x0000000008003108                HAL_RCC_GetPCLK2Freq
 .text.HAL_RCC_GetClockConfig
                0x0000000008003130       0x64 ./Drivers/STM32F4xx_HAL_Driver/Src/stm32f4xx_hal_rcc.o
                0x0000000008003130                HAL_RCC_GetClockConfig
 .text.HAL_TIM_Base_Init
                0x0000000008003194       0x9e ./Drivers/STM32F4xx_HAL_Driver/Src/stm32f4xx_hal_tim.o
                0x0000000008003194                HAL_TIM_Base_Init
 .text.HAL_TIM_Base_MspInit
                0x0000000008003232       0x14 ./Drivers/STM32F4xx_HAL_Driver/Src/stm32f4xx_hal_tim.o
                0x0000000008003232                HAL_TIM_Base_MspInit
 *fill*         0x0000000008003246        0x2 
 .text.HAL_TIM_Base_Start_IT
                0x0000000008003248       0xe0 ./Drivers/STM32F4xx_HAL_Driver/Src/stm32f4xx_hal_tim.o
                0x0000000008003248                HAL_TIM_Base_Start_IT
 .text.HAL_TIM_IRQHandler
                0x0000000008003328      0x210 ./Drivers/STM32F4xx_HAL_Driver/Src/stm32f4xx_hal_tim.o
                0x0000000008003328                HAL_TIM_IRQHandler
 .text.HAL_TIM_OC_DelayElapsedCallback
                0x0000000008003538       0x14 ./Drivers/STM32F4xx_HAL_Driver/Src/stm32f4xx_hal_tim.o
                0x0000000008003538                HAL_TIM_OC_DelayElapsedCallback
 .text.HAL_TIM_IC_CaptureCallback
                0x000000000800354c       0x14 ./Drivers/STM32F4xx_HAL_Driver/Src/stm32f4xx_hal_tim.o
                0x000000000800354c                HAL_TIM_IC_CaptureCallback
 .text.HAL_TIM_PWM_PulseFinishedCallback
                0x0000000008003560       0x14 ./Drivers/STM32F4xx_HAL_Driver/Src/stm32f4xx_hal_tim.o
                0x0000000008003560                HAL_TIM_PWM_PulseFinishedCallback
 .text.HAL_TIM_TriggerCallback
                0x0000000008003574       0x14 ./Drivers/STM32F4xx_HAL_Driver/Src/stm32f4xx_hal_tim.o
                0x0000000008003574                HAL_TIM_TriggerCallback
 .text.TIM_Base_SetConfig
                0x0000000008003588      0x140 ./Drivers/STM32F4xx_HAL_Driver/Src/stm32f4xx_hal_tim.o
                0x0000000008003588                TIM_Base_SetConfig
 .text.HAL_TIMEx_CommutCallback
                0x00000000080036c8       0x14 ./Drivers/STM32F4xx_HAL_Driver/Src/stm32f4xx_hal_tim_ex.o
                0x00000000080036c8                HAL_TIMEx_CommutCallback
 .text.HAL_TIMEx_BreakCallback
                0x00000000080036dc       0x14 ./Drivers/STM32F4xx_HAL_Driver/Src/stm32f4xx_hal_tim_ex.o
                0x00000000080036dc                HAL_TIMEx_BreakCallback
 .text.USB_CoreInit
                0x00000000080036f0       0xc2 ./Drivers/STM32F4xx_HAL_Driver/Src/stm32f4xx_ll_usb.o
                0x00000000080036f0                USB_CoreInit
 *fill*         0x00000000080037b2        0x2 
 .text.USB_SetTurnaroundTime
                0x00000000080037b4      0x144 ./Drivers/STM32F4xx_HAL_Driver/Src/stm32f4xx_ll_usb.o
                0x00000000080037b4                USB_SetTurnaroundTime
 .text.USB_EnableGlobalInt
                0x00000000080038f8       0x22 ./Drivers/STM32F4xx_HAL_Driver/Src/stm32f4xx_ll_usb.o
                0x00000000080038f8                USB_EnableGlobalInt
 .text.USB_DisableGlobalInt
                0x000000000800391a       0x22 ./Drivers/STM32F4xx_HAL_Driver/Src/stm32f4xx_ll_usb.o
                0x000000000800391a                USB_DisableGlobalInt
 .text.USB_SetCurrentMode
                0x000000000800393c       0x98 ./Drivers/STM32F4xx_HAL_Driver/Src/stm32f4xx_ll_usb.o
                0x000000000800393c                USB_SetCurrentMode
 .text.USB_DevInit
                0x00000000080039d4      0x2c8 ./Drivers/STM32F4xx_HAL_Driver/Src/stm32f4xx_ll_usb.o
                0x00000000080039d4                USB_DevInit
 .text.USB_FlushTxFifo
                0x0000000008003c9c       0x68 ./Drivers/STM32F4xx_HAL_Driver/Src/stm32f4xx_ll_usb.o
                0x0000000008003c9c                USB_FlushTxFifo
 .text.USB_FlushRxFifo
                0x0000000008003d04       0x60 ./Drivers/STM32F4xx_HAL_Driver/Src/stm32f4xx_ll_usb.o
                0x0000000008003d04                USB_FlushRxFifo
 .text.USB_SetDevSpeed
                0x0000000008003d64       0x32 ./Drivers/STM32F4xx_HAL_Driver/Src/stm32f4xx_ll_usb.o
                0x0000000008003d64                USB_SetDevSpeed
 .text.USB_GetDevSpeed
                0x0000000008003d96       0x4a ./Drivers/STM32F4xx_HAL_Driver/Src/stm32f4xx_ll_usb.o
                0x0000000008003d96                USB_GetDevSpeed
 .text.USB_ActivateEndpoint
                0x0000000008003de0      0x10e ./Drivers/STM32F4xx_HAL_Driver/Src/stm32f4xx_ll_usb.o
                0x0000000008003de0                USB_ActivateEndpoint
 *fill*         0x0000000008003eee        0x2 
 .text.USB_DeactivateEndpoint
                0x0000000008003ef0      0x1b8 ./Drivers/STM32F4xx_HAL_Driver/Src/stm32f4xx_ll_usb.o
                0x0000000008003ef0                USB_DeactivateEndpoint
 .text.USB_EPStartXfer
                0x00000000080040a8      0x490 ./Drivers/STM32F4xx_HAL_Driver/Src/stm32f4xx_ll_usb.o
                0x00000000080040a8                USB_EPStartXfer
 .text.USB_EP0StartXfer
                0x0000000008004538      0x2b0 ./Drivers/STM32F4xx_HAL_Driver/Src/stm32f4xx_ll_usb.o
                0x0000000008004538                USB_EP0StartXfer
 .text.USB_EPStopXfer
                0x00000000080047e8      0x154 ./Drivers/STM32F4xx_HAL_Driver/Src/stm32f4xx_ll_usb.o
                0x00000000080047e8                USB_EPStopXfer
 .text.USB_WritePacket
                0x000000000800493c       0x7c ./Drivers/STM32F4xx_HAL_Driver/Src/stm32f4xx_ll_usb.o
                0x000000000800493c                USB_WritePacket
 .text.USB_ReadPacket
                0x00000000080049b8       0xb0 ./Drivers/STM32F4xx_HAL_Driver/Src/stm32f4xx_ll_usb.o
                0x00000000080049b8                USB_ReadPacket
 .text.USB_EPSetStall
                0x0000000008004a68       0xdc ./Drivers/STM32F4xx_HAL_Driver/Src/stm32f4xx_ll_usb.o
                0x0000000008004a68                USB_EPSetStall
 .text.USB_EPClearStall
                0x0000000008004b44       0xcc ./Drivers/STM32F4xx_HAL_Driver/Src/stm32f4xx_ll_usb.o
                0x0000000008004b44                USB_EPClearStall
 .text.USB_SetDevAddress
                0x0000000008004c10       0x4c ./Drivers/STM32F4xx_HAL_Driver/Src/stm32f4xx_ll_usb.o
                0x0000000008004c10                USB_SetDevAddress
 .text.USB_DevConnect
                0x0000000008004c5c       0x42 ./Drivers/STM32F4xx_HAL_Driver/Src/stm32f4xx_ll_usb.o
                0x0000000008004c5c                USB_DevConnect
 .text.USB_DevDisconnect
                0x0000000008004c9e       0x42 ./Drivers/STM32F4xx_HAL_Driver/Src/stm32f4xx_ll_usb.o
                0x0000000008004c9e                USB_DevDisconnect
 .text.USB_ReadInterrupts
                0x0000000008004ce0       0x26 ./Drivers/STM32F4xx_HAL_Driver/Src/stm32f4xx_ll_usb.o
                0x0000000008004ce0                USB_ReadInterrupts
 .text.USB_ReadDevAllOutEpInterrupt
                0x0000000008004d06       0x34 ./Drivers/STM32F4xx_HAL_Driver/Src/stm32f4xx_ll_usb.o
                0x0000000008004d06                USB_ReadDevAllOutEpInterrupt
 .text.USB_ReadDevAllInEpInterrupt
                0x0000000008004d3a       0x34 ./Drivers/STM32F4xx_HAL_Driver/Src/stm32f4xx_ll_usb.o
                0x0000000008004d3a                USB_ReadDevAllInEpInterrupt
 .text.USB_ReadDevOutEPInterrupt
                0x0000000008004d6e       0x3c ./Drivers/STM32F4xx_HAL_Driver/Src/stm32f4xx_ll_usb.o
                0x0000000008004d6e                USB_ReadDevOutEPInterrupt
 .text.USB_ReadDevInEPInterrupt
                0x0000000008004daa       0x5c ./Drivers/STM32F4xx_HAL_Driver/Src/stm32f4xx_ll_usb.o
                0x0000000008004daa                USB_ReadDevInEPInterrupt
 .text.USB_GetMode
                0x0000000008004e06       0x1c ./Drivers/STM32F4xx_HAL_Driver/Src/stm32f4xx_ll_usb.o
                0x0000000008004e06                USB_GetMode
 .text.USB_ActivateSetup
                0x0000000008004e22       0x46 ./Drivers/STM32F4xx_HAL_Driver/Src/stm32f4xx_ll_usb.o
                0x0000000008004e22                USB_ActivateSetup
 .text.USB_EP0_OutStart
                0x0000000008004e68       0xbc ./Drivers/STM32F4xx_HAL_Driver/Src/stm32f4xx_ll_usb.o
                0x0000000008004e68                USB_EP0_OutStart
 .text.USB_CoreReset
                0x0000000008004f24       0x68 ./Drivers/STM32F4xx_HAL_Driver/Src/stm32f4xx_ll_usb.o
 .text.USBD_CDC_Init
                0x0000000008004f8c      0x1f0 ./Middlewares/ST/STM32_USB_Device_Library/Class/CDC/Src/usbd_cdc.o
 .text.USBD_CDC_DeInit
                0x000000000800517c      0x104 ./Middlewares/ST/STM32_USB_Device_Library/Class/CDC/Src/usbd_cdc.o
 .text.USBD_CDC_Setup
                0x0000000008005280      0x1b8 ./Middlewares/ST/STM32_USB_Device_Library/Class/CDC/Src/usbd_cdc.o
 .text.USBD_CDC_DataIn
                0x0000000008005438       0xfe ./Middlewares/ST/STM32_USB_Device_Library/Class/CDC/Src/usbd_cdc.o
 .text.USBD_CDC_DataOut
                0x0000000008005536       0x70 ./Middlewares/ST/STM32_USB_Device_Library/Class/CDC/Src/usbd_cdc.o
 .text.USBD_CDC_EP0_RxReady
                0x00000000080055a6       0x76 ./Middlewares/ST/STM32_USB_Device_Library/Class/CDC/Src/usbd_cdc.o
 .text.USBD_CDC_GetFSCfgDesc
                0x000000000800561c       0x70 ./Middlewares/ST/STM32_USB_Device_Library/Class/CDC/Src/usbd_cdc.o
 .text.USBD_CDC_GetHSCfgDesc
                0x000000000800568c       0x70 ./Middlewares/ST/STM32_USB_Device_Library/Class/CDC/Src/usbd_cdc.o
 .text.USBD_CDC_GetOtherSpeedCfgDesc
                0x00000000080056fc       0x70 ./Middlewares/ST/STM32_USB_Device_Library/Class/CDC/Src/usbd_cdc.o
 .text.USBD_CDC_GetDeviceQualifierDescriptor
                0x000000000800576c       0x20 ./Middlewares/ST/STM32_USB_Device_Library/Class/CDC/Src/usbd_cdc.o
                0x000000000800576c                USBD_CDC_GetDeviceQualifierDescriptor
 .text.USBD_CDC_RegisterInterface
                0x000000000800578c       0x34 ./Middlewares/ST/STM32_USB_Device_Library/Class/CDC/Src/usbd_cdc.o
                0x000000000800578c                USBD_CDC_RegisterInterface
 .text.USBD_CDC_SetTxBuffer
                0x00000000080057c0       0x44 ./Middlewares/ST/STM32_USB_Device_Library/Class/CDC/Src/usbd_cdc.o
                0x00000000080057c0                USBD_CDC_SetTxBuffer
 .text.USBD_CDC_SetRxBuffer
                0x0000000008005804       0x3a ./Middlewares/ST/STM32_USB_Device_Library/Class/CDC/Src/usbd_cdc.o
                0x0000000008005804                USBD_CDC_SetRxBuffer
 *fill*         0x000000000800583e        0x2 
 .text.USBD_CDC_TransmitPacket
                0x0000000008005840       0x8c ./Middlewares/ST/STM32_USB_Device_Library/Class/CDC/Src/usbd_cdc.o
                0x0000000008005840                USBD_CDC_TransmitPacket
 .text.USBD_CDC_ReceivePacket
                0x00000000080058cc       0x6c ./Middlewares/ST/STM32_USB_Device_Library/Class/CDC/Src/usbd_cdc.o
                0x00000000080058cc                USBD_CDC_ReceivePacket
 .text.USBD_Init
                0x0000000008005938       0x60 ./Middlewares/ST/STM32_USB_Device_Library/Core/Src/usbd_core.o
                0x0000000008005938                USBD_Init
 .text.USBD_RegisterClass
                0x0000000008005998       0x6c ./Middlewares/ST/STM32_USB_Device_Library/Core/Src/usbd_core.o
                0x0000000008005998                USBD_RegisterClass
 .text.USBD_Start
                0x0000000008005a04       0x18 ./Middlewares/ST/STM32_USB_Device_Library/Core/Src/usbd_core.o
                0x0000000008005a04                USBD_Start
 .text.USBD_RunTestMode
                0x0000000008005a1c       0x16 ./Middlewares/ST/STM32_USB_Device_Library/Core/Src/usbd_core.o
                0x0000000008005a1c                USBD_RunTestMode
 .text.USBD_SetClassConfig
                0x0000000008005a32       0x38 ./Middlewares/ST/STM32_USB_Device_Library/Core/Src/usbd_core.o
                0x0000000008005a32                USBD_SetClassConfig
 .text.USBD_ClrClassConfig
                0x0000000008005a6a       0x34 ./Middlewares/ST/STM32_USB_Device_Library/Core/Src/usbd_core.o
                0x0000000008005a6a                USBD_ClrClassConfig
 .text.USBD_LL_SetupStage
                0x0000000008005a9e       0xaa ./Middlewares/ST/STM32_USB_Device_Library/Core/Src/usbd_core.o
                0x0000000008005a9e                USBD_LL_SetupStage
 .text.USBD_LL_DataOutStage
                0x0000000008005b48      0x166 ./Middlewares/ST/STM32_USB_Device_Library/Core/Src/usbd_core.o
                0x0000000008005b48                USBD_LL_DataOutStage
 .text.USBD_LL_DataInStage
                0x0000000008005cae      0x164 ./Middlewares/ST/STM32_USB_Device_Library/Core/Src/usbd_core.o
                0x0000000008005cae                USBD_LL_DataInStage
 .text.USBD_LL_Reset
                0x0000000008005e12       0xa4 ./Middlewares/ST/STM32_USB_Device_Library/Core/Src/usbd_core.o
                0x0000000008005e12                USBD_LL_Reset
 .text.USBD_LL_SetSpeed
                0x0000000008005eb6       0x20 ./Middlewares/ST/STM32_USB_Device_Library/Core/Src/usbd_core.o
                0x0000000008005eb6                USBD_LL_SetSpeed
 .text.USBD_LL_Suspend
                0x0000000008005ed6       0x2c ./Middlewares/ST/STM32_USB_Device_Library/Core/Src/usbd_core.o
                0x0000000008005ed6                USBD_LL_Suspend
 .text.USBD_LL_Resume
                0x0000000008005f02       0x30 ./Middlewares/ST/STM32_USB_Device_Library/Core/Src/usbd_core.o
                0x0000000008005f02                USBD_LL_Resume
 .text.USBD_LL_SOF
                0x0000000008005f32       0x40 ./Middlewares/ST/STM32_USB_Device_Library/Core/Src/usbd_core.o
                0x0000000008005f32                USBD_LL_SOF
 .text.USBD_LL_IsoINIncomplete
                0x0000000008005f72       0x64 ./Middlewares/ST/STM32_USB_Device_Library/Core/Src/usbd_core.o
                0x0000000008005f72                USBD_LL_IsoINIncomplete
 .text.USBD_LL_IsoOUTIncomplete
                0x0000000008005fd6       0x64 ./Middlewares/ST/STM32_USB_Device_Library/Core/Src/usbd_core.o
                0x0000000008005fd6                USBD_LL_IsoOUTIncomplete
 .text.USBD_LL_DevConnected
                0x000000000800603a       0x16 ./Middlewares/ST/STM32_USB_Device_Library/Core/Src/usbd_core.o
                0x000000000800603a                USBD_LL_DevConnected
 .text.USBD_LL_DevDisconnected
                0x0000000008006050       0x46 ./Middlewares/ST/STM32_USB_Device_Library/Core/Src/usbd_core.o
                0x0000000008006050                USBD_LL_DevDisconnected
 .text.USBD_CoreFindIF
                0x0000000008006096       0x1a ./Middlewares/ST/STM32_USB_Device_Library/Core/Src/usbd_core.o
                0x0000000008006096                USBD_CoreFindIF
 .text.USBD_CoreFindEP
                0x00000000080060b0       0x1a ./Middlewares/ST/STM32_USB_Device_Library/Core/Src/usbd_core.o
                0x00000000080060b0                USBD_CoreFindEP
 .text.USBD_GetEpDesc
                0x00000000080060ca       0x74 ./Middlewares/ST/STM32_USB_Device_Library/Core/Src/usbd_core.o
                0x00000000080060ca                USBD_GetEpDesc
 .text.USBD_GetNextDesc
                0x000000000800613e       0x3a ./Middlewares/ST/STM32_USB_Device_Library/Core/Src/usbd_core.o
                0x000000000800613e                USBD_GetNextDesc
 .text.SWAPBYTE
                0x0000000008006178       0x3c ./Middlewares/ST/STM32_USB_Device_Library/Core/Src/usbd_ctlreq.o
 .text.USBD_StdDevReq
                0x00000000080061b4       0xe4 ./Middlewares/ST/STM32_USB_Device_Library/Core/Src/usbd_ctlreq.o
                0x00000000080061b4                USBD_StdDevReq
 .text.USBD_StdItfReq
                0x0000000008006298       0xd8 ./Middlewares/ST/STM32_USB_Device_Library/Core/Src/usbd_ctlreq.o
                0x0000000008006298                USBD_StdItfReq
 .text.USBD_StdEPReq
                0x0000000008006370      0x33a ./Middlewares/ST/STM32_USB_Device_Library/Core/Src/usbd_ctlreq.o
                0x0000000008006370                USBD_StdEPReq
 *fill*         0x00000000080066aa        0x2 
 .text.USBD_GetDescriptor
                0x00000000080066ac      0x2d4 ./Middlewares/ST/STM32_USB_Device_Library/Core/Src/usbd_ctlreq.o
 .text.USBD_SetAddress
                0x0000000008006980       0x88 ./Middlewares/ST/STM32_USB_Device_Library/Core/Src/usbd_ctlreq.o
 .text.USBD_SetConfig
                0x0000000008006a08      0x154 ./Middlewares/ST/STM32_USB_Device_Library/Core/Src/usbd_ctlreq.o
 .text.USBD_GetConfig
                0x0000000008006b5c       0x6c ./Middlewares/ST/STM32_USB_Device_Library/Core/Src/usbd_ctlreq.o
 .text.USBD_GetStatus
                0x0000000008006bc8       0x68 ./Middlewares/ST/STM32_USB_Device_Library/Core/Src/usbd_ctlreq.o
 .text.USBD_SetFeature
                0x0000000008006c30       0x52 ./Middlewares/ST/STM32_USB_Device_Library/Core/Src/usbd_ctlreq.o
 .text.USBD_ClrFeature
                0x0000000008006c82       0x44 ./Middlewares/ST/STM32_USB_Device_Library/Core/Src/usbd_ctlreq.o
 .text.USBD_ParseSetupRequest
                0x0000000008006cc6       0x74 ./Middlewares/ST/STM32_USB_Device_Library/Core/Src/usbd_ctlreq.o
                0x0000000008006cc6                USBD_ParseSetupRequest
 .text.USBD_CtlError
                0x0000000008006d3a       0x22 ./Middlewares/ST/STM32_USB_Device_Library/Core/Src/usbd_ctlreq.o
                0x0000000008006d3a                USBD_CtlError
 .text.USBD_GetString
                0x0000000008006d5c       0x8c ./Middlewares/ST/STM32_USB_Device_Library/Core/Src/usbd_ctlreq.o
                0x0000000008006d5c                USBD_GetString
 .text.USBD_GetLen
                0x0000000008006de8       0x34 ./Middlewares/ST/STM32_USB_Device_Library/Core/Src/usbd_ctlreq.o
 .text.USBD_CtlSendData
                0x0000000008006e1c       0x36 ./Middlewares/ST/STM32_USB_Device_Library/Core/Src/usbd_ioreq.o
                0x0000000008006e1c                USBD_CtlSendData
 .text.USBD_CtlContinueSendData
                0x0000000008006e52       0x22 ./Middlewares/ST/STM32_USB_Device_Library/Core/Src/usbd_ioreq.o
                0x0000000008006e52                USBD_CtlContinueSendData
 .text.USBD_CtlPrepareRx
                0x0000000008006e74       0x3a ./Middlewares/ST/STM32_USB_Device_Library/Core/Src/usbd_ioreq.o
                0x0000000008006e74                USBD_CtlPrepareRx
 .text.USBD_CtlContinueRx
                0x0000000008006eae       0x22 ./Middlewares/ST/STM32_USB_Device_Library/Core/Src/usbd_ioreq.o
                0x0000000008006eae                USBD_CtlContinueRx
 .text.USBD_CtlSendStatus
                0x0000000008006ed0       0x26 ./Middlewares/ST/STM32_USB_Device_Library/Core/Src/usbd_ioreq.o
                0x0000000008006ed0                USBD_CtlSendStatus
 .text.USBD_CtlReceiveStatus
                0x0000000008006ef6       0x26 ./Middlewares/ST/STM32_USB_Device_Library/Core/Src/usbd_ioreq.o
                0x0000000008006ef6                USBD_CtlReceiveStatus
 .text.__NVIC_SetPriority
                0x0000000008006f1c       0x54 ./Middlewares/Third_Party/FreeRTOS/Source/CMSIS_RTOS_V2/cmsis_os2.o
 .text.SysTick_Handler
                0x0000000008006f70       0x20 ./Middlewares/Third_Party/FreeRTOS/Source/CMSIS_RTOS_V2/cmsis_os2.o
                0x0000000008006f70                SysTick_Handler
 .text.SVC_Setup
                0x0000000008006f90       0x12 ./Middlewares/Third_Party/FreeRTOS/Source/CMSIS_RTOS_V2/cmsis_os2.o
 *fill*         0x0000000008006fa2        0x2 
 .text.osKernelInitialize
                0x0000000008006fa4       0x48 ./Middlewares/Third_Party/FreeRTOS/Source/CMSIS_RTOS_V2/cmsis_os2.o
                0x0000000008006fa4                osKernelInitialize
 .text.osKernelStart
                0x0000000008006fec       0x4c ./Middlewares/Third_Party/FreeRTOS/Source/CMSIS_RTOS_V2/cmsis_os2.o
                0x0000000008006fec                osKernelStart
 .text.osThreadNew
                0x0000000008007038      0x124 ./Middlewares/Third_Party/FreeRTOS/Source/CMSIS_RTOS_V2/cmsis_os2.o
                0x0000000008007038                osThreadNew
 .text.vApplicationGetIdleTaskMemory
                0x000000000800715c       0x34 ./Middlewares/Third_Party/FreeRTOS/Source/CMSIS_RTOS_V2/cmsis_os2.o
                0x000000000800715c                vApplicationGetIdleTaskMemory
 .text.vApplicationGetTimerTaskMemory
                0x0000000008007190       0x34 ./Middlewares/Third_Party/FreeRTOS/Source/CMSIS_RTOS_V2/cmsis_os2.o
                0x0000000008007190                vApplicationGetTimerTaskMemory
 .text.vListInitialise
                0x00000000080071c4       0x40 ./Middlewares/Third_Party/FreeRTOS/Source/list.o
                0x00000000080071c4                vListInitialise
 .text.vListInitialiseItem
                0x0000000008007204       0x1a ./Middlewares/Third_Party/FreeRTOS/Source/list.o
                0x0000000008007204                vListInitialiseItem
 .text.vListInsertEnd
                0x000000000800721e       0x48 ./Middlewares/Third_Party/FreeRTOS/Source/list.o
                0x000000000800721e                vListInsertEnd
 .text.vListInsert
                0x0000000008007266       0x72 ./Middlewares/Third_Party/FreeRTOS/Source/list.o
                0x0000000008007266                vListInsert
 .text.uxListRemove
                0x00000000080072d8       0x54 ./Middlewares/Third_Party/FreeRTOS/Source/list.o
                0x00000000080072d8                uxListRemove
 .text.xQueueGenericReset
                0x000000000800732c       0xd0 ./Middlewares/Third_Party/FreeRTOS/Source/queue.o
                0x000000000800732c                xQueueGenericReset
 .text.xQueueGenericCreateStatic
                0x00000000080073fc       0xf0 ./Middlewares/Third_Party/FreeRTOS/Source/queue.o
                0x00000000080073fc                xQueueGenericCreateStatic
 .text.xQueueGenericCreate
                0x00000000080074ec       0x74 ./Middlewares/Third_Party/FreeRTOS/Source/queue.o
                0x00000000080074ec                xQueueGenericCreate
 .text.prvInitialiseNewQueue
                0x0000000008007560       0x46 ./Middlewares/Third_Party/FreeRTOS/Source/queue.o
 .text.prvInitialiseMutex
                0x00000000080075a6       0x34 ./Middlewares/Third_Party/FreeRTOS/Source/queue.o
 .text.xQueueCreateMutex
                0x00000000080075da       0x30 ./Middlewares/Third_Party/FreeRTOS/Source/queue.o
                0x00000000080075da                xQueueCreateMutex
 *fill*         0x000000000800760a        0x2 
 .text.xQueueGenericSend
                0x000000000800760c      0x1fc ./Middlewares/Third_Party/FreeRTOS/Source/queue.o
                0x000000000800760c                xQueueGenericSend
 .text.xQueueGenericSendFromISR
                0x0000000008007808      0x136 ./Middlewares/Third_Party/FreeRTOS/Source/queue.o
                0x0000000008007808                xQueueGenericSendFromISR
 .text.xQueueGiveFromISR
                0x000000000800793e      0x11a ./Middlewares/Third_Party/FreeRTOS/Source/queue.o
                0x000000000800793e                xQueueGiveFromISR
 .text.xQueueReceive
                0x0000000008007a58      0x1c0 ./Middlewares/Third_Party/FreeRTOS/Source/queue.o
                0x0000000008007a58                xQueueReceive
 .text.xQueueSemaphoreTake
                0x0000000008007c18      0x218 ./Middlewares/Third_Party/FreeRTOS/Source/queue.o
                0x0000000008007c18                xQueueSemaphoreTake
 .text.prvGetDisinheritPriorityAfterTimeout
                0x0000000008007e30       0x30 ./Middlewares/Third_Party/FreeRTOS/Source/queue.o
 .text.prvCopyDataToQueue
                0x0000000008007e60       0xd4 ./Middlewares/Third_Party/FreeRTOS/Source/queue.o
 .text.prvCopyDataFromQueue
                0x0000000008007f34       0x4c ./Middlewares/Third_Party/FreeRTOS/Source/queue.o
 .text.prvUnlockQueue
                0x0000000008007f80       0xa4 ./Middlewares/Third_Party/FreeRTOS/Source/queue.o
 .text.prvIsQueueEmpty
                0x0000000008008024       0x2c ./Middlewares/Third_Party/FreeRTOS/Source/queue.o
 .text.prvIsQueueFull
                0x0000000008008050       0x30 ./Middlewares/Third_Party/FreeRTOS/Source/queue.o
 .text.vQueueAddToRegistry
                0x0000000008008080       0x54 ./Middlewares/Third_Party/FreeRTOS/Source/queue.o
                0x0000000008008080                vQueueAddToRegistry
 .text.vQueueWaitForMessageRestricted
                0x00000000080080d4       0x68 ./Middlewares/Third_Party/FreeRTOS/Source/queue.o
                0x00000000080080d4                vQueueWaitForMessageRestricted
 .text.xStreamBufferGenericCreate
                0x000000000800813c       0xb6 ./Middlewares/Third_Party/FreeRTOS/Source/stream_buffer.o
                0x000000000800813c                xStreamBufferGenericCreate
 .text.xStreamBufferSpacesAvailable
                0x00000000080081f2       0x66 ./Middlewares/Third_Party/FreeRTOS/Source/stream_buffer.o
                0x00000000080081f2                xStreamBufferSpacesAvailable
 .text.xStreamBufferSend
                0x0000000008008258      0x16a ./Middlewares/Third_Party/FreeRTOS/Source/stream_buffer.o
                0x0000000008008258                xStreamBufferSend
 .text.xStreamBufferSendFromISR
                0x00000000080083c2       0xe2 ./Middlewares/Third_Party/FreeRTOS/Source/stream_buffer.o
                0x00000000080083c2                xStreamBufferSendFromISR
 .text.prvWriteMessageToBuffer
                0x00000000080084a4       0x7a ./Middlewares/Third_Party/FreeRTOS/Source/stream_buffer.o
 .text.xStreamBufferReceive
                0x000000000800851e      0x12a ./Middlewares/Third_Party/FreeRTOS/Source/stream_buffer.o
                0x000000000800851e                xStreamBufferReceive
 .text.prvReadMessageFromBuffer
                0x0000000008008648       0x64 ./Middlewares/Third_Party/FreeRTOS/Source/stream_buffer.o
 .text.prvWriteBytesToBuffer
                0x00000000080086ac       0xe4 ./Middlewares/Third_Party/FreeRTOS/Source/stream_buffer.o
 .text.prvReadBytesFromBuffer
                0x0000000008008790       0xf4 ./Middlewares/Third_Party/FreeRTOS/Source/stream_buffer.o
 .text.prvBytesInBuffer
                0x0000000008008884       0x40 ./Middlewares/Third_Party/FreeRTOS/Source/stream_buffer.o
 .text.prvInitialiseNewStreamBuffer
                0x00000000080088c4       0x66 ./Middlewares/Third_Party/FreeRTOS/Source/stream_buffer.o
 .text.xTaskCreateStatic
                0x000000000800892a       0xba ./Middlewares/Third_Party/FreeRTOS/Source/tasks.o
                0x000000000800892a                xTaskCreateStatic
 .text.xTaskCreate
                0x00000000080089e4       0x8a ./Middlewares/Third_Party/FreeRTOS/Source/tasks.o
                0x00000000080089e4                xTaskCreate
 *fill*         0x0000000008008a6e        0x2 
 .text.prvInitialiseNewTask
                0x0000000008008a70      0x14c ./Middlewares/Third_Party/FreeRTOS/Source/tasks.o
 .text.prvAddNewTaskToReadyList
                0x0000000008008bbc       0xe0 ./Middlewares/Third_Party/FreeRTOS/Source/tasks.o
 .text.eTaskGetState
                0x0000000008008c9c       0xcc ./Middlewares/Third_Party/FreeRTOS/Source/tasks.o
                0x0000000008008c9c                eTaskGetState
 .text.vTaskStartScheduler
                0x0000000008008d68       0xe0 ./Middlewares/Third_Party/FreeRTOS/Source/tasks.o
                0x0000000008008d68                vTaskStartScheduler
 .text.vTaskSuspendAll
                0x0000000008008e48       0x1c ./Middlewares/Third_Party/FreeRTOS/Source/tasks.o
                0x0000000008008e48                vTaskSuspendAll
 .text.xTaskResumeAll
                0x0000000008008e64      0x13c ./Middlewares/Third_Party/FreeRTOS/Source/tasks.o
                0x0000000008008e64                xTaskResumeAll
 .text.xTaskGetTickCount
                0x0000000008008fa0       0x20 ./Middlewares/Third_Party/FreeRTOS/Source/tasks.o
                0x0000000008008fa0                xTaskGetTickCount
 .text.uxTaskGetSystemState
                0x0000000008008fc0      0x11c ./Middlewares/Third_Party/FreeRTOS/Source/tasks.o
                0x0000000008008fc0                uxTaskGetSystemState
 .text.xTaskIncrementTick
                0x00000000080090dc      0x174 ./Middlewares/Third_Party/FreeRTOS/Source/tasks.o
                0x00000000080090dc                xTaskIncrementTick
 .text.vTaskSwitchContext
                0x0000000008009250       0xc8 ./Middlewares/Third_Party/FreeRTOS/Source/tasks.o
                0x0000000008009250                vTaskSwitchContext
 .text.vTaskPlaceOnEventList
                0x0000000008009318       0x48 ./Middlewares/Third_Party/FreeRTOS/Source/tasks.o
                0x0000000008009318                vTaskPlaceOnEventList
 .text.vTaskPlaceOnEventListRestricted
                0x0000000008009360       0x58 ./Middlewares/Third_Party/FreeRTOS/Source/tasks.o
                0x0000000008009360                vTaskPlaceOnEventListRestricted
 .text.xTaskRemoveFromEventList
                0x00000000080093b8       0xc8 ./Middlewares/Third_Party/FreeRTOS/Source/tasks.o
                0x00000000080093b8                xTaskRemoveFromEventList
 .text.vTaskSetTimeOutState
                0x0000000008009480       0x4c ./Middlewares/Third_Party/FreeRTOS/Source/tasks.o
                0x0000000008009480                vTaskSetTimeOutState
 .text.vTaskInternalSetTimeOutState
                0x00000000080094cc       0x2c ./Middlewares/Third_Party/FreeRTOS/Source/tasks.o
                0x00000000080094cc                vTaskInternalSetTimeOutState
 .text.xTaskCheckForTimeOut
                0x00000000080094f8       0xc4 ./Middlewares/Third_Party/FreeRTOS/Source/tasks.o
                0x00000000080094f8                xTaskCheckForTimeOut
 .text.vTaskMissedYield
                0x00000000080095bc       0x18 ./Middlewares/Third_Party/FreeRTOS/Source/tasks.o
                0x00000000080095bc                vTaskMissedYield
 .text.prvIdleTask
                0x00000000080095d4       0x30 ./Middlewares/Third_Party/FreeRTOS/Source/tasks.o
 .text.prvInitialiseTaskLists
                0x0000000008009604       0x80 ./Middlewares/Third_Party/FreeRTOS/Source/tasks.o
 .text.prvCheckTasksWaitingTermination
                0x0000000008009684       0x5c ./Middlewares/Third_Party/FreeRTOS/Source/tasks.o
 .text.vTaskGetInfo
                0x00000000080096e0       0xcc ./Middlewares/Third_Party/FreeRTOS/Source/tasks.o
                0x00000000080096e0                vTaskGetInfo
 .text.prvListTasksWithinSingleList
                0x00000000080097ac       0xa4 ./Middlewares/Third_Party/FreeRTOS/Source/tasks.o
 .text.prvTaskCheckFreeStackSpace
                0x0000000008009850       0x38 ./Middlewares/Third_Party/FreeRTOS/Source/tasks.o
 .text.prvDeleteTCB
                0x0000000008009888       0x68 ./Middlewares/Third_Party/FreeRTOS/Source/tasks.o
 .text.prvResetNextTaskUnblockTime
                0x00000000080098f0       0x40 ./Middlewares/Third_Party/FreeRTOS/Source/tasks.o
 .text.xTaskGetCurrentTaskHandle
                0x0000000008009930       0x20 ./Middlewares/Third_Party/FreeRTOS/Source/tasks.o
                0x0000000008009930                xTaskGetCurrentTaskHandle
 .text.xTaskGetSchedulerState
                0x0000000008009950       0x3c ./Middlewares/Third_Party/FreeRTOS/Source/tasks.o
                0x0000000008009950                xTaskGetSchedulerState
 .text.xTaskPriorityInherit
                0x000000000800998c       0xd0 ./Middlewares/Third_Party/FreeRTOS/Source/tasks.o
                0x000000000800998c                xTaskPriorityInherit
 .text.xTaskPriorityDisinherit
                0x0000000008009a5c       0xdc ./Middlewares/Third_Party/FreeRTOS/Source/tasks.o
                0x0000000008009a5c                xTaskPriorityDisinherit
 .text.vTaskPriorityDisinheritAfterTimeout
                0x0000000008009b38      0x104 ./Middlewares/Third_Party/FreeRTOS/Source/tasks.o
                0x0000000008009b38                vTaskPriorityDisinheritAfterTimeout
 .text.prvWriteNameToBuffer
                0x0000000008009c3c       0x4a ./Middlewares/Third_Party/FreeRTOS/Source/tasks.o
 *fill*         0x0000000008009c86        0x2 
 .text.vTaskList
                0x0000000008009c88      0x12c ./Middlewares/Third_Party/FreeRTOS/Source/tasks.o
                0x0000000008009c88                vTaskList
 .text.pvTaskIncrementMutexHeldCount
                0x0000000008009db4       0x28 ./Middlewares/Third_Party/FreeRTOS/Source/tasks.o
                0x0000000008009db4                pvTaskIncrementMutexHeldCount
 .text.xTaskNotifyWait
                0x0000000008009ddc       0xc0 ./Middlewares/Third_Party/FreeRTOS/Source/tasks.o
                0x0000000008009ddc                xTaskNotifyWait
 .text.xTaskGenericNotify
                0x0000000008009e9c      0x17c ./Middlewares/Third_Party/FreeRTOS/Source/tasks.o
                0x0000000008009e9c                xTaskGenericNotify
 .text.xTaskGenericNotifyFromISR
                0x000000000800a018      0x1c8 ./Middlewares/Third_Party/FreeRTOS/Source/tasks.o
                0x000000000800a018                xTaskGenericNotifyFromISR
 .text.xTaskNotifyStateClear
                0x000000000800a1e0       0x4c ./Middlewares/Third_Party/FreeRTOS/Source/tasks.o
                0x000000000800a1e0                xTaskNotifyStateClear
 .text.prvAddCurrentTaskToDelayedList
                0x000000000800a22c       0xa8 ./Middlewares/Third_Party/FreeRTOS/Source/tasks.o
 .text.xTimerCreateTimerTask
                0x000000000800a2d4       0x90 ./Middlewares/Third_Party/FreeRTOS/Source/timers.o
                0x000000000800a2d4                xTimerCreateTimerTask
 .text.xTimerGenericCommand
                0x000000000800a364       0x9c ./Middlewares/Third_Party/FreeRTOS/Source/timers.o
                0x000000000800a364                xTimerGenericCommand
 .text.prvProcessExpiredTimer
                0x000000000800a400       0x98 ./Middlewares/Third_Party/FreeRTOS/Source/timers.o
 .text.prvTimerTask
                0x000000000800a498       0x24 ./Middlewares/Third_Party/FreeRTOS/Source/timers.o
 .text.prvProcessTimerOrBlockTask
                0x000000000800a4bc       0x9c ./Middlewares/Third_Party/FreeRTOS/Source/timers.o
 .text.prvGetNextExpireTime
                0x000000000800a558       0x48 ./Middlewares/Third_Party/FreeRTOS/Source/timers.o
 .text.prvSampleTimeNow
                0x000000000800a5a0       0x40 ./Middlewares/Third_Party/FreeRTOS/Source/timers.o
 .text.prvInsertTimerInActiveList
                0x000000000800a5e0       0x84 ./Middlewares/Third_Party/FreeRTOS/Source/timers.o
 .text.prvProcessReceivedCommands
                0x000000000800a664      0x1c4 ./Middlewares/Third_Party/FreeRTOS/Source/timers.o
 .text.prvSwitchTimerLists
                0x000000000800a828       0xc8 ./Middlewares/Third_Party/FreeRTOS/Source/timers.o
 .text.prvCheckForValidListAndQueue
                0x000000000800a8f0       0x80 ./Middlewares/Third_Party/FreeRTOS/Source/timers.o
 .text.pxPortInitialiseStack
                0x000000000800a970       0x68 ./Middlewares/Third_Party/FreeRTOS/Source/portable/GCC/ARM_CM4F/port.o
                0x000000000800a970                pxPortInitialiseStack
 .text.prvTaskExitError
                0x000000000800a9d8       0x58 ./Middlewares/Third_Party/FreeRTOS/Source/portable/GCC/ARM_CM4F/port.o
 .text.SVC_Handler
                0x000000000800aa30       0x28 ./Middlewares/Third_Party/FreeRTOS/Source/portable/GCC/ARM_CM4F/port.o
                0x000000000800aa30                SVC_Handler
 .text.prvPortStartFirstTask
                0x000000000800aa58       0x28 ./Middlewares/Third_Party/FreeRTOS/Source/portable/GCC/ARM_CM4F/port.o
 .text.xPortStartScheduler
                0x000000000800aa80      0x144 ./Middlewares/Third_Party/FreeRTOS/Source/portable/GCC/ARM_CM4F/port.o
                0x000000000800aa80                xPortStartScheduler
 .text.vPortEnterCritical
                0x000000000800abc4       0x60 ./Middlewares/Third_Party/FreeRTOS/Source/portable/GCC/ARM_CM4F/port.o
                0x000000000800abc4                vPortEnterCritical
 .text.vPortExitCritical
                0x000000000800ac24       0x54 ./Middlewares/Third_Party/FreeRTOS/Source/portable/GCC/ARM_CM4F/port.o
                0x000000000800ac24                vPortExitCritical
 *fill*         0x000000000800ac78        0x8 
 .text.PendSV_Handler
                0x000000000800ac80       0x68 ./Middlewares/Third_Party/FreeRTOS/Source/portable/GCC/ARM_CM4F/port.o
                0x000000000800ac80                PendSV_Handler
 .text.xPortSysTickHandler
                0x000000000800ace8       0x44 ./Middlewares/Third_Party/FreeRTOS/Source/portable/GCC/ARM_CM4F/port.o
                0x000000000800ace8                xPortSysTickHandler
 .text.vPortSetupTimerInterrupt
                0x000000000800ad2c       0x48 ./Middlewares/Third_Party/FreeRTOS/Source/portable/GCC/ARM_CM4F/port.o
                0x000000000800ad2c                vPortSetupTimerInterrupt
 .text.vPortEnableVFP
                0x000000000800ad74       0x14 ./Middlewares/Third_Party/FreeRTOS/Source/portable/GCC/ARM_CM4F/port.o
 .text.vPortValidateInterruptPriority
                0x000000000800ad88       0x80 ./Middlewares/Third_Party/FreeRTOS/Source/portable/GCC/ARM_CM4F/port.o
                0x000000000800ad88                vPortValidateInterruptPriority
 .text.pvPortMalloc
                0x000000000800ae08      0x198 ./Middlewares/Third_Party/FreeRTOS/Source/portable/MemMang/heap_4.o
                0x000000000800ae08                pvPortMalloc
 .text.vPortFree
                0x000000000800afa0       0xc4 ./Middlewares/Third_Party/FreeRTOS/Source/portable/MemMang/heap_4.o
                0x000000000800afa0                vPortFree
 .text.prvHeapInit
                0x000000000800b064       0xc4 ./Middlewares/Third_Party/FreeRTOS/Source/portable/MemMang/heap_4.o
 .text.prvInsertBlockIntoFreeList
                0x000000000800b128       0xb4 ./Middlewares/Third_Party/FreeRTOS/Source/portable/MemMang/heap_4.o
 .text.MX_USB_DEVICE_Init
                0x000000000800b1dc       0x60 ./USB_DEVICE/App/usb_device.o
                0x000000000800b1dc                MX_USB_DEVICE_Init
 .text.CDC_Init_FS
                0x000000000800b23c       0x28 ./USB_DEVICE/App/usbd_cdc_if.o
 .text.CDC_DeInit_FS
                0x000000000800b264       0x10 ./USB_DEVICE/App/usbd_cdc_if.o
 .text.CDC_Control_FS
                0x000000000800b274       0xbc ./USB_DEVICE/App/usbd_cdc_if.o
 .text.CDC_Receive_FS
                0x000000000800b330       0x60 ./USB_DEVICE/App/usbd_cdc_if.o
 .text.CDC_Transmit_FS
                0x000000000800b390       0x5c ./USB_DEVICE/App/usbd_cdc_if.o
                0x000000000800b390                CDC_Transmit_FS
 .text.CDC_Receiveq_FS
                0x000000000800b3ec       0x2c ./USB_DEVICE/App/usbd_cdc_if.o
                0x000000000800b3ec                CDC_Receiveq_FS
 .text.queue_print
                0x000000000800b418       0x4c ./USB_DEVICE/App/usbd_cdc_if.o
                0x000000000800b418                queue_print
 .text.Print_Task
                0x000000000800b464       0x4c ./USB_DEVICE/App/usbd_cdc_if.o
                0x000000000800b464                Print_Task
 .text.CDC_TransmitCplt_FS
                0x000000000800b4b0       0x50 ./USB_DEVICE/App/usbd_cdc_if.o
 .text.init_usb_rtos_obj
                0x000000000800b500       0x84 ./USB_DEVICE/App/usbd_cdc_if.o
                0x000000000800b500                init_usb_rtos_obj
 .text.USBD_FS_DeviceDescriptor
                0x000000000800b584       0x24 ./USB_DEVICE/App/usbd_desc.o
                0x000000000800b584                USBD_FS_DeviceDescriptor
 .text.USBD_FS_LangIDStrDescriptor
                0x000000000800b5a8       0x24 ./USB_DEVICE/App/usbd_desc.o
                0x000000000800b5a8                USBD_FS_LangIDStrDescriptor
 .text.USBD_FS_ProductStrDescriptor
                0x000000000800b5cc       0x3c ./USB_DEVICE/App/usbd_desc.o
                0x000000000800b5cc                USBD_FS_ProductStrDescriptor
 .text.USBD_FS_ManufacturerStrDescriptor
                0x000000000800b608       0x28 ./USB_DEVICE/App/usbd_desc.o
                0x000000000800b608                USBD_FS_ManufacturerStrDescriptor
 .text.USBD_FS_SerialStrDescriptor
                0x000000000800b630       0x24 ./USB_DEVICE/App/usbd_desc.o
                0x000000000800b630                USBD_FS_SerialStrDescriptor
 .text.USBD_FS_ConfigStrDescriptor
                0x000000000800b654       0x3c ./USB_DEVICE/App/usbd_desc.o
                0x000000000800b654                USBD_FS_ConfigStrDescriptor
 .text.USBD_FS_InterfaceStrDescriptor
                0x000000000800b690       0x3c ./USB_DEVICE/App/usbd_desc.o
                0x000000000800b690                USBD_FS_InterfaceStrDescriptor
 .text.Get_SerialNum
                0x000000000800b6cc       0x58 ./USB_DEVICE/App/usbd_desc.o
 .text.IntToUnicode
                0x000000000800b724       0x7e ./USB_DEVICE/App/usbd_desc.o
 *fill*         0x000000000800b7a2        0x2 
 .text.HAL_PCD_MspInit
                0x000000000800b7a4       0xc4 ./USB_DEVICE/Target/usbd_conf.o
                0x000000000800b7a4                HAL_PCD_MspInit
 .text.HAL_PCD_SetupStageCallback
                0x000000000800b868       0x24 ./USB_DEVICE/Target/usbd_conf.o
                0x000000000800b868                HAL_PCD_SetupStageCallback
 .text.HAL_PCD_DataOutStageCallback
                0x000000000800b88c       0x36 ./USB_DEVICE/Target/usbd_conf.o
                0x000000000800b88c                HAL_PCD_DataOutStageCallback
 .text.HAL_PCD_DataInStageCallback
                0x000000000800b8c2       0x34 ./USB_DEVICE/Target/usbd_conf.o
                0x000000000800b8c2                HAL_PCD_DataInStageCallback
 .text.HAL_PCD_SOFCallback
                0x000000000800b8f6       0x1c ./USB_DEVICE/Target/usbd_conf.o
                0x000000000800b8f6                HAL_PCD_SOFCallback
 .text.HAL_PCD_ResetCallback
                0x000000000800b912       0x50 ./USB_DEVICE/Target/usbd_conf.o
                0x000000000800b912                HAL_PCD_ResetCallback
 *fill*         0x000000000800b962        0x2 
 .text.HAL_PCD_SuspendCallback
                0x000000000800b964       0x4c ./USB_DEVICE/Target/usbd_conf.o
                0x000000000800b964                HAL_PCD_SuspendCallback
 .text.HAL_PCD_ResumeCallback
                0x000000000800b9b0       0x1c ./USB_DEVICE/Target/usbd_conf.o
                0x000000000800b9b0                HAL_PCD_ResumeCallback
 .text.HAL_PCD_ISOOUTIncompleteCallback
                0x000000000800b9cc       0x24 ./USB_DEVICE/Target/usbd_conf.o
                0x000000000800b9cc                HAL_PCD_ISOOUTIncompleteCallback
 .text.HAL_PCD_ISOINIncompleteCallback
                0x000000000800b9f0       0x24 ./USB_DEVICE/Target/usbd_conf.o
                0x000000000800b9f0                HAL_PCD_ISOINIncompleteCallback
 .text.HAL_PCD_ConnectCallback
                0x000000000800ba14       0x1c ./USB_DEVICE/Target/usbd_conf.o
                0x000000000800ba14                HAL_PCD_ConnectCallback
 .text.HAL_PCD_DisconnectCallback
                0x000000000800ba30       0x1c ./USB_DEVICE/Target/usbd_conf.o
                0x000000000800ba30                HAL_PCD_DisconnectCallback
 .text.USBD_LL_Init
                0x000000000800ba4c       0x98 ./USB_DEVICE/Target/usbd_conf.o
                0x000000000800ba4c                USBD_LL_Init
 .text.USBD_LL_Start
                0x000000000800bae4       0x36 ./USB_DEVICE/Target/usbd_conf.o
                0x000000000800bae4                USBD_LL_Start
 .text.USBD_LL_OpenEP
                0x000000000800bb1a       0x4c ./USB_DEVICE/Target/usbd_conf.o
                0x000000000800bb1a                USBD_LL_OpenEP
 .text.USBD_LL_CloseEP
                0x000000000800bb66       0x3e ./USB_DEVICE/Target/usbd_conf.o
                0x000000000800bb66                USBD_LL_CloseEP
 .text.USBD_LL_StallEP
                0x000000000800bba4       0x3e ./USB_DEVICE/Target/usbd_conf.o
                0x000000000800bba4                USBD_LL_StallEP
 .text.USBD_LL_ClearStallEP
                0x000000000800bbe2       0x3e ./USB_DEVICE/Target/usbd_conf.o
                0x000000000800bbe2                USBD_LL_ClearStallEP
 .text.USBD_LL_IsStallEP
                0x000000000800bc20       0x58 ./USB_DEVICE/Target/usbd_conf.o
                0x000000000800bc20                USBD_LL_IsStallEP
 .text.USBD_LL_SetUSBAddress
                0x000000000800bc78       0x3e ./USB_DEVICE/Target/usbd_conf.o
                0x000000000800bc78                USBD_LL_SetUSBAddress
 .text.USBD_LL_Transmit
                0x000000000800bcb6       0x42 ./USB_DEVICE/Target/usbd_conf.o
                0x000000000800bcb6                USBD_LL_Transmit
 .text.USBD_LL_PrepareReceive
                0x000000000800bcf8       0x42 ./USB_DEVICE/Target/usbd_conf.o
                0x000000000800bcf8                USBD_LL_PrepareReceive
 .text.USBD_LL_GetRxDataSize
                0x000000000800bd3a       0x26 ./USB_DEVICE/Target/usbd_conf.o
                0x000000000800bd3a                USBD_LL_GetRxDataSize
 .text.USBD_static_malloc
                0x000000000800bd60       0x1c ./USB_DEVICE/Target/usbd_conf.o
                0x000000000800bd60                USBD_static_malloc
 .text.USBD_static_free
                0x000000000800bd7c       0x14 ./USB_DEVICE/Target/usbd_conf.o
                0x000000000800bd7c                USBD_static_free
 .text.USBD_Get_USB_Status
                0x000000000800bd90       0x58 ./USB_DEVICE/Target/usbd_conf.o
                0x000000000800bd90                USBD_Get_USB_Status
 .text.__errno  0x000000000800bde8        0xc c:/st/stm32cubeide_1.10.1/stm32cubeide/plugins/com.st.stm32cube.ide.mcu.externaltools.gnu-tools-for-stm32.10.3-2021.10.win32_1.0.0.202111181127/tools/bin/../lib/gcc/arm-none-eabi/10.3.1/../../../../arm-none-eabi/lib/thumb/v7e-m+fp/hard\libc_nano.a(lib_a-errno.o)
                0x000000000800bde8                __errno
 .text.__libc_init_array
                0x000000000800bdf4       0x48 c:/st/stm32cubeide_1.10.1/stm32cubeide/plugins/com.st.stm32cube.ide.mcu.externaltools.gnu-tools-for-stm32.10.3-2021.10.win32_1.0.0.202111181127/tools/bin/../lib/gcc/arm-none-eabi/10.3.1/../../../../arm-none-eabi/lib/thumb/v7e-m+fp/hard\libc_nano.a(lib_a-init.o)
                0x000000000800bdf4                __libc_init_array
 .text.__retarget_lock_acquire_recursive
                0x000000000800be3c        0x2 c:/st/stm32cubeide_1.10.1/stm32cubeide/plugins/com.st.stm32cube.ide.mcu.externaltools.gnu-tools-for-stm32.10.3-2021.10.win32_1.0.0.202111181127/tools/bin/../lib/gcc/arm-none-eabi/10.3.1/../../../../arm-none-eabi/lib/thumb/v7e-m+fp/hard\libc_nano.a(lib_a-lock.o)
                0x000000000800be3c                __retarget_lock_acquire_recursive
 .text.__retarget_lock_release_recursive
                0x000000000800be3e        0x2 c:/st/stm32cubeide_1.10.1/stm32cubeide/plugins/com.st.stm32cube.ide.mcu.externaltools.gnu-tools-for-stm32.10.3-2021.10.win32_1.0.0.202111181127/tools/bin/../lib/gcc/arm-none-eabi/10.3.1/../../../../arm-none-eabi/lib/thumb/v7e-m+fp/hard\libc_nano.a(lib_a-lock.o)
                0x000000000800be3e                __retarget_lock_release_recursive
 .text.memcpy   0x000000000800be40       0x1c c:/st/stm32cubeide_1.10.1/stm32cubeide/plugins/com.st.stm32cube.ide.mcu.externaltools.gnu-tools-for-stm32.10.3-2021.10.win32_1.0.0.202111181127/tools/bin/../lib/gcc/arm-none-eabi/10.3.1/../../../../arm-none-eabi/lib/thumb/v7e-m+fp/hard\libc_nano.a(lib_a-memcpy-stub.o)
                0x000000000800be40                memcpy
 .text.memset   0x000000000800be5c       0x10 c:/st/stm32cubeide_1.10.1/stm32cubeide/plugins/com.st.stm32cube.ide.mcu.externaltools.gnu-tools-for-stm32.10.3-2021.10.win32_1.0.0.202111181127/tools/bin/../lib/gcc/arm-none-eabi/10.3.1/../../../../arm-none-eabi/lib/thumb/v7e-m+fp/hard\libc_nano.a(lib_a-memset.o)
                0x000000000800be5c                memset
 .text.sbrk_aligned
                0x000000000800be6c       0x40 c:/st/stm32cubeide_1.10.1/stm32cubeide/plugins/com.st.stm32cube.ide.mcu.externaltools.gnu-tools-for-stm32.10.3-2021.10.win32_1.0.0.202111181127/tools/bin/../lib/gcc/arm-none-eabi/10.3.1/../../../../arm-none-eabi/lib/thumb/v7e-m+fp/hard\libc_nano.a(lib_a-nano-mallocr.o)
 .text._malloc_r
                0x000000000800beac       0xe8 c:/st/stm32cubeide_1.10.1/stm32cubeide/plugins/com.st.stm32cube.ide.mcu.externaltools.gnu-tools-for-stm32.10.3-2021.10.win32_1.0.0.202111181127/tools/bin/../lib/gcc/arm-none-eabi/10.3.1/../../../../arm-none-eabi/lib/thumb/v7e-m+fp/hard\libc_nano.a(lib_a-nano-mallocr.o)
                0x000000000800beac                _malloc_r
 .text.cleanup_glue
                0x000000000800bf94       0x1a c:/st/stm32cubeide_1.10.1/stm32cubeide/plugins/com.st.stm32cube.ide.mcu.externaltools.gnu-tools-for-stm32.10.3-2021.10.win32_1.0.0.202111181127/tools/bin/../lib/gcc/arm-none-eabi/10.3.1/../../../../arm-none-eabi/lib/thumb/v7e-m+fp/hard\libc_nano.a(lib_a-reent.o)
                0x000000000800bf94                cleanup_glue
 *fill*         0x000000000800bfae        0x2 
 .text._reclaim_reent
                0x000000000800bfb0       0xb8 c:/st/stm32cubeide_1.10.1/stm32cubeide/plugins/com.st.stm32cube.ide.mcu.externaltools.gnu-tools-for-stm32.10.3-2021.10.win32_1.0.0.202111181127/tools/bin/../lib/gcc/arm-none-eabi/10.3.1/../../../../arm-none-eabi/lib/thumb/v7e-m+fp/hard\libc_nano.a(lib_a-reent.o)
                0x000000000800bfb0                _reclaim_reent
 .text._sbrk_r  0x000000000800c068       0x20 c:/st/stm32cubeide_1.10.1/stm32cubeide/plugins/com.st.stm32cube.ide.mcu.externaltools.gnu-tools-for-stm32.10.3-2021.10.win32_1.0.0.202111181127/tools/bin/../lib/gcc/arm-none-eabi/10.3.1/../../../../arm-none-eabi/lib/thumb/v7e-m+fp/hard\libc_nano.a(lib_a-sbrkr.o)
                0x000000000800c068                _sbrk_r
 .text.sprintf  0x000000000800c088       0x40 c:/st/stm32cubeide_1.10.1/stm32cubeide/plugins/com.st.stm32cube.ide.mcu.externaltools.gnu-tools-for-stm32.10.3-2021.10.win32_1.0.0.202111181127/tools/bin/../lib/gcc/arm-none-eabi/10.3.1/../../../../arm-none-eabi/lib/thumb/v7e-m+fp/hard\libc_nano.a(lib_a-sprintf.o)
                0x000000000800c088                siprintf
                0x000000000800c088                sprintf
 .text.strcpy   0x000000000800c0c8       0x10 c:/st/stm32cubeide_1.10.1/stm32cubeide/plugins/com.st.stm32cube.ide.mcu.externaltools.gnu-tools-for-stm32.10.3-2021.10.win32_1.0.0.202111181127/tools/bin/../lib/gcc/arm-none-eabi/10.3.1/../../../../arm-none-eabi/lib/thumb/v7e-m+fp/hard\libc_nano.a(lib_a-strcpy.o)
                0x000000000800c0c8                strcpy
 .text.strncmp  0x000000000800c0d8       0x28 c:/st/stm32cubeide_1.10.1/stm32cubeide/plugins/com.st.stm32cube.ide.mcu.externaltools.gnu-tools-for-stm32.10.3-2021.10.win32_1.0.0.202111181127/tools/bin/../lib/gcc/arm-none-eabi/10.3.1/../../../../arm-none-eabi/lib/thumb/v7e-m+fp/hard\libc_nano.a(lib_a-strncmp.o)
                0x000000000800c0d8                strncmp
 .text.strncpy  0x000000000800c100       0x26 c:/st/stm32cubeide_1.10.1/stm32cubeide/plugins/com.st.stm32cube.ide.mcu.externaltools.gnu-tools-for-stm32.10.3-2021.10.win32_1.0.0.202111181127/tools/bin/../lib/gcc/arm-none-eabi/10.3.1/../../../../arm-none-eabi/lib/thumb/v7e-m+fp/hard\libc_nano.a(lib_a-strncpy.o)
                0x000000000800c100                strncpy
 *fill*         0x000000000800c126        0x2 
 .text.__malloc_lock
                0x000000000800c128        0xc c:/st/stm32cubeide_1.10.1/stm32cubeide/plugins/com.st.stm32cube.ide.mcu.externaltools.gnu-tools-for-stm32.10.3-2021.10.win32_1.0.0.202111181127/tools/bin/../lib/gcc/arm-none-eabi/10.3.1/../../../../arm-none-eabi/lib/thumb/v7e-m+fp/hard\libc_nano.a(lib_a-mlock.o)
                0x000000000800c128                __malloc_lock
 .text.__malloc_unlock
                0x000000000800c134        0xc c:/st/stm32cubeide_1.10.1/stm32cubeide/plugins/com.st.stm32cube.ide.mcu.externaltools.gnu-tools-for-stm32.10.3-2021.10.win32_1.0.0.202111181127/tools/bin/../lib/gcc/arm-none-eabi/10.3.1/../../../../arm-none-eabi/lib/thumb/v7e-m+fp/hard\libc_nano.a(lib_a-mlock.o)
                0x000000000800c134                __malloc_unlock
 .text._free_r  0x000000000800c140       0x98 c:/st/stm32cubeide_1.10.1/stm32cubeide/plugins/com.st.stm32cube.ide.mcu.externaltools.gnu-tools-for-stm32.10.3-2021.10.win32_1.0.0.202111181127/tools/bin/../lib/gcc/arm-none-eabi/10.3.1/../../../../arm-none-eabi/lib/thumb/v7e-m+fp/hard\libc_nano.a(lib_a-nano-freer.o)
                0x000000000800c140                _free_r
 .text.__ssputs_r
                0x000000000800c1d8       0xb6 c:/st/stm32cubeide_1.10.1/stm32cubeide/plugins/com.st.stm32cube.ide.mcu.externaltools.gnu-tools-for-stm32.10.3-2021.10.win32_1.0.0.202111181127/tools/bin/../lib/gcc/arm-none-eabi/10.3.1/../../../../arm-none-eabi/lib/thumb/v7e-m+fp/hard\libc_nano.a(lib_a-nano-svfprintf.o)
                0x000000000800c1d8                __ssputs_r
 *fill*         0x000000000800c28e        0x2 
 .text._svfprintf_r
                0x000000000800c290      0x200 c:/st/stm32cubeide_1.10.1/stm32cubeide/plugins/com.st.stm32cube.ide.mcu.externaltools.gnu-tools-for-stm32.10.3-2021.10.win32_1.0.0.202111181127/tools/bin/../lib/gcc/arm-none-eabi/10.3.1/../../../../arm-none-eabi/lib/thumb/v7e-m+fp/hard\libc_nano.a(lib_a-nano-svfprintf.o)
                0x000000000800c290                _svfiprintf_r
                0x000000000800c290                _svfprintf_r
 .text._printf_common
                0x000000000800c490       0xda c:/st/stm32cubeide_1.10.1/stm32cubeide/plugins/com.st.stm32cube.ide.mcu.externaltools.gnu-tools-for-stm32.10.3-2021.10.win32_1.0.0.202111181127/tools/bin/../lib/gcc/arm-none-eabi/10.3.1/../../../../arm-none-eabi/lib/thumb/v7e-m+fp/hard\libc_nano.a(lib_a-nano-vfprintf_i.o)
                0x000000000800c490                _printf_common
 *fill*         0x000000000800c56a        0x2 
 .text._printf_i
                0x000000000800c56c      0x24c c:/st/stm32cubeide_1.10.1/stm32cubeide/plugins/com.st.stm32cube.ide.mcu.externaltools.gnu-tools-for-stm32.10.3-2021.10.win32_1.0.0.202111181127/tools/bin/../lib/gcc/arm-none-eabi/10.3.1/../../../../arm-none-eabi/lib/thumb/v7e-m+fp/hard\libc_nano.a(lib_a-nano-vfprintf_i.o)
                0x000000000800c56c                _printf_i
 .text.memmove  0x000000000800c7b8       0x34 c:/st/stm32cubeide_1.10.1/stm32cubeide/plugins/com.st.stm32cube.ide.mcu.externaltools.gnu-tools-for-stm32.10.3-2021.10.win32_1.0.0.202111181127/tools/bin/../lib/gcc/arm-none-eabi/10.3.1/../../../../arm-none-eabi/lib/thumb/v7e-m+fp/hard\libc_nano.a(lib_a-memmove.o)
                0x000000000800c7b8                memmove
 .text._realloc_r
                0x000000000800c7ec       0x5e c:/st/stm32cubeide_1.10.1/stm32cubeide/plugins/com.st.stm32cube.ide.mcu.externaltools.gnu-tools-for-stm32.10.3-2021.10.win32_1.0.0.202111181127/tools/bin/../lib/gcc/arm-none-eabi/10.3.1/../../../../arm-none-eabi/lib/thumb/v7e-m+fp/hard\libc_nano.a(lib_a-nano-reallocr.o)
                0x000000000800c7ec                _realloc_r
 .text._malloc_usable_size_r
                0x000000000800c84a       0x10 c:/st/stm32cubeide_1.10.1/stm32cubeide/plugins/com.st.stm32cube.ide.mcu.externaltools.gnu-tools-for-stm32.10.3-2021.10.win32_1.0.0.202111181127/tools/bin/../lib/gcc/arm-none-eabi/10.3.1/../../../../arm-none-eabi/lib/thumb/v7e-m+fp/hard\libc_nano.a(lib_a-nano-msizer.o)
                0x000000000800c84a                _malloc_usable_size_r
 *(.glue_7)
 .glue_7        0x000000000800c85a        0x0 linker stubs
 *(.glue_7t)
 .glue_7t       0x000000000800c85a        0x0 linker stubs
 *(.eh_frame)
 *fill*         0x000000000800c85a        0x2 
 .eh_frame      0x000000000800c85c        0x0 c:/st/stm32cubeide_1.10.1/stm32cubeide/plugins/com.st.stm32cube.ide.mcu.externaltools.gnu-tools-for-stm32.10.3-2021.10.win32_1.0.0.202111181127/tools/bin/../lib/gcc/arm-none-eabi/10.3.1/thumb/v7e-m+fp/hard/crtbegin.o
 *(.init)
 .init          0x000000000800c85c        0x4 c:/st/stm32cubeide_1.10.1/stm32cubeide/plugins/com.st.stm32cube.ide.mcu.externaltools.gnu-tools-for-stm32.10.3-2021.10.win32_1.0.0.202111181127/tools/bin/../lib/gcc/arm-none-eabi/10.3.1/thumb/v7e-m+fp/hard/crti.o
                0x000000000800c85c                _init
 .init          0x000000000800c860        0x8 c:/st/stm32cubeide_1.10.1/stm32cubeide/plugins/com.st.stm32cube.ide.mcu.externaltools.gnu-tools-for-stm32.10.3-2021.10.win32_1.0.0.202111181127/tools/bin/../lib/gcc/arm-none-eabi/10.3.1/thumb/v7e-m+fp/hard/crtn.o
 *(.fini)
 .fini          0x000000000800c868        0x4 c:/st/stm32cubeide_1.10.1/stm32cubeide/plugins/com.st.stm32cube.ide.mcu.externaltools.gnu-tools-for-stm32.10.3-2021.10.win32_1.0.0.202111181127/tools/bin/../lib/gcc/arm-none-eabi/10.3.1/thumb/v7e-m+fp/hard/crti.o
                0x000000000800c868                _fini
 .fini          0x000000000800c86c        0x8 c:/st/stm32cubeide_1.10.1/stm32cubeide/plugins/com.st.stm32cube.ide.mcu.externaltools.gnu-tools-for-stm32.10.3-2021.10.win32_1.0.0.202111181127/tools/bin/../lib/gcc/arm-none-eabi/10.3.1/thumb/v7e-m+fp/hard/crtn.o
                0x000000000800c874                . = ALIGN (0x4)
                0x000000000800c874                _etext = .

.vfp11_veneer   0x000000000800c874        0x0
 .vfp11_veneer  0x000000000800c874        0x0 linker stubs

.v4_bx          0x000000000800c874        0x0
 .v4_bx         0x000000000800c874        0x0 linker stubs

.iplt           0x000000000800c874        0x0
 .iplt          0x000000000800c874        0x0 c:/st/stm32cubeide_1.10.1/stm32cubeide/plugins/com.st.stm32cube.ide.mcu.externaltools.gnu-tools-for-stm32.10.3-2021.10.win32_1.0.0.202111181127/tools/bin/../lib/gcc/arm-none-eabi/10.3.1/thumb/v7e-m+fp/hard/crtbegin.o

.rodata         0x000000000800c874      0x380
                0x000000000800c874                . = ALIGN (0x4)
 *(.rodata)
 .rodata        0x000000000800c874       0xe0 ./Core/Src/FreeRTOS_CLI.o
 .rodata        0x000000000800c954      0x11d ./Core/Src/main.o
 *fill*         0x000000000800ca71        0x3 
 .rodata        0x000000000800ca74       0x17 ./Middlewares/Third_Party/FreeRTOS/Source/tasks.o
 *fill*         0x000000000800ca8b        0x1 
 .rodata        0x000000000800ca8c        0xd ./Middlewares/Third_Party/FreeRTOS/Source/timers.o
 *fill*         0x000000000800ca99        0x3 
 .rodata        0x000000000800ca9c        0xb ./USB_DEVICE/App/usbd_cdc_if.o
 *fill*         0x000000000800caa7        0x1 
 .rodata        0x000000000800caa8       0x46 ./USB_DEVICE/App/usbd_desc.o
 *(.rodata*)
 *fill*         0x000000000800caee        0x2 
 .rodata.xHelpCommand
                0x000000000800caf0       0x10 ./Core/Src/FreeRTOS_CLI.o
 .rodata.defaultTask_attributes
                0x000000000800cb00       0x24 ./Core/Src/main.o
                0x000000000800cb00                defaultTask_attributes
 .rodata.xTasksCommand
                0x000000000800cb24       0x10 ./Core/Src/main.o
 .rodata.xTasksTexto
                0x000000000800cb34       0x10 ./Core/Src/main.o
 .rodata.pcWelcomeMessage.2
                0x000000000800cb44        0x4 ./Core/Src/main.o
 .rodata.AHBPrescTable
                0x000000000800cb48       0x10 ./Core/Src/system_stm32f4xx.o
                0x000000000800cb48                AHBPrescTable
 .rodata.APBPrescTable
                0x000000000800cb58        0x8 ./Core/Src/system_stm32f4xx.o
                0x000000000800cb58                APBPrescTable
 .rodata.__sf_fake_stderr
                0x000000000800cb60       0x20 c:/st/stm32cubeide_1.10.1/stm32cubeide/plugins/com.st.stm32cube.ide.mcu.externaltools.gnu-tools-for-stm32.10.3-2021.10.win32_1.0.0.202111181127/tools/bin/../lib/gcc/arm-none-eabi/10.3.1/../../../../arm-none-eabi/lib/thumb/v7e-m+fp/hard\libc_nano.a(lib_a-findfp.o)
                0x000000000800cb60                __sf_fake_stderr
 .rodata.__sf_fake_stdin
                0x000000000800cb80       0x20 c:/st/stm32cubeide_1.10.1/stm32cubeide/plugins/com.st.stm32cube.ide.mcu.externaltools.gnu-tools-for-stm32.10.3-2021.10.win32_1.0.0.202111181127/tools/bin/../lib/gcc/arm-none-eabi/10.3.1/../../../../arm-none-eabi/lib/thumb/v7e-m+fp/hard\libc_nano.a(lib_a-findfp.o)
                0x000000000800cb80                __sf_fake_stdin
 .rodata.__sf_fake_stdout
                0x000000000800cba0       0x20 c:/st/stm32cubeide_1.10.1/stm32cubeide/plugins/com.st.stm32cube.ide.mcu.externaltools.gnu-tools-for-stm32.10.3-2021.10.win32_1.0.0.202111181127/tools/bin/../lib/gcc/arm-none-eabi/10.3.1/../../../../arm-none-eabi/lib/thumb/v7e-m+fp/hard\libc_nano.a(lib_a-findfp.o)
                0x000000000800cba0                __sf_fake_stdout
 .rodata._svfprintf_r.str1.1
                0x000000000800cbc0       0x11 c:/st/stm32cubeide_1.10.1/stm32cubeide/plugins/com.st.stm32cube.ide.mcu.externaltools.gnu-tools-for-stm32.10.3-2021.10.win32_1.0.0.202111181127/tools/bin/../lib/gcc/arm-none-eabi/10.3.1/../../../../arm-none-eabi/lib/thumb/v7e-m+fp/hard\libc_nano.a(lib_a-nano-svfprintf.o)
 .rodata._printf_i.str1.1
                0x000000000800cbd1       0x22 c:/st/stm32cubeide_1.10.1/stm32cubeide/plugins/com.st.stm32cube.ide.mcu.externaltools.gnu-tools-for-stm32.10.3-2021.10.win32_1.0.0.202111181127/tools/bin/../lib/gcc/arm-none-eabi/10.3.1/../../../../arm-none-eabi/lib/thumb/v7e-m+fp/hard\libc_nano.a(lib_a-nano-vfprintf_i.o)
                0x000000000800cbf4                . = ALIGN (0x4)
 *fill*         0x000000000800cbf3        0x1 

.ARM.extab      0x000000000800cbf4        0x0
                0x000000000800cbf4                . = ALIGN (0x4)
 *(.ARM.extab* .gnu.linkonce.armextab.*)
                0x000000000800cbf4                . = ALIGN (0x4)

.ARM            0x000000000800cbf4        0x8
                0x000000000800cbf4                . = ALIGN (0x4)
                0x000000000800cbf4                __exidx_start = .
 *(.ARM.exidx*)
 .ARM.exidx     0x000000000800cbf4        0x8 c:/st/stm32cubeide_1.10.1/stm32cubeide/plugins/com.st.stm32cube.ide.mcu.externaltools.gnu-tools-for-stm32.10.3-2021.10.win32_1.0.0.202111181127/tools/bin/../lib/gcc/arm-none-eabi/10.3.1/thumb/v7e-m+fp/hard\libgcc.a(_udivmoddi4.o)
                0x000000000800cbfc                __exidx_end = .
                0x000000000800cbfc                . = ALIGN (0x4)

.rel.dyn        0x000000000800cbfc        0x0
 .rel.iplt      0x000000000800cbfc        0x0 c:/st/stm32cubeide_1.10.1/stm32cubeide/plugins/com.st.stm32cube.ide.mcu.externaltools.gnu-tools-for-stm32.10.3-2021.10.win32_1.0.0.202111181127/tools/bin/../lib/gcc/arm-none-eabi/10.3.1/thumb/v7e-m+fp/hard/crtbegin.o

.preinit_array  0x000000000800cbfc        0x0
                0x000000000800cbfc                . = ALIGN (0x4)
                0x000000000800cbfc                PROVIDE (__preinit_array_start = .)
 *(.preinit_array*)
                0x000000000800cbfc                PROVIDE (__preinit_array_end = .)
                0x000000000800cbfc                . = ALIGN (0x4)

.init_array     0x000000000800cbfc        0x4
                0x000000000800cbfc                . = ALIGN (0x4)
                0x000000000800cbfc                PROVIDE (__init_array_start = .)
 *(SORT_BY_NAME(.init_array.*))
 *(.init_array*)
 .init_array    0x000000000800cbfc        0x4 c:/st/stm32cubeide_1.10.1/stm32cubeide/plugins/com.st.stm32cube.ide.mcu.externaltools.gnu-tools-for-stm32.10.3-2021.10.win32_1.0.0.202111181127/tools/bin/../lib/gcc/arm-none-eabi/10.3.1/thumb/v7e-m+fp/hard/crtbegin.o
                0x000000000800cc00                PROVIDE (__init_array_end = .)
                0x000000000800cc00                . = ALIGN (0x4)

.fini_array     0x000000000800cc00        0x4
                0x000000000800cc00                . = ALIGN (0x4)
                [!provide]                        PROVIDE (__fini_array_start = .)
 *(SORT_BY_NAME(.fini_array.*))
 *(.fini_array*)
 .fini_array    0x000000000800cc00        0x4 c:/st/stm32cubeide_1.10.1/stm32cubeide/plugins/com.st.stm32cube.ide.mcu.externaltools.gnu-tools-for-stm32.10.3-2021.10.win32_1.0.0.202111181127/tools/bin/../lib/gcc/arm-none-eabi/10.3.1/thumb/v7e-m+fp/hard/crtbegin.o
                [!provide]                        PROVIDE (__fini_array_end = .)
                0x000000000800cc04                . = ALIGN (0x4)
                0x000000000800cc04                _sidata = LOADADDR (.data)

.data           0x0000000020000000      0x170 load address 0x000000000800cc04
                0x0000000020000000                . = ALIGN (0x4)
                0x0000000020000000                _sdata = .
 *(.data)
 *(.data*)
 .data.xRegisteredCommands
                0x0000000020000000        0x8 ./Core/Src/FreeRTOS_CLI.o
 .data.pxLastCommandInList.2
                0x0000000020000008        0x4 ./Core/Src/FreeRTOS_CLI.o
 .data.SystemCoreClock
                0x000000002000000c        0x4 ./Core/Src/system_stm32f4xx.o
                0x000000002000000c                SystemCoreClock
 .data.uwTickPrio
                0x0000000020000010        0x4 ./Drivers/STM32F4xx_HAL_Driver/Src/stm32f4xx_hal.o
                0x0000000020000010                uwTickPrio
 .data.uwTickFreq
                0x0000000020000014        0x1 ./Drivers/STM32F4xx_HAL_Driver/Src/stm32f4xx_hal.o
                0x0000000020000014                uwTickFreq
 *fill*         0x0000000020000015        0x3 
 .data.USBD_CDC_DeviceQualifierDesc
                0x0000000020000018        0xa ./Middlewares/ST/STM32_USB_Device_Library/Class/CDC/Src/usbd_cdc.o
 *fill*         0x0000000020000022        0x2 
 .data.USBD_CDC
                0x0000000020000024       0x38 ./Middlewares/ST/STM32_USB_Device_Library/Class/CDC/Src/usbd_cdc.o
                0x0000000020000024                USBD_CDC
 .data.USBD_CDC_CfgDesc
                0x000000002000005c       0x43 ./Middlewares/ST/STM32_USB_Device_Library/Class/CDC/Src/usbd_cdc.o
 .data.CDCInEpAdd
                0x000000002000009f        0x1 ./Middlewares/ST/STM32_USB_Device_Library/Class/CDC/Src/usbd_cdc.o
 .data.CDCOutEpAdd
                0x00000000200000a0        0x1 ./Middlewares/ST/STM32_USB_Device_Library/Class/CDC/Src/usbd_cdc.o
 .data.CDCCmdEpAdd
                0x00000000200000a1        0x1 ./Middlewares/ST/STM32_USB_Device_Library/Class/CDC/Src/usbd_cdc.o
 *fill*         0x00000000200000a2        0x2 
 .data.uxCriticalNesting
                0x00000000200000a4        0x4 ./Middlewares/Third_Party/FreeRTOS/Source/portable/GCC/ARM_CM4F/port.o
 .data.USBD_Interface_fops_FS
                0x00000000200000a8       0x14 ./USB_DEVICE/App/usbd_cdc_if.o
                0x00000000200000a8                USBD_Interface_fops_FS
 .data.FS_Desc  0x00000000200000bc       0x1c ./USB_DEVICE/App/usbd_desc.o
                0x00000000200000bc                FS_Desc
 .data.USBD_FS_DeviceDesc
                0x00000000200000d8       0x12 ./USB_DEVICE/App/usbd_desc.o
                0x00000000200000d8                USBD_FS_DeviceDesc
 *fill*         0x00000000200000ea        0x2 
 .data.USBD_LangIDDesc
                0x00000000200000ec        0x4 ./USB_DEVICE/App/usbd_desc.o
                0x00000000200000ec                USBD_LangIDDesc
 .data.USBD_StringSerial
                0x00000000200000f0       0x1a ./USB_DEVICE/App/usbd_desc.o
                0x00000000200000f0                USBD_StringSerial
 *fill*         0x000000002000010a        0x2 
 .data._impure_ptr
                0x000000002000010c        0x4 c:/st/stm32cubeide_1.10.1/stm32cubeide/plugins/com.st.stm32cube.ide.mcu.externaltools.gnu-tools-for-stm32.10.3-2021.10.win32_1.0.0.202111181127/tools/bin/../lib/gcc/arm-none-eabi/10.3.1/../../../../arm-none-eabi/lib/thumb/v7e-m+fp/hard\libc_nano.a(lib_a-impure.o)
                0x000000002000010c                _impure_ptr
 .data.impure_data
                0x0000000020000110       0x60 c:/st/stm32cubeide_1.10.1/stm32cubeide/plugins/com.st.stm32cube.ide.mcu.externaltools.gnu-tools-for-stm32.10.3-2021.10.win32_1.0.0.202111181127/tools/bin/../lib/gcc/arm-none-eabi/10.3.1/../../../../arm-none-eabi/lib/thumb/v7e-m+fp/hard\libc_nano.a(lib_a-impure.o)
 *(.RamFunc)
 *(.RamFunc*)
                0x0000000020000170                . = ALIGN (0x4)
                0x0000000020000170                _edata = .
                0x000000000800cd74                _siccmram = LOADADDR (.ccmram)

.igot.plt       0x0000000020000170        0x0 load address 0x000000000800cd74
 .igot.plt      0x0000000020000170        0x0 c:/st/stm32cubeide_1.10.1/stm32cubeide/plugins/com.st.stm32cube.ide.mcu.externaltools.gnu-tools-for-stm32.10.3-2021.10.win32_1.0.0.202111181127/tools/bin/../lib/gcc/arm-none-eabi/10.3.1/thumb/v7e-m+fp/hard/crtbegin.o

.ccmram         0x0000000010000000        0x0 load address 0x000000000800cd74
                0x0000000010000000                . = ALIGN (0x4)