../USB_DEVICE/App/usbd_cdc_if.c:159:15:CDC_Init_FS	8	static
../USB_DEVICE/App/usbd_cdc_if.c:172:15:CDC_DeInit_FS	4	static
../USB_DEVICE/App/usbd_cdc_if.c:185:15:CDC_Control_FS	16	static
../USB_DEVICE/App/usbd_cdc_if.c:264:15:CDC_Receive_FS	24	static,ignoring_inline_asm
../USB_DEVICE/App/usbd_cdc_if.c:297:9:CDC_Transmit_FS	24	static
../USB_DEVICE/App/usbd_cdc_if.c:327:15:CDC_TransmitCplt_FS	32	static,ignoring_inline_asm
../USB_DEVICE/App/usbd_cdc_if.c:342:6:init_usb_rtos_obj	8	static
../USB_DEVICE/App/usbd_cdc_if.c:352:10:is_usb_on	4	static
../USB_DEVICE/App/usbd_cdc_if.c:364:12:CDC_Receiveq_FS	16	static
../USB_DEVICE/App/usbd_cdc_if.c:368:12:CDC_Receivem_FS	16	static
../USB_DEVICE/App/usbd_cdc_if.c:378:6:queue_print	16	static
../USB_DEVICE/App/usbd_cdc_if.c:397:6:Print_Task	24	static
