../USB_DEVICE/App/usbd_cdc_if.c:152:15:CDC_Init_FS	8	static
../USB_DEVICE/App/usbd_cdc_if.c:165:15:CDC_DeInit_FS	4	static
../USB_DEVICE/App/usbd_cdc_if.c:178:15:CDC_Control_FS	16	static
../USB_DEVICE/App/usbd_cdc_if.c:260:15:CDC_Receive_FS	24	static,ignoring_inline_asm
../USB_DEVICE/App/usbd_cdc_if.c:284:9:CDC_Transmit_FS	24	static
../USB_DEVICE/App/usbd_cdc_if.c:314:15:CDC_TransmitCplt_FS	32	static,ignoring_inline_asm
../USB_DEVICE/App/usbd_cdc_if.c:330:6:init_usb_rtos_obj	16	static
../USB_DEVICE/App/usbd_cdc_if.c:340:10:is_usb_on	4	static
../USB_DEVICE/App/usbd_cdc_if.c:344:12:CDC_Receiveq_FS	24	static
../USB_DEVICE/App/usbd_cdc_if.c:349:6:queue_print	16	static
../USB_DEVICE/App/usbd_cdc_if.c:356:6:Print_Task	792	static
